Archive member included to satisfy reference by file (symbol)

/usr/lib/gcc/arm-none-eabi/9.2.1/thumb/v6-m/nofp/libgcc.a(_dvmd_tls.o)
                              CMakeFiles/midi_try.dir/home/jorgealejandro/.pico/pico-sdk/src/rp2_common/pico_divider/divider.S.obj (__aeabi_idiv0)
/usr/lib/gcc/arm-none-eabi/9.2.1/../../../arm-none-eabi/lib/thumb/v6-m/nofp/libg.a(lib_a-atexit.o)
                              /usr/lib/gcc/arm-none-eabi/9.2.1/../../../arm-none-eabi/lib/thumb/v6-m/nofp/crt0.o (atexit)
/usr/lib/gcc/arm-none-eabi/9.2.1/../../../arm-none-eabi/lib/thumb/v6-m/nofp/libg.a(lib_a-calloc.o)
                              CMakeFiles/midi_try.dir/home/jorgealejandro/.pico/pico-sdk/src/rp2_common/pico_malloc/pico_malloc.c.obj (calloc)
/usr/lib/gcc/arm-none-eabi/9.2.1/../../../arm-none-eabi/lib/thumb/v6-m/nofp/libg.a(lib_a-callocr.o)
                              /usr/lib/gcc/arm-none-eabi/9.2.1/../../../arm-none-eabi/lib/thumb/v6-m/nofp/libg.a(lib_a-calloc.o) (_calloc_r)
/usr/lib/gcc/arm-none-eabi/9.2.1/../../../arm-none-eabi/lib/thumb/v6-m/nofp/libg.a(lib_a-ctype_.o)
                              CMakeFiles/midi_try.dir/home/jorgealejandro/.pico/pico-sdk/lib/tinyusb/src/tusb.c.obj (_ctype_)
/usr/lib/gcc/arm-none-eabi/9.2.1/../../../arm-none-eabi/lib/thumb/v6-m/nofp/libg.a(lib_a-fini.o)
                              /usr/lib/gcc/arm-none-eabi/9.2.1/../../../arm-none-eabi/lib/thumb/v6-m/nofp/crt0.o (__libc_fini_array)
/usr/lib/gcc/arm-none-eabi/9.2.1/../../../arm-none-eabi/lib/thumb/v6-m/nofp/libg.a(lib_a-impure.o)
                              /usr/lib/gcc/arm-none-eabi/9.2.1/../../../arm-none-eabi/lib/thumb/v6-m/nofp/libg.a(lib_a-calloc.o) (_impure_ptr)
/usr/lib/gcc/arm-none-eabi/9.2.1/../../../arm-none-eabi/lib/thumb/v6-m/nofp/libg.a(lib_a-init.o)
                              /usr/lib/gcc/arm-none-eabi/9.2.1/../../../arm-none-eabi/lib/thumb/v6-m/nofp/crt0.o (__libc_init_array)
/usr/lib/gcc/arm-none-eabi/9.2.1/../../../arm-none-eabi/lib/thumb/v6-m/nofp/libg.a(lib_a-malloc.o)
                              CMakeFiles/midi_try.dir/home/jorgealejandro/.pico/pico-sdk/src/rp2_common/pico_malloc/pico_malloc.c.obj (malloc)
/usr/lib/gcc/arm-none-eabi/9.2.1/../../../arm-none-eabi/lib/thumb/v6-m/nofp/libg.a(lib_a-mallocr.o)
                              /usr/lib/gcc/arm-none-eabi/9.2.1/../../../arm-none-eabi/lib/thumb/v6-m/nofp/libg.a(lib_a-callocr.o) (_malloc_r)
/usr/lib/gcc/arm-none-eabi/9.2.1/../../../arm-none-eabi/lib/thumb/v6-m/nofp/libg.a(lib_a-mlock.o)
                              /usr/lib/gcc/arm-none-eabi/9.2.1/../../../arm-none-eabi/lib/thumb/v6-m/nofp/libg.a(lib_a-mallocr.o) (__malloc_lock)
/usr/lib/gcc/arm-none-eabi/9.2.1/../../../arm-none-eabi/lib/thumb/v6-m/nofp/libg.a(lib_a-sbrkr.o)
                              /usr/lib/gcc/arm-none-eabi/9.2.1/../../../arm-none-eabi/lib/thumb/v6-m/nofp/libg.a(lib_a-mallocr.o) (_sbrk_r)
/usr/lib/gcc/arm-none-eabi/9.2.1/../../../arm-none-eabi/lib/thumb/v6-m/nofp/libg.a(lib_a-strlen-stub.o)
                              CMakeFiles/midi_try.dir/usb_descriptors.c.obj (strlen)
/usr/lib/gcc/arm-none-eabi/9.2.1/../../../arm-none-eabi/lib/thumb/v6-m/nofp/libg.a(lib_a-__atexit.o)
                              /usr/lib/gcc/arm-none-eabi/9.2.1/../../../arm-none-eabi/lib/thumb/v6-m/nofp/libg.a(lib_a-atexit.o) (__register_exitproc)
/usr/lib/gcc/arm-none-eabi/9.2.1/../../../arm-none-eabi/lib/thumb/v6-m/nofp/libg.a(lib_a-freer.o)
                              /usr/lib/gcc/arm-none-eabi/9.2.1/../../../arm-none-eabi/lib/thumb/v6-m/nofp/libg.a(lib_a-malloc.o) (_free_r)
/usr/lib/gcc/arm-none-eabi/9.2.1/../../../arm-none-eabi/lib/thumb/v6-m/nofp/libg.a(lib_a-reent.o)
                              /usr/lib/gcc/arm-none-eabi/9.2.1/../../../arm-none-eabi/lib/thumb/v6-m/nofp/libg.a(lib_a-sbrkr.o) (errno)

Allocating common symbols
Common symbol       size              file

sf_table            0x100             CMakeFiles/midi_try.dir/home/jorgealejandro/.pico/pico-sdk/src/rp2_common/pico_float/float_init_rom.c.obj
errno               0x4               /usr/lib/gcc/arm-none-eabi/9.2.1/../../../arm-none-eabi/lib/thumb/v6-m/nofp/libg.a(lib_a-reent.o)
_midid_itf          0x158             CMakeFiles/midi_try.dir/home/jorgealejandro/.pico/pico-sdk/lib/tinyusb/src/class/midi/midi_device.c.obj
_usbd_qdef_buf      0xc0              CMakeFiles/midi_try.dir/home/jorgealejandro/.pico/pico-sdk/lib/tinyusb/src/device/usbd.c.obj
sd_table            0x100             CMakeFiles/midi_try.dir/home/jorgealejandro/.pico/pico-sdk/src/rp2_common/pico_double/double_init_rom.c.obj
uart_char_to_line_feed
                    0x4               CMakeFiles/midi_try.dir/home/jorgealejandro/.pico/pico-sdk/src/rp2_common/hardware_uart/uart.c.obj

Discarded input sections

 .text          0x0000000000000000        0x0 /usr/lib/gcc/arm-none-eabi/9.2.1/thumb/v6-m/nofp/crti.o
 .data          0x0000000000000000        0x0 /usr/lib/gcc/arm-none-eabi/9.2.1/thumb/v6-m/nofp/crti.o
[...]
Memory Configuration

Name             Origin             Length             Attributes
FLASH            0x0000000010000000 0x0000000000200000 xr
RAM              0x0000000020000000 0x0000000000040000 xrw
SCRATCH_X        0x0000000020040000 0x0000000000001000 xrw
SCRATCH_Y        0x0000000020041000 0x0000000000001000 xrw
*default*        0x0000000000000000 0xffffffffffffffff

Linker script and memory map

LOAD /usr/lib/gcc/arm-none-eabi/9.2.1/thumb/v6-m/nofp/crti.o
LOAD /usr/lib/gcc/arm-none-eabi/9.2.1/thumb/v6-m/nofp/crtbegin.o
LOAD /usr/lib/gcc/arm-none-eabi/9.2.1/../../../arm-none-eabi/lib/thumb/v6-m/nofp/crt0.o

.flash_begin    0x0000000010000000        0x0
                0x0000000010000000                __flash_binary_start = .

.boot2          0x0000000010000000      0x100
                0x0000000010000000                __boot2_start__ = .
 *(.boot2)
 .boot2         0x0000000010000000      0x100 /tmp/ccy2y147.o
                0x0000000010000100                __boot2_end__ = .
                0x0000000000000001                ASSERT (((__boot2_end__ - __boot2_start__) == 0x100), ERROR: Pico second stage bootloader must be 256 bytes in size)

.text           0x0000000010000100     0x6a78
                0x0000000010000100                __logical_binary_start = .
 *(.vectors)
 .vectors       0x0000000010000100       0xd4 CMakeFiles/midi_try.dir/home/jorgealejandro/.pico/pico-sdk/src/rp2_common/pico_standard_link/crt0.S.obj
                0x0000000010000100                __vectors
                0x0000000010000100                __VECTOR_TABLE
                0x00000000100001c0                isr_invalid
                0x00000000100001c0                __default_isrs_start
                0x00000000100001c2                isr_nmi
                0x00000000100001c4                isr_hardfault
                0x00000000100001c6                isr_svcall
                0x00000000100001c8                isr_pendsv
                0x00000000100001ca                isr_systick
                0x00000000100001cc                isr_irq30
                0x00000000100001cc                __unhandled_user_irq
                0x00000000100001cc                isr_irq13
                0x00000000100001cc                isr_irq27
                0x00000000100001cc                isr_irq31
                0x00000000100001cc                isr_irq5
                0x00000000100001cc                isr_irq11
                0x00000000100001cc                isr_irq23
                0x00000000100001cc                isr_irq18
                0x00000000100001cc                isr_irq28
                0x00000000100001cc                isr_irq19
                0x00000000100001cc                isr_irq0
                0x00000000100001cc                isr_irq6
                0x00000000100001cc                isr_irq22
                0x00000000100001cc                isr_irq17
                0x00000000100001cc                isr_irq14
                0x00000000100001cc                isr_irq2
                0x00000000100001cc                isr_irq10
                0x00000000100001cc                isr_irq8
                0x00000000100001cc                isr_irq24
                0x00000000100001cc                isr_irq1
                0x00000000100001cc                isr_irq7
                0x00000000100001cc                isr_irq21
                0x00000000100001cc                isr_irq20
                0x00000000100001cc                isr_irq15
                0x00000000100001cc                isr_irq25
                0x00000000100001cc                isr_irq4
                0x00000000100001cc                isr_irq16
                0x00000000100001cc                isr_irq29
                0x00000000100001cc                isr_irq26
                0x00000000100001cc                __default_isrs_end
                0x00000000100001cc                isr_irq3
                0x00000000100001cc                isr_irq12
                0x00000000100001cc                isr_irq9
                0x00000000100001d2                unhandled_user_irq_num_in_r0
 *(.binary_info_header)
 .binary_info_header
                0x00000000100001d4       0x14 CMakeFiles/midi_try.dir/home/jorgealejandro/.pico/pico-sdk/src/rp2_common/pico_standard_link/crt0.S.obj
                0x00000000100001e8                __binary_info_header_end = .
 *(.reset)
 .reset         0x00000000100001e8       0xa8 CMakeFiles/midi_try.dir/home/jorgealejandro/.pico/pico-sdk/src/rp2_common/pico_standard_link/crt0.S.obj
                0x00000000100001e8                _entry_point
                0x0000000010000266                __get_current_exception
 .reset         0x0000000010000290       0x30 CMakeFiles/midi_try.dir/home/jorgealejandro/.pico/pico-sdk/src/rp2_common/pico_standard_link/binary_info.c.obj
 *(.init)
 .init          0x00000000100002c0        0x4 /usr/lib/gcc/arm-none-eabi/9.2.1/thumb/v6-m/nofp/crti.o
                0x00000000100002c0                _init
 *(EXCLUDE_FILE(*libm.a: *libc.a:*lib_a-mem*.o *libgcc.a:) .text*)
 .text          0x00000000100002c4       0x98 /usr/lib/gcc/arm-none-eabi/9.2.1/thumb/v6-m/nofp/crtbegin.o
 .text.send_w_recive_sysex
                0x000000001000035c       0x96 CMakeFiles/midi_try.dir/midi1.c.obj
                0x000000001000035c                send_w_recive_sysex
 .text.send_w_recive_notes
                0x00000000100003f2       0x10 CMakeFiles/midi_try.dir/midi1.c.obj
                0x00000000100003f2                send_w_recive_notes
 *fill*         0x0000000010000402        0x2 
 .text.midi_task
                0x0000000010000404       0x78 CMakeFiles/midi_try.dir/midi1.c.obj
                0x0000000010000404                midi_task
 .text.main     0x000000001000047c       0x68 CMakeFiles/midi_try.dir/midi1.c.obj
                0x000000001000047c                main
 .text.tud_descriptor_device_cb
                0x00000000100004e4        0x8 CMakeFiles/midi_try.dir/usb_descriptors.c.obj
                0x00000000100004e4                tud_descriptor_device_cb
 .text.tud_descriptor_configuration_cb
                0x00000000100004ec        0x8 CMakeFiles/midi_try.dir/usb_descriptors.c.obj
                0x00000000100004ec                tud_descriptor_configuration_cb
 .text.tud_descriptor_string_cb
                0x00000000100004f4       0x60 CMakeFiles/midi_try.dir/usb_descriptors.c.obj
                0x00000000100004f4                tud_descriptor_string_cb
 .text.gpio_set_function
                0x0000000010000554       0x30 CMakeFiles/midi_try.dir/home/jorgealejandro/.pico/pico-sdk/src/rp2_common/hardware_gpio/gpio.c.obj
                0x0000000010000554                gpio_set_function
 .text.gpio_init
                0x0000000010000584       0x16 CMakeFiles/midi_try.dir/home/jorgealejandro/.pico/pico-sdk/src/rp2_common/hardware_gpio/gpio.c.obj
                0x0000000010000584                gpio_init
 *fill*         0x000000001000059a        0x2 
 .text.hw_claim_lock
                0x000000001000059c       0x18 CMakeFiles/midi_try.dir/home/jorgealejandro/.pico/pico-sdk/src/rp2_common/hardware_claim/claim.c.obj
                0x000000001000059c                hw_claim_lock
 .text.hw_claim_unlock
                0x00000000100005b4       0x14 CMakeFiles/midi_try.dir/home/jorgealejandro/.pico/pico-sdk/src/rp2_common/hardware_claim/claim.c.obj
                0x00000000100005b4                hw_claim_unlock
 .text.hw_claim_or_assert
                0x00000000100005c8       0x32 CMakeFiles/midi_try.dir/home/jorgealejandro/.pico/pico-sdk/src/rp2_common/hardware_claim/claim.c.obj
                0x00000000100005c8                hw_claim_or_assert
 .text.hw_claim_unused_from_range
                0x00000000100005fa       0x50 CMakeFiles/midi_try.dir/home/jorgealejandro/.pico/pico-sdk/src/rp2_common/hardware_claim/claim.c.obj
                0x00000000100005fa                hw_claim_unused_from_range
 *fill*         0x000000001000064a        0x2 
 .text.running_on_fpga
                0x000000001000064c       0x14 CMakeFiles/midi_try.dir/home/jorgealejandro/.pico/pico-sdk/src/rp2_common/pico_platform/platform.c.obj
                0x000000001000064c                running_on_fpga
 .text.spin_locks_reset
                0x0000000010000660       0x20 CMakeFiles/midi_try.dir/home/jorgealejandro/.pico/pico-sdk/src/rp2_common/hardware_sync/sync.c.obj
                0x0000000010000660                spin_locks_reset
 .text.next_striped_spin_lock_num
                0x0000000010000680       0x1c CMakeFiles/midi_try.dir/home/jorgealejandro/.pico/pico-sdk/src/rp2_common/hardware_sync/sync.c.obj
                0x0000000010000680                next_striped_spin_lock_num
 .text.spin_lock_claim_unused
                0x000000001000069c       0x20 CMakeFiles/midi_try.dir/home/jorgealejandro/.pico/pico-sdk/src/rp2_common/hardware_sync/sync.c.obj
                0x000000001000069c                spin_lock_claim_unused
 .text.alarm_pool_post_alloc_init
                0x00000000100006bc       0x40 CMakeFiles/midi_try.dir/home/jorgealejandro/.pico/pico-sdk/src/common/pico_time/time.c.obj
 .text.sleep_until_callback
                0x00000000100006fc       0x30 CMakeFiles/midi_try.dir/home/jorgealejandro/.pico/pico-sdk/src/common/pico_time/time.c.obj
 .text.timer_pool_entry_comparator
                0x000000001000072c       0x7c CMakeFiles/midi_try.dir/home/jorgealejandro/.pico/pico-sdk/src/common/pico_time/time.c.obj
                0x000000001000072c                timer_pool_entry_comparator
 .text.ph_add_child_node
                0x00000000100007a8       0xa4 CMakeFiles/midi_try.dir/home/jorgealejandro/.pico/pico-sdk/src/common/pico_time/time.c.obj
 .text.ph_merge_nodes
                0x000000001000084c       0x3e CMakeFiles/midi_try.dir/home/jorgealejandro/.pico/pico-sdk/src/common/pico_time/time.c.obj
 *fill*         0x000000001000088a        0x2 
 .text.add_alarm_under_lock
                0x000000001000088c      0x174 CMakeFiles/midi_try.dir/home/jorgealejandro/.pico/pico-sdk/src/common/pico_time/time.c.obj
 .text.alarm_pool_alarm_callback
                0x0000000010000a00      0x32c CMakeFiles/midi_try.dir/home/jorgealejandro/.pico/pico-sdk/src/common/pico_time/time.c.obj
 .text.alarm_pool_init_default
                0x0000000010000d2c       0x38 CMakeFiles/midi_try.dir/home/jorgealejandro/.pico/pico-sdk/src/common/pico_time/time.c.obj
                0x0000000010000d2c                alarm_pool_init_default
 .text.alarm_pool_get_default
                0x0000000010000d64       0x2c CMakeFiles/midi_try.dir/home/jorgealejandro/.pico/pico-sdk/src/common/pico_time/time.c.obj
                0x0000000010000d64                alarm_pool_get_default
 .text.alarm_pool_add_alarm_at
                0x0000000010000d90      0x170 CMakeFiles/midi_try.dir/home/jorgealejandro/.pico/pico-sdk/src/common/pico_time/time.c.obj
                0x0000000010000d90                alarm_pool_add_alarm_at
 .text.alarm_pool_cancel_alarm
                0x0000000010000f00       0xf0 CMakeFiles/midi_try.dir/home/jorgealejandro/.pico/pico-sdk/src/common/pico_time/time.c.obj
                0x0000000010000f00                alarm_pool_cancel_alarm
 .text.best_effort_wfe_or_timeout
                0x0000000010000ff0       0x80 CMakeFiles/midi_try.dir/home/jorgealejandro/.pico/pico-sdk/src/common/pico_time/time.c.obj
                0x0000000010000ff0                best_effort_wfe_or_timeout
 .text.hardware_alarm_irq_handler
                0x0000000010001070       0x8c CMakeFiles/midi_try.dir/home/jorgealejandro/.pico/pico-sdk/src/rp2_common/hardware_timer/timer.c.obj
 .text.hardware_alarm_claim
                0x00000000100010fc       0x18 CMakeFiles/midi_try.dir/home/jorgealejandro/.pico/pico-sdk/src/rp2_common/hardware_timer/timer.c.obj
                0x00000000100010fc                hardware_alarm_claim
 .text.time_us_64
                0x0000000010001114       0x18 CMakeFiles/midi_try.dir/home/jorgealejandro/.pico/pico-sdk/src/rp2_common/hardware_timer/timer.c.obj
                0x0000000010001114                time_us_64
 .text.busy_wait_until
                0x000000001000112c       0x24 CMakeFiles/midi_try.dir/home/jorgealejandro/.pico/pico-sdk/src/rp2_common/hardware_timer/timer.c.obj
                0x000000001000112c                busy_wait_until
 .text.busy_wait_us
                0x0000000010001150       0x48 CMakeFiles/midi_try.dir/home/jorgealejandro/.pico/pico-sdk/src/rp2_common/hardware_timer/timer.c.obj
                0x0000000010001150                busy_wait_us
 .text.busy_wait_us_32
                0x0000000010001198       0x24 CMakeFiles/midi_try.dir/home/jorgealejandro/.pico/pico-sdk/src/rp2_common/hardware_timer/timer.c.obj
                0x0000000010001198                busy_wait_us_32
 .text.hardware_alarm_set_callback
                0x00000000100011bc       0x90 CMakeFiles/midi_try.dir/home/jorgealejandro/.pico/pico-sdk/src/rp2_common/hardware_timer/timer.c.obj
                0x00000000100011bc                hardware_alarm_set_callback
 .text.hardware_alarm_set_target
                0x000000001000124c       0xe8 CMakeFiles/midi_try.dir/home/jorgealejandro/.pico/pico-sdk/src/rp2_common/hardware_timer/timer.c.obj
                0x000000001000124c                hardware_alarm_set_target
 .text.hardware_alarm_cancel
                0x0000000010001334       0x40 CMakeFiles/midi_try.dir/home/jorgealejandro/.pico/pico-sdk/src/rp2_common/hardware_timer/timer.c.obj
                0x0000000010001334                hardware_alarm_cancel
 .text.lock_init
                0x0000000010001374       0x10 CMakeFiles/midi_try.dir/home/jorgealejandro/.pico/pico-sdk/src/common/pico_sync/lock_core.c.obj
                0x0000000010001374                lock_init
 .text.mutex_init
                0x0000000010001384       0x1a CMakeFiles/midi_try.dir/home/jorgealejandro/.pico/pico-sdk/src/common/pico_sync/mutex.c.obj
                0x0000000010001384                mutex_init
 .text.recursive_mutex_init
                0x000000001000139e       0x1e CMakeFiles/midi_try.dir/home/jorgealejandro/.pico/pico-sdk/src/common/pico_sync/mutex.c.obj
                0x000000001000139e                recursive_mutex_init
 .text.critical_section_init_with_lock_num
                0x00000000100013bc       0x14 CMakeFiles/midi_try.dir/home/jorgealejandro/.pico/pico-sdk/src/common/pico_sync/critical_section.c.obj
                0x00000000100013bc                critical_section_init_with_lock_num
 .text.critical_section_init
                0x00000000100013d0       0x14 CMakeFiles/midi_try.dir/home/jorgealejandro/.pico/pico-sdk/src/common/pico_sync/critical_section.c.obj
                0x00000000100013d0                critical_section_init
 .text.ph_add_child_node
                0x00000000100013e4       0xa4 CMakeFiles/midi_try.dir/home/jorgealejandro/.pico/pico-sdk/src/common/pico_util/pheap.c.obj
 .text.ph_merge_nodes
                0x0000000010001488       0x3e CMakeFiles/midi_try.dir/home/jorgealejandro/.pico/pico-sdk/src/common/pico_util/pheap.c.obj
 *fill*         0x00000000100014c6        0x2 
 .text.ph_clear
                0x00000000100014c8       0x70 CMakeFiles/midi_try.dir/home/jorgealejandro/.pico/pico-sdk/src/common/pico_util/pheap.c.obj
                0x00000000100014c8                ph_clear
 .text.ph_post_alloc_init
                0x0000000010001538        0xe CMakeFiles/midi_try.dir/home/jorgealejandro/.pico/pico-sdk/src/common/pico_util/pheap.c.obj
                0x0000000010001538                ph_post_alloc_init
 *fill*         0x0000000010001546        0x2 
 .text.ph_merge_two_pass
                0x0000000010001548       0xa8 CMakeFiles/midi_try.dir/home/jorgealejandro/.pico/pico-sdk/src/common/pico_util/pheap.c.obj
                0x0000000010001548                ph_merge_two_pass
 .text.ph_remove_any_head
                0x00000000100015f0      0x108 CMakeFiles/midi_try.dir/home/jorgealejandro/.pico/pico-sdk/src/common/pico_util/pheap.c.obj
 .text.ph_remove_head
                0x00000000100016f8       0x14 CMakeFiles/midi_try.dir/home/jorgealejandro/.pico/pico-sdk/src/common/pico_util/pheap.c.obj
                0x00000000100016f8                ph_remove_head
 .text.ph_remove_and_free_node
                0x000000001000170c       0xf8 CMakeFiles/midi_try.dir/home/jorgealejandro/.pico/pico-sdk/src/common/pico_util/pheap.c.obj
                0x000000001000170c                ph_remove_and_free_node
 .text._exit    0x0000000010001804        0x4 CMakeFiles/midi_try.dir/home/jorgealejandro/.pico/pico-sdk/src/rp2_common/pico_runtime/runtime.c.obj
                0x0000000010001804                _exit
 .text.exit     0x0000000010001808        0x6 CMakeFiles/midi_try.dir/home/jorgealejandro/.pico/pico-sdk/src/rp2_common/pico_runtime/runtime.c.obj
                0x0000000010001808                exit
 *fill*         0x000000001000180e        0x2 
 .text.__assert_func
                0x0000000010001810       0x3c CMakeFiles/midi_try.dir/home/jorgealejandro/.pico/pico-sdk/src/rp2_common/pico_runtime/runtime.c.obj
                0x0000000010001810                __assert_func
 .text.runtime_init
                0x000000001000184c       0xf8 CMakeFiles/midi_try.dir/home/jorgealejandro/.pico/pico-sdk/src/rp2_common/pico_runtime/runtime.c.obj
                0x000000001000184c                runtime_init
 .text.panic    0x0000000010001944       0x30 CMakeFiles/midi_try.dir/home/jorgealejandro/.pico/pico-sdk/src/rp2_common/pico_runtime/runtime.c.obj
                0x0000000010001944                panic
 .text.clock_configure
                0x0000000010001974      0x104 CMakeFiles/midi_try.dir/home/jorgealejandro/.pico/pico-sdk/src/rp2_common/hardware_clocks/clocks.c.obj
                0x0000000010001974                clock_configure
 .text.clocks_init
                0x0000000010001a78      0x100 CMakeFiles/midi_try.dir/home/jorgealejandro/.pico/pico-sdk/src/rp2_common/hardware_clocks/clocks.c.obj
                0x0000000010001a78                clocks_init
 .text.set_raw_irq_handler_and_unlock
                0x0000000010001b78       0x28 CMakeFiles/midi_try.dir/home/jorgealejandro/.pico/pico-sdk/src/rp2_common/hardware_irq/irq.c.obj
 .text.make_branch
                0x0000000010001ba0       0x34 CMakeFiles/midi_try.dir/home/jorgealejandro/.pico/pico-sdk/src/rp2_common/hardware_irq/irq.c.obj
 .text.insert_branch_and_link
                0x0000000010001bd4       0x40 CMakeFiles/midi_try.dir/home/jorgealejandro/.pico/pico-sdk/src/rp2_common/hardware_irq/irq.c.obj
 .text.irq_is_enabled
                0x0000000010001c14       0x18 CMakeFiles/midi_try.dir/home/jorgealejandro/.pico/pico-sdk/src/rp2_common/hardware_irq/irq.c.obj
                0x0000000010001c14                irq_is_enabled
 .text.irq_set_mask_enabled
                0x0000000010001c2c       0x20 CMakeFiles/midi_try.dir/home/jorgealejandro/.pico/pico-sdk/src/rp2_common/hardware_irq/irq.c.obj
                0x0000000010001c2c                irq_set_mask_enabled
 .text.irq_set_enabled
                0x0000000010001c4c        0xe CMakeFiles/midi_try.dir/home/jorgealejandro/.pico/pico-sdk/src/rp2_common/hardware_irq/irq.c.obj
                0x0000000010001c4c                irq_set_enabled
 *fill*         0x0000000010001c5a        0x2 
 .text.irq_get_vtable_handler
                0x0000000010001c5c       0x10 CMakeFiles/midi_try.dir/home/jorgealejandro/.pico/pico-sdk/src/rp2_common/hardware_irq/irq.c.obj
                0x0000000010001c5c                irq_get_vtable_handler
 .text.irq_set_exclusive_handler
                0x0000000010001c6c       0x54 CMakeFiles/midi_try.dir/home/jorgealejandro/.pico/pico-sdk/src/rp2_common/hardware_irq/irq.c.obj
                0x0000000010001c6c                irq_set_exclusive_handler
 .text.irq_remove_handler
                0x0000000010001cc0      0x1ac CMakeFiles/midi_try.dir/home/jorgealejandro/.pico/pico-sdk/src/rp2_common/hardware_irq/irq.c.obj
                0x0000000010001cc0                irq_remove_handler
 .text.irq_add_tail_to_free_list
                0x0000000010001e6c       0xf0 CMakeFiles/midi_try.dir/home/jorgealejandro/.pico/pico-sdk/src/rp2_common/hardware_irq/irq.c.obj
                0x0000000010001e6c                irq_add_tail_to_free_list
 .text.irq_init_priorities
                0x0000000010001f5c       0x1c CMakeFiles/midi_try.dir/home/jorgealejandro/.pico/pico-sdk/src/rp2_common/hardware_irq/irq.c.obj
                0x0000000010001f5c                irq_init_priorities
 .text.pll_init
                0x0000000010001f78      0x118 CMakeFiles/midi_try.dir/home/jorgealejandro/.pico/pico-sdk/src/rp2_common/hardware_pll/pll.c.obj
                0x0000000010001f78                pll_init
 .text.watchdog_start_tick
                0x0000000010002090       0x10 CMakeFiles/midi_try.dir/home/jorgealejandro/.pico/pico-sdk/src/rp2_common/hardware_watchdog/watchdog.c.obj
                0x0000000010002090                watchdog_start_tick
 .text.xosc_init
                0x00000000100020a0       0x28 CMakeFiles/midi_try.dir/home/jorgealejandro/.pico/pico-sdk/src/rp2_common/hardware_xosc/xosc.c.obj
                0x00000000100020a0                xosc_init
 .text._out_null
                0x00000000100020c8        0x2 CMakeFiles/midi_try.dir/home/jorgealejandro/.pico/pico-sdk/src/rp2_common/pico_printf/printf.c.obj
 .text._out_fct
                0x00000000100020ca        0xe CMakeFiles/midi_try.dir/home/jorgealejandro/.pico/pico-sdk/src/rp2_common/pico_printf/printf.c.obj
 .text._atoi    0x00000000100020d8       0x24 CMakeFiles/midi_try.dir/home/jorgealejandro/.pico/pico-sdk/src/rp2_common/pico_printf/printf.c.obj
 .text._out_rev
                0x00000000100020fc       0xae CMakeFiles/midi_try.dir/home/jorgealejandro/.pico/pico-sdk/src/rp2_common/pico_printf/printf.c.obj
 .text._ntoa_format
                0x00000000100021aa      0x110 CMakeFiles/midi_try.dir/home/jorgealejandro/.pico/pico-sdk/src/rp2_common/pico_printf/printf.c.obj
 .text._ntoa_long
                0x00000000100022ba       0xbc CMakeFiles/midi_try.dir/home/jorgealejandro/.pico/pico-sdk/src/rp2_common/pico_printf/printf.c.obj
 .text._ntoa_long_long
                0x0000000010002376       0xe2 CMakeFiles/midi_try.dir/home/jorgealejandro/.pico/pico-sdk/src/rp2_common/pico_printf/printf.c.obj
 .text._etoa    0x0000000010002458      0x40c CMakeFiles/midi_try.dir/home/jorgealejandro/.pico/pico-sdk/src/rp2_common/pico_printf/printf.c.obj
 .text._ftoa    0x0000000010002864      0x354 CMakeFiles/midi_try.dir/home/jorgealejandro/.pico/pico-sdk/src/rp2_common/pico_printf/printf.c.obj
 .text._vsnprintf
                0x0000000010002bb8      0x628 CMakeFiles/midi_try.dir/home/jorgealejandro/.pico/pico-sdk/src/rp2_common/pico_printf/printf.c.obj
 .text.vfctprintf
                0x00000000100031e0       0x20 CMakeFiles/midi_try.dir/home/jorgealejandro/.pico/pico-sdk/src/rp2_common/pico_printf/printf.c.obj
                0x00000000100031e0                vfctprintf
 .text          0x0000000010003200       0x10 CMakeFiles/midi_try.dir/home/jorgealejandro/.pico/pico-sdk/src/rp2_common/pico_bit_ops/bit_ops_aeabi.S.obj
 .text.rom_func_lookup
                0x0000000010003210       0x10 CMakeFiles/midi_try.dir/home/jorgealejandro/.pico/pico-sdk/src/rp2_common/pico_bootrom/bootrom.c.obj
                0x0000000010003210                rom_func_lookup
 .text.rom_data_lookup
                0x0000000010003220       0x10 CMakeFiles/midi_try.dir/home/jorgealejandro/.pico/pico-sdk/src/rp2_common/pico_bootrom/bootrom.c.obj
                0x0000000010003220                rom_data_lookup
 .text.rom_funcs_lookup
                0x0000000010003230       0x36 CMakeFiles/midi_try.dir/home/jorgealejandro/.pico/pico-sdk/src/rp2_common/pico_bootrom/bootrom.c.obj
                0x0000000010003230                rom_funcs_lookup
 *fill*         0x0000000010003266        0x2 
 .text.__wrap___aeabi_idiv
                0x0000000010003268       0x50 CMakeFiles/midi_try.dir/home/jorgealejandro/.pico/pico-sdk/src/rp2_common/pico_divider/divider.S.obj
                0x0000000010003268                __wrap___aeabi_idivmod
                0x0000000010003268                divmod_s32s32
                0x0000000010003268                div_s32s32
                0x0000000010003268                __wrap___aeabi_idiv
                0x0000000010003270                divmod_s32s32_unsafe
                0x000000001000329c                divmod_s32s32_savestate
 .text.__wrap___aeabi_uidiv
                0x00000000100032b8       0x4c CMakeFiles/midi_try.dir/home/jorgealejandro/.pico/pico-sdk/src/rp2_common/pico_divider/divider.S.obj
                0x00000000100032b8                __wrap___aeabi_uidiv
                0x00000000100032b8                __wrap___aeabi_uidivmod
                0x00000000100032b8                div_u32u32
                0x00000000100032b8                divmod_u32u32
                0x00000000100032c0                divmod_u32u32_unsafe
                0x00000000100032e8                divmod_u32u32_savestate
 .text.__wrap___aeabi_ldiv
                0x0000000010003304      0x434 CMakeFiles/midi_try.dir/home/jorgealejandro/.pico/pico-sdk/src/rp2_common/pico_divider/divider.S.obj
                0x0000000010003304                div_s64s64
                0x0000000010003304                divmod_s64s64
                0x0000000010003304                __wrap___aeabi_ldivmod
                0x000000001000333c                div_u64u64
                0x000000001000333c                divmod_u64u64
                0x000000001000333c                __wrap___aeabi_uldivmod
                0x000000001000334c                divmod_u64u64_savestate
                0x0000000010003374                divmod_s64s64_unsafe
                0x00000000100033fc                divmod_u64u64_unsafe
 .text.__wrap___aeabi_darithmetic
                0x0000000010003738       0x80 CMakeFiles/midi_try.dir/home/jorgealejandro/.pico/pico-sdk/src/rp2_common/pico_double/double_aeabi.S.obj
                0x0000000010003738                __wrap___aeabi_drsub
                0x000000001000373e                __wrap___aeabi_dsub
                0x0000000010003750                __wrap___aeabi_dadd
                0x0000000010003762                __wrap___aeabi_ddiv
                0x000000001000379e                __wrap___aeabi_dmul
 .text.__wrap___aeabi_cdcmple
                0x00000000100037b8       0x6c CMakeFiles/midi_try.dir/home/jorgealejandro/.pico/pico-sdk/src/rp2_common/pico_double/double_aeabi.S.obj
                0x00000000100037b8                __wrap___aeabi_cdrcmple
                0x00000000100037c8                __wrap___aeabi_cdcmple
                0x00000000100037c8                __wrap___aeabi_cdcmpeq
 .text.__wrap___aeabi_dcmplt
                0x0000000010003824        0xc CMakeFiles/midi_try.dir/home/jorgealejandro/.pico/pico-sdk/src/rp2_common/pico_double/double_aeabi.S.obj
                0x0000000010003824                __wrap___aeabi_dcmplt
 .text.__wrap___aeabi_dcmple
                0x0000000010003830       0x10 CMakeFiles/midi_try.dir/home/jorgealejandro/.pico/pico-sdk/src/rp2_common/pico_double/double_aeabi.S.obj
                0x0000000010003830                __wrap___aeabi_dcmple
 .text.__wrap___aeabi_dcmpge
                0x0000000010003840       0x10 CMakeFiles/midi_try.dir/home/jorgealejandro/.pico/pico-sdk/src/rp2_common/pico_double/double_aeabi.S.obj
                0x0000000010003840                __wrap___aeabi_dcmpge
 .text.__wrap___aeabi_dcmpgt
                0x0000000010003850        0xa CMakeFiles/midi_try.dir/home/jorgealejandro/.pico/pico-sdk/src/rp2_common/pico_double/double_aeabi.S.obj
                0x0000000010003850                __wrap___aeabi_dcmpgt
 .text.__wrap___aeabi_dcmpun
                0x000000001000385a       0x1c CMakeFiles/midi_try.dir/home/jorgealejandro/.pico/pico-sdk/src/rp2_common/pico_double/double_aeabi.S.obj
                0x000000001000385a                __wrap___aeabi_dcmpun
 *fill*         0x0000000010003876        0x2 
 .text.__wrap___aeabi_i2d
                0x0000000010003878       0x38 CMakeFiles/midi_try.dir/home/jorgealejandro/.pico/pico-sdk/src/rp2_common/pico_double/double_aeabi.S.obj
                0x0000000010003878                __wrap___aeabi_ui2d
                0x0000000010003880                __wrap___aeabi_i2d
 .text.__wrap___aeabi_d2iz
                0x00000000100038b0       0x48 CMakeFiles/midi_try.dir/home/jorgealejandro/.pico/pico-sdk/src/rp2_common/pico_double/double_aeabi.S.obj
                0x00000000100038b0                __wrap___aeabi_d2iz
                0x00000000100038b0                double2int_z
 .text.__wrap___aeabi_d2uiz
                0x00000000100038f8       0x18 CMakeFiles/midi_try.dir/home/jorgealejandro/.pico/pico-sdk/src/rp2_common/pico_double/double_aeabi.S.obj
                0x00000000100038f8                double2uint
                0x00000000100038f8                __wrap___aeabi_d2uiz
 .text.__aeabi_double_init
                0x0000000010003910       0xc8 CMakeFiles/midi_try.dir/home/jorgealejandro/.pico/pico-sdk/src/rp2_common/pico_double/double_init_rom.c.obj
                0x0000000010003910                __aeabi_double_init
 .text.double_table_shim_on_use_helper
                0x00000000100039d8       0x34 CMakeFiles/midi_try.dir/home/jorgealejandro/.pico/pico-sdk/src/rp2_common/pico_double/double_v1_rom_shim.S.obj
                0x00000000100039d8                double_table_shim_on_use_helper
 .text.__wrap___aeabi_dsub
                0x0000000010003a0c       0x10 CMakeFiles/midi_try.dir/home/jorgealejandro/.pico/pico-sdk/src/rp2_common/pico_double/double_v1_rom_shim.S.obj
                0x0000000010003a0c                drsub_shim
                0x0000000010003a12                dsub_shim
 .text.dadd_shim
                0x0000000010003a1c      0x15c CMakeFiles/midi_try.dir/home/jorgealejandro/.pico/pico-sdk/src/rp2_common/pico_double/double_v1_rom_shim.S.obj
                0x0000000010003a1c                dadd_shim
 .text.dmul_shim
                0x0000000010003b78      0x15c CMakeFiles/midi_try.dir/home/jorgealejandro/.pico/pico-sdk/src/rp2_common/pico_double/double_v1_rom_shim.S.obj
                0x0000000010003b78                dmul_shim
 .text.ddiv_shim
                0x0000000010003cd4      0x1b0 CMakeFiles/midi_try.dir/home/jorgealejandro/.pico/pico-sdk/src/rp2_common/pico_double/double_v1_rom_shim.S.obj
                0x0000000010003cd4                ddiv_shim
 .text.double2uint_shim
                0x0000000010003e84        0xe CMakeFiles/midi_try.dir/home/jorgealejandro/.pico/pico-sdk/src/rp2_common/pico_double/double_v1_rom_shim.S.obj
                0x0000000010003e84                double2uint_shim
                0x0000000010003e86                double2ufix_shim
 *fill*         0x0000000010003e92        0x2 
 .text.double2uint64_shim
                0x0000000010003e94       0x70 CMakeFiles/midi_try.dir/home/jorgealejandro/.pico/pico-sdk/src/rp2_common/pico_double/double_v1_rom_shim.S.obj
                0x0000000010003e94                double2uint64_shim
                0x0000000010003e96                double2ufix64_shim
                0x0000000010003eb6                d2fix_a
 .text.dunpacks
                0x0000000010003f04       0x3c CMakeFiles/midi_try.dir/home/jorgealejandro/.pico/pico-sdk/src/rp2_common/pico_double/double_v1_rom_shim.S.obj
                0x0000000010003f04                dunpacks
 .text.__aeabi_lmul
                0x0000000010003f40       0x32 CMakeFiles/midi_try.dir/home/jorgealejandro/.pico/pico-sdk/src/rp2_common/pico_int64_ops/pico_int64_ops_aeabi.S.obj
                0x0000000010003f40                __wrap___aeabi_lmul
 *fill*         0x0000000010003f72        0x2 
 .text.__aeabi_float_init
                0x0000000010003f74       0xfc CMakeFiles/midi_try.dir/home/jorgealejandro/.pico/pico-sdk/src/rp2_common/pico_float/float_init_rom.c.obj
                0x0000000010003f74                __aeabi_float_init
 .text.float_table_shim_on_use_helper
                0x0000000010004070       0x34 CMakeFiles/midi_try.dir/home/jorgealejandro/.pico/pico-sdk/src/rp2_common/pico_float/float_v1_rom_shim.S.obj
                0x0000000010004070                float_table_shim_on_use_helper
 .text          0x00000000100040a4       0x10 CMakeFiles/midi_try.dir/home/jorgealejandro/.pico/pico-sdk/src/rp2_common/pico_mem_ops/mem_ops_aeabi.S.obj
                0x00000000100040a4                __aeabi_mem_init
 .text.memset   0x00000000100040b4        0xc CMakeFiles/midi_try.dir/home/jorgealejandro/.pico/pico-sdk/src/rp2_common/pico_mem_ops/mem_ops_aeabi.S.obj
                0x00000000100040b4                __wrap_memset
 .text.memcpy   0x00000000100040c0        0xc CMakeFiles/midi_try.dir/home/jorgealejandro/.pico/pico-sdk/src/rp2_common/pico_mem_ops/mem_ops_aeabi.S.obj
                0x00000000100040c0                __wrap___aeabi_memcpy
                0x00000000100040c0                __wrap_memcpy
 .text.stdio_out_chars_no_crlf
                0x00000000100040cc        0xe CMakeFiles/midi_try.dir/home/jorgealejandro/.pico/pico-sdk/src/rp2_common/pico_stdio/stdio.c.obj
 *fill*         0x00000000100040da        0x2 
 .text.stdio_out_chars_crlf
                0x00000000100040dc       0x80 CMakeFiles/midi_try.dir/home/jorgealejandro/.pico/pico-sdk/src/rp2_common/pico_stdio/stdio.c.obj
 .text.stdio_stack_buffer_flush
                0x000000001000415c       0x44 CMakeFiles/midi_try.dir/home/jorgealejandro/.pico/pico-sdk/src/rp2_common/pico_stdio/stdio.c.obj
 .text.stdio_buffered_printer
                0x00000000100041a0       0x20 CMakeFiles/midi_try.dir/home/jorgealejandro/.pico/pico-sdk/src/rp2_common/pico_stdio/stdio.c.obj
 .text.stdout_serialize_begin
                0x00000000100041c0       0x30 CMakeFiles/midi_try.dir/home/jorgealejandro/.pico/pico-sdk/src/rp2_common/pico_stdio/stdio.c.obj
                0x00000000100041c0                stdout_serialize_begin
 .text.stdout_serialize_end
                0x00000000100041f0       0x10 CMakeFiles/midi_try.dir/home/jorgealejandro/.pico/pico-sdk/src/rp2_common/pico_stdio/stdio.c.obj
                0x00000000100041f0                stdout_serialize_end
 .text.stdio_put_string
                0x0000000010004200       0x98 CMakeFiles/midi_try.dir/home/jorgealejandro/.pico/pico-sdk/src/rp2_common/pico_stdio/stdio.c.obj
 .text.stdio_flush
                0x0000000010004298       0x20 CMakeFiles/midi_try.dir/home/jorgealejandro/.pico/pico-sdk/src/rp2_common/pico_stdio/stdio.c.obj
                0x0000000010004298                stdio_flush
 .text.__wrap_puts
                0x00000000100042b8       0x1e CMakeFiles/midi_try.dir/home/jorgealejandro/.pico/pico-sdk/src/rp2_common/pico_stdio/stdio.c.obj
                0x00000000100042b8                __wrap_puts
 *fill*         0x00000000100042d6        0x2 
 .text.__wrap_vprintf
                0x00000000100042d8       0x44 CMakeFiles/midi_try.dir/home/jorgealejandro/.pico/pico-sdk/src/rp2_common/pico_stdio/stdio.c.obj
                0x00000000100042d8                __wrap_vprintf
 .text.__wrap_printf
                0x000000001000431c       0x18 CMakeFiles/midi_try.dir/home/jorgealejandro/.pico/pico-sdk/src/rp2_common/pico_stdio/stdio.c.obj
                0x000000001000431c                __wrap_printf
 .text.hw_endpoint_get_by_addr
                0x0000000010004334       0x18 CMakeFiles/midi_try.dir/home/jorgealejandro/.pico/pico-sdk/lib/tinyusb/src/portable/raspberrypi/rp2040/dcd_rp2040.c.obj
 .text.reset_ep0_pid
                0x000000001000434c       0x28 CMakeFiles/midi_try.dir/home/jorgealejandro/.pico/pico-sdk/lib/tinyusb/src/portable/raspberrypi/rp2040/dcd_rp2040.c.obj
 .text._hw_endpoint_alloc
                0x0000000010004374       0x70 CMakeFiles/midi_try.dir/home/jorgealejandro/.pico/pico-sdk/lib/tinyusb/src/portable/raspberrypi/rp2040/dcd_rp2040.c.obj
 .text.hw_endpoint_init
                0x00000000100043e4       0x88 CMakeFiles/midi_try.dir/home/jorgealejandro/.pico/pico-sdk/lib/tinyusb/src/portable/raspberrypi/rp2040/dcd_rp2040.c.obj
 .text.reset_non_control_endpoints
                0x000000001000446c       0x40 CMakeFiles/midi_try.dir/home/jorgealejandro/.pico/pico-sdk/lib/tinyusb/src/portable/raspberrypi/rp2040/dcd_rp2040.c.obj
 .text.hw_handle_buff_status
                0x00000000100044ac       0x8c CMakeFiles/midi_try.dir/home/jorgealejandro/.pico/pico-sdk/lib/tinyusb/src/portable/raspberrypi/rp2040/dcd_rp2040.c.obj
 .text.dcd_rp2040_irq
                0x0000000010004538       0xc0 CMakeFiles/midi_try.dir/home/jorgealejandro/.pico/pico-sdk/lib/tinyusb/src/portable/raspberrypi/rp2040/dcd_rp2040.c.obj
 .text.hw_endpoint_xfer
                0x00000000100045f8       0x14 CMakeFiles/midi_try.dir/home/jorgealejandro/.pico/pico-sdk/lib/tinyusb/src/portable/raspberrypi/rp2040/dcd_rp2040.c.obj
 .text.dcd_int_enable
                0x000000001000460c       0x2c CMakeFiles/midi_try.dir/home/jorgealejandro/.pico/pico-sdk/lib/tinyusb/src/portable/raspberrypi/rp2040/dcd_rp2040.c.obj
                0x000000001000460c                dcd_int_enable
 .text.dcd_set_address
                0x0000000010004638       0x2c CMakeFiles/midi_try.dir/home/jorgealejandro/.pico/pico-sdk/lib/tinyusb/src/portable/raspberrypi/rp2040/dcd_rp2040.c.obj
                0x0000000010004638                dcd_set_address
 .text.dcd_connect
                0x0000000010004664       0x10 CMakeFiles/midi_try.dir/home/jorgealejandro/.pico/pico-sdk/lib/tinyusb/src/portable/raspberrypi/rp2040/dcd_rp2040.c.obj
                0x0000000010004664                dcd_connect
 .text.dcd_init
                0x0000000010004674       0x7c CMakeFiles/midi_try.dir/home/jorgealejandro/.pico/pico-sdk/lib/tinyusb/src/portable/raspberrypi/rp2040/dcd_rp2040.c.obj
                0x0000000010004674                dcd_init
 .text.dcd_edpt0_status_complete
                0x00000000100046f0       0x1c CMakeFiles/midi_try.dir/home/jorgealejandro/.pico/pico-sdk/lib/tinyusb/src/portable/raspberrypi/rp2040/dcd_rp2040.c.obj
                0x00000000100046f0                dcd_edpt0_status_complete
 .text.dcd_edpt_open
                0x000000001000470c       0x40 CMakeFiles/midi_try.dir/home/jorgealejandro/.pico/pico-sdk/lib/tinyusb/src/portable/raspberrypi/rp2040/dcd_rp2040.c.obj
                0x000000001000470c                dcd_edpt_open
 .text.dcd_edpt_close_all
                0x000000001000474c        0x8 CMakeFiles/midi_try.dir/home/jorgealejandro/.pico/pico-sdk/lib/tinyusb/src/portable/raspberrypi/rp2040/dcd_rp2040.c.obj
                0x000000001000474c                dcd_edpt_close_all
 .text.dcd_edpt_xfer
                0x0000000010004754       0x30 CMakeFiles/midi_try.dir/home/jorgealejandro/.pico/pico-sdk/lib/tinyusb/src/portable/raspberrypi/rp2040/dcd_rp2040.c.obj
                0x0000000010004754                dcd_edpt_xfer
 .text.dcd_edpt_stall
                0x0000000010004784       0x2c CMakeFiles/midi_try.dir/home/jorgealejandro/.pico/pico-sdk/lib/tinyusb/src/portable/raspberrypi/rp2040/dcd_rp2040.c.obj
                0x0000000010004784                dcd_edpt_stall
 .text.dcd_edpt_clear_stall
                0x00000000100047b0       0x20 CMakeFiles/midi_try.dir/home/jorgealejandro/.pico/pico-sdk/lib/tinyusb/src/portable/raspberrypi/rp2040/dcd_rp2040.c.obj
                0x00000000100047b0                dcd_edpt_clear_stall
 .text.prepare_ep_buffer
                0x00000000100047d0       0x70 CMakeFiles/midi_try.dir/home/jorgealejandro/.pico/pico-sdk/lib/tinyusb/src/portable/raspberrypi/rp2040/rp2040_usb.c.obj
 .text.sync_ep_buffer
                0x0000000010004840       0x7c CMakeFiles/midi_try.dir/home/jorgealejandro/.pico/pico-sdk/lib/tinyusb/src/portable/raspberrypi/rp2040/rp2040_usb.c.obj
 .text._hw_endpoint_xfer_sync
                0x00000000100048bc       0x28 CMakeFiles/midi_try.dir/home/jorgealejandro/.pico/pico-sdk/lib/tinyusb/src/portable/raspberrypi/rp2040/rp2040_usb.c.obj
 .text.rp2040_usb_init
                0x00000000100048e4       0x4c CMakeFiles/midi_try.dir/home/jorgealejandro/.pico/pico-sdk/lib/tinyusb/src/portable/raspberrypi/rp2040/rp2040_usb.c.obj
                0x00000000100048e4                rp2040_usb_init
 .text.hw_endpoint_reset_transfer
                0x0000000010004930        0xc CMakeFiles/midi_try.dir/home/jorgealejandro/.pico/pico-sdk/lib/tinyusb/src/portable/raspberrypi/rp2040/rp2040_usb.c.obj
                0x0000000010004930                hw_endpoint_reset_transfer
 .text._hw_endpoint_buffer_control_update32
                0x000000001000493c       0x58 CMakeFiles/midi_try.dir/home/jorgealejandro/.pico/pico-sdk/lib/tinyusb/src/portable/raspberrypi/rp2040/rp2040_usb.c.obj
                0x000000001000493c                _hw_endpoint_buffer_control_update32
 .text._hw_endpoint_start_next_buffer
                0x0000000010004994       0x74 CMakeFiles/midi_try.dir/home/jorgealejandro/.pico/pico-sdk/lib/tinyusb/src/portable/raspberrypi/rp2040/rp2040_usb.c.obj
 .text.hw_endpoint_xfer_start
                0x0000000010004a08       0x48 CMakeFiles/midi_try.dir/home/jorgealejandro/.pico/pico-sdk/lib/tinyusb/src/portable/raspberrypi/rp2040/rp2040_usb.c.obj
                0x0000000010004a08                hw_endpoint_xfer_start
 .text.hw_endpoint_xfer_continue
                0x0000000010004a50       0x38 CMakeFiles/midi_try.dir/home/jorgealejandro/.pico/pico-sdk/lib/tinyusb/src/portable/raspberrypi/rp2040/rp2040_usb.c.obj
                0x0000000010004a50                hw_endpoint_xfer_continue
 .text.configuration_reset
                0x0000000010004a88       0x84 CMakeFiles/midi_try.dir/home/jorgealejandro/.pico/pico-sdk/lib/tinyusb/src/device/usbd.c.obj
 .text.usbd_reset
                0x0000000010004b0c        0xc CMakeFiles/midi_try.dir/home/jorgealejandro/.pico/pico-sdk/lib/tinyusb/src/device/usbd.c.obj
 .text.invoke_class_control
                0x0000000010004b18       0x1a CMakeFiles/midi_try.dir/home/jorgealejandro/.pico/pico-sdk/lib/tinyusb/src/device/usbd.c.obj
 *fill*         0x0000000010004b32        0x2 
 .text.process_set_config
                0x0000000010004b34      0x1ac CMakeFiles/midi_try.dir/home/jorgealejandro/.pico/pico-sdk/lib/tinyusb/src/device/usbd.c.obj
 .text.process_get_descriptor
                0x0000000010004ce0       0xec CMakeFiles/midi_try.dir/home/jorgealejandro/.pico/pico-sdk/lib/tinyusb/src/device/usbd.c.obj
 .text.tud_inited
                0x0000000010004dcc        0xc CMakeFiles/midi_try.dir/home/jorgealejandro/.pico/pico-sdk/lib/tinyusb/src/device/usbd.c.obj
                0x0000000010004dcc                tud_inited
 .text.tud_init
                0x0000000010004dd8       0xcc CMakeFiles/midi_try.dir/home/jorgealejandro/.pico/pico-sdk/lib/tinyusb/src/device/usbd.c.obj
                0x0000000010004dd8                tud_init
 .text.dcd_event_handler
                0x0000000010004ea4      0x1e0 CMakeFiles/midi_try.dir/home/jorgealejandro/.pico/pico-sdk/lib/tinyusb/src/device/usbd.c.obj
                0x0000000010004ea4                dcd_event_handler
 .text.dcd_event_bus_signal
                0x0000000010005084       0x26 CMakeFiles/midi_try.dir/home/jorgealejandro/.pico/pico-sdk/lib/tinyusb/src/device/usbd.c.obj
                0x0000000010005084                dcd_event_bus_signal
 .text.dcd_event_bus_reset
                0x00000000100050aa       0x2a CMakeFiles/midi_try.dir/home/jorgealejandro/.pico/pico-sdk/lib/tinyusb/src/device/usbd.c.obj
                0x00000000100050aa                dcd_event_bus_reset
 .text.dcd_event_setup_received
                0x00000000100050d4       0x34 CMakeFiles/midi_try.dir/home/jorgealejandro/.pico/pico-sdk/lib/tinyusb/src/device/usbd.c.obj
                0x00000000100050d4                dcd_event_setup_received
 .text.dcd_event_xfer_complete
                0x0000000010005108       0x44 CMakeFiles/midi_try.dir/home/jorgealejandro/.pico/pico-sdk/lib/tinyusb/src/device/usbd.c.obj
                0x0000000010005108                dcd_event_xfer_complete
 .text.usbd_edpt_open
                0x000000001000514c       0x58 CMakeFiles/midi_try.dir/home/jorgealejandro/.pico/pico-sdk/lib/tinyusb/src/device/usbd.c.obj
                0x000000001000514c                usbd_edpt_open
 .text.usbd_edpt_claim
                0x00000000100051a4       0x8c CMakeFiles/midi_try.dir/home/jorgealejandro/.pico/pico-sdk/lib/tinyusb/src/device/usbd.c.obj
                0x00000000100051a4                usbd_edpt_claim
 .text.usbd_edpt_release
                0x0000000010005230       0x68 CMakeFiles/midi_try.dir/home/jorgealejandro/.pico/pico-sdk/lib/tinyusb/src/device/usbd.c.obj
                0x0000000010005230                usbd_edpt_release
 .text.usbd_edpt_xfer
                0x0000000010005298       0x80 CMakeFiles/midi_try.dir/home/jorgealejandro/.pico/pico-sdk/lib/tinyusb/src/device/usbd.c.obj
                0x0000000010005298                usbd_edpt_xfer
 .text.usbd_edpt_stall
                0x0000000010005318       0x40 CMakeFiles/midi_try.dir/home/jorgealejandro/.pico/pico-sdk/lib/tinyusb/src/device/usbd.c.obj
                0x0000000010005318                usbd_edpt_stall
 .text.usbd_edpt_clear_stall
                0x0000000010005358       0x40 CMakeFiles/midi_try.dir/home/jorgealejandro/.pico/pico-sdk/lib/tinyusb/src/device/usbd.c.obj
                0x0000000010005358                usbd_edpt_clear_stall
 .text.usbd_edpt_stalled
                0x0000000010005398       0x1c CMakeFiles/midi_try.dir/home/jorgealejandro/.pico/pico-sdk/lib/tinyusb/src/device/usbd.c.obj
                0x0000000010005398                usbd_edpt_stalled
 .text.process_control_request
                0x00000000100053b4      0x3b8 CMakeFiles/midi_try.dir/home/jorgealejandro/.pico/pico-sdk/lib/tinyusb/src/device/usbd.c.obj
 .text.tud_task
                0x000000001000576c      0x218 CMakeFiles/midi_try.dir/home/jorgealejandro/.pico/pico-sdk/lib/tinyusb/src/device/usbd.c.obj
                0x000000001000576c                tud_task
 .text._data_stage_xact
                0x0000000010005984       0x58 CMakeFiles/midi_try.dir/home/jorgealejandro/.pico/pico-sdk/lib/tinyusb/src/device/usbd_control.c.obj
 .text.tud_control_status
                0x00000000100059dc       0x38 CMakeFiles/midi_try.dir/home/jorgealejandro/.pico/pico-sdk/lib/tinyusb/src/device/usbd_control.c.obj
                0x00000000100059dc                tud_control_status
 .text.tud_control_xfer
                0x0000000010005a14       0xa8 CMakeFiles/midi_try.dir/home/jorgealejandro/.pico/pico-sdk/lib/tinyusb/src/device/usbd_control.c.obj
                0x0000000010005a14                tud_control_xfer
 .text.usbd_control_reset
                0x0000000010005abc       0x14 CMakeFiles/midi_try.dir/home/jorgealejandro/.pico/pico-sdk/lib/tinyusb/src/device/usbd_control.c.obj
                0x0000000010005abc                usbd_control_reset
 .text.usbd_control_set_complete_callback
                0x0000000010005ad0        0xc CMakeFiles/midi_try.dir/home/jorgealejandro/.pico/pico-sdk/lib/tinyusb/src/device/usbd_control.c.obj
                0x0000000010005ad0                usbd_control_set_complete_callback
 .text.usbd_control_set_request
                0x0000000010005adc       0x1c CMakeFiles/midi_try.dir/home/jorgealejandro/.pico/pico-sdk/lib/tinyusb/src/device/usbd_control.c.obj
                0x0000000010005adc                usbd_control_set_request
 .text.usbd_control_xfer_cb
                0x0000000010005af8       0xfc CMakeFiles/midi_try.dir/home/jorgealejandro/.pico/pico-sdk/lib/tinyusb/src/device/usbd_control.c.obj
                0x0000000010005af8                usbd_control_xfer_cb
 .text._prep_out_transaction
                0x0000000010005bf4       0x44 CMakeFiles/midi_try.dir/home/jorgealejandro/.pico/pico-sdk/lib/tinyusb/src/class/midi/midi_device.c.obj
 .text.write_flush
                0x0000000010005c38       0x70 CMakeFiles/midi_try.dir/home/jorgealejandro/.pico/pico-sdk/lib/tinyusb/src/class/midi/midi_device.c.obj
 .text.tud_midi_n_available
                0x0000000010005ca8       0x24 CMakeFiles/midi_try.dir/home/jorgealejandro/.pico/pico-sdk/lib/tinyusb/src/class/midi/midi_device.c.obj
                0x0000000010005ca8                tud_midi_n_available
 .text.tud_midi_n_packet_read
                0x0000000010005ccc       0x40 CMakeFiles/midi_try.dir/home/jorgealejandro/.pico/pico-sdk/lib/tinyusb/src/class/midi/midi_device.c.obj
                0x0000000010005ccc                tud_midi_n_packet_read
 .text.tud_midi_n_stream_read
                0x0000000010005d0c      0x100 CMakeFiles/midi_try.dir/home/jorgealejandro/.pico/pico-sdk/lib/tinyusb/src/class/midi/midi_device.c.obj
                0x0000000010005d0c                tud_midi_n_stream_read
 .text.tud_midi_n_stream_write
                0x0000000010005e0c      0x208 CMakeFiles/midi_try.dir/home/jorgealejandro/.pico/pico-sdk/lib/tinyusb/src/class/midi/midi_device.c.obj
                0x0000000010005e0c                tud_midi_n_stream_write
 .text.midid_init
                0x0000000010006014       0x90 CMakeFiles/midi_try.dir/home/jorgealejandro/.pico/pico-sdk/lib/tinyusb/src/class/midi/midi_device.c.obj
                0x0000000010006014                midid_init
 .text.midid_reset
                0x00000000100060a4       0x3c CMakeFiles/midi_try.dir/home/jorgealejandro/.pico/pico-sdk/lib/tinyusb/src/class/midi/midi_device.c.obj
                0x00000000100060a4                midid_reset
 .text.midid_open
                0x00000000100060e0      0x12c CMakeFiles/midi_try.dir/home/jorgealejandro/.pico/pico-sdk/lib/tinyusb/src/class/midi/midi_device.c.obj
                0x00000000100060e0                midid_open
 .text.midid_control_xfer_cb
                0x000000001000620c        0x4 CMakeFiles/midi_try.dir/home/jorgealejandro/.pico/pico-sdk/lib/tinyusb/src/class/midi/midi_device.c.obj
                0x000000001000620c                midid_control_xfer_cb
 .text.midid_xfer_cb
                0x0000000010006210       0xd0 CMakeFiles/midi_try.dir/home/jorgealejandro/.pico/pico-sdk/lib/tinyusb/src/class/midi/midi_device.c.obj
                0x0000000010006210                midid_xfer_cb
 .text.tusb_init
                0x00000000100062e0       0x24 CMakeFiles/midi_try.dir/home/jorgealejandro/.pico/pico-sdk/lib/tinyusb/src/tusb.c.obj
                0x00000000100062e0                tusb_init
 .text.tusb_inited
                0x0000000010006304        0xe CMakeFiles/midi_try.dir/home/jorgealejandro/.pico/pico-sdk/lib/tinyusb/src/tusb.c.obj
                0x0000000010006304                tusb_inited
 *fill*         0x0000000010006312        0x2 
 .text.tu_edpt_validate
                0x0000000010006314       0xa8 CMakeFiles/midi_try.dir/home/jorgealejandro/.pico/pico-sdk/lib/tinyusb/src/tusb.c.obj
                0x0000000010006314                tu_edpt_validate
 .text.tu_edpt_bind_driver
                0x00000000100063bc       0x2a CMakeFiles/midi_try.dir/home/jorgealejandro/.pico/pico-sdk/lib/tinyusb/src/tusb.c.obj
                0x00000000100063bc                tu_edpt_bind_driver
 .text.advance_pointer
                0x00000000100063e6       0x18 CMakeFiles/midi_try.dir/home/jorgealejandro/.pico/pico-sdk/lib/tinyusb/src/common/tusb_fifo.c.obj
 .text.backward_pointer
                0x00000000100063fe       0x1e CMakeFiles/midi_try.dir/home/jorgealejandro/.pico/pico-sdk/lib/tinyusb/src/common/tusb_fifo.c.obj
 .text.get_relative_pointer
                0x000000001000641c       0x10 CMakeFiles/midi_try.dir/home/jorgealejandro/.pico/pico-sdk/lib/tinyusb/src/common/tusb_fifo.c.obj
 .text._tu_fifo_peek
                0x000000001000642c       0x50 CMakeFiles/midi_try.dir/home/jorgealejandro/.pico/pico-sdk/lib/tinyusb/src/common/tusb_fifo.c.obj
 .text._ff_pull_const_addr
                0x000000001000647c       0x4c CMakeFiles/midi_try.dir/home/jorgealejandro/.pico/pico-sdk/lib/tinyusb/src/common/tusb_fifo.c.obj
 .text._ff_pull_n
                0x00000000100064c8      0x10c CMakeFiles/midi_try.dir/home/jorgealejandro/.pico/pico-sdk/lib/tinyusb/src/common/tusb_fifo.c.obj
 .text._tu_fifo_peek_n
                0x00000000100065d4       0x5e CMakeFiles/midi_try.dir/home/jorgealejandro/.pico/pico-sdk/lib/tinyusb/src/common/tusb_fifo.c.obj
 .text._tu_fifo_read_n
                0x0000000010006632       0x4e CMakeFiles/midi_try.dir/home/jorgealejandro/.pico/pico-sdk/lib/tinyusb/src/common/tusb_fifo.c.obj
 .text._ff_push_const_addr
                0x0000000010006680       0x40 CMakeFiles/midi_try.dir/home/jorgealejandro/.pico/pico-sdk/lib/tinyusb/src/common/tusb_fifo.c.obj
 .text._ff_push_n
                0x00000000100066c0      0x106 CMakeFiles/midi_try.dir/home/jorgealejandro/.pico/pico-sdk/lib/tinyusb/src/common/tusb_fifo.c.obj
 .text._tu_fifo_write_n
                0x00000000100067c6       0x9e CMakeFiles/midi_try.dir/home/jorgealejandro/.pico/pico-sdk/lib/tinyusb/src/common/tusb_fifo.c.obj
 .text.tu_fifo_config
                0x0000000010006864       0x72 CMakeFiles/midi_try.dir/home/jorgealejandro/.pico/pico-sdk/lib/tinyusb/src/common/tusb_fifo.c.obj
                0x0000000010006864                tu_fifo_config
 .text.tu_fifo_count
                0x00000000100068d6       0x26 CMakeFiles/midi_try.dir/home/jorgealejandro/.pico/pico-sdk/lib/tinyusb/src/common/tusb_fifo.c.obj
                0x00000000100068d6                tu_fifo_count
 .text.tu_fifo_remaining
                0x00000000100068fc       0x20 CMakeFiles/midi_try.dir/home/jorgealejandro/.pico/pico-sdk/lib/tinyusb/src/common/tusb_fifo.c.obj
                0x00000000100068fc                tu_fifo_remaining
 .text.tu_fifo_read
                0x000000001000691c       0x42 CMakeFiles/midi_try.dir/home/jorgealejandro/.pico/pico-sdk/lib/tinyusb/src/common/tusb_fifo.c.obj
                0x000000001000691c                tu_fifo_read
 .text.tu_fifo_read_n
                0x000000001000695e        0xa CMakeFiles/midi_try.dir/home/jorgealejandro/.pico/pico-sdk/lib/tinyusb/src/common/tusb_fifo.c.obj
                0x000000001000695e                tu_fifo_read_n
 .text.tu_fifo_write
                0x0000000010006968       0x6c CMakeFiles/midi_try.dir/home/jorgealejandro/.pico/pico-sdk/lib/tinyusb/src/common/tusb_fifo.c.obj
                0x0000000010006968                tu_fifo_write
 .text.tu_fifo_write_n
                0x00000000100069d4        0xa CMakeFiles/midi_try.dir/home/jorgealejandro/.pico/pico-sdk/lib/tinyusb/src/common/tusb_fifo.c.obj
                0x00000000100069d4                tu_fifo_write_n
 .text.tu_fifo_clear
                0x00000000100069de       0x4c CMakeFiles/midi_try.dir/home/jorgealejandro/.pico/pico-sdk/lib/tinyusb/src/common/tusb_fifo.c.obj
                0x00000000100069de                tu_fifo_clear
 *fill*         0x0000000010006a2a        0x2 
 .text._retrieve_unique_id_on_boot
                0x0000000010006a2c       0x10 CMakeFiles/midi_try.dir/home/jorgealejandro/.pico/pico-sdk/src/rp2_common/pico_unique_id/unique_id.c.obj
 .text.flash_get_unique_id
                0x0000000010006a3c       0x46 CMakeFiles/midi_try.dir/home/jorgealejandro/.pico/pico-sdk/src/rp2_common/hardware_flash/flash.c.obj
                0x0000000010006a3c                flash_get_unique_id
 .text.board_init
                0x0000000010006a82       0x14 CMakeFiles/midi_try.dir/home/jorgealejandro/.pico/pico-sdk/lib/tinyusb/hw/bsp/rp2040/family.c.obj
                0x0000000010006a82                board_init
 *fill*         0x0000000010006a96        0x2 
 .text          0x0000000010006a98       0x68 /usr/lib/gcc/arm-none-eabi/9.2.1/../../../arm-none-eabi/lib/thumb/v6-m/nofp/libg.a(lib_a-strlen-stub.o)
                0x0000000010006a98                strlen
 *(.fini)
 .fini          0x0000000010006b00        0x4 /usr/lib/gcc/arm-none-eabi/9.2.1/thumb/v6-m/nofp/crti.o
                0x0000000010006b00                _fini
 *fill*         0x0000000010006b04        0x4 
 .fini.__stub   0x0000000010006b08       0x70 linker stubs
 *crtbegin.o(.ctors)
 *crtbegin?.o(.ctors)
 *(EXCLUDE_FILE(*crtend.o *crtend?.o) .ctors)
 *(SORT_BY_NAME(.ctors.*))
 *(.ctors)
 *crtbegin.o(.dtors)
 *crtbegin?.o(.dtors)
 *(EXCLUDE_FILE(*crtend.o *crtend?.o) .dtors)
 *(SORT_BY_NAME(.dtors.*))
 *(.dtors)
 *(.eh_frame*)
 .eh_frame      0x0000000010006b78        0x0 /usr/lib/gcc/arm-none-eabi/9.2.1/thumb/v6-m/nofp/crtbegin.o
                0x0000000010006b78                . = ALIGN (0x4)

.glue_7         0x0000000010006b78        0x0
 .glue_7        0x0000000010006b78        0x0 linker stubs

.glue_7t        0x0000000010006b78        0x0
 .glue_7t       0x0000000010006b78        0x0 linker stubs

.vfp11_veneer   0x0000000010006b78        0x0
 .vfp11_veneer  0x0000000010006b78        0x0 linker stubs

.v4_bx          0x0000000010006b78        0x0
 .v4_bx         0x0000000010006b78        0x0 linker stubs

.iplt           0x0000000010006b78        0x0
 .iplt          0x0000000010006b78        0x0 /usr/lib/gcc/arm-none-eabi/9.2.1/thumb/v6-m/nofp/crtbegin.o

.rodata         0x0000000010006b78     0x1574
 *(EXCLUDE_FILE(*libm.a: *libc.a:*lib_a-mem*.o *libgcc.a:) .rodata*)
 .rodata.str1.4
                0x0000000010006b78       0x2b CMakeFiles/midi_try.dir/usb_descriptors.c.obj
 *fill*         0x0000000010006ba3        0x1 
 .rodata.__compound_literal.0
                0x0000000010006ba4        0x2 CMakeFiles/midi_try.dir/usb_descriptors.c.obj
 *fill*         0x0000000010006ba6        0x2 
 .rodata.desc_device
                0x0000000010006ba8       0x12 CMakeFiles/midi_try.dir/usb_descriptors.c.obj
                0x0000000010006ba8                desc_device
 *fill*         0x0000000010006bba        0x2 
 .rodata.desc_fs_configuration
                0x0000000010006bbc       0x65 CMakeFiles/midi_try.dir/usb_descriptors.c.obj
                0x0000000010006bbc                desc_fs_configuration
 *fill*         0x0000000010006c21        0x3 
 .rodata.spin_lock_claim_unused.str1.4
                0x0000000010006c24       0x1b CMakeFiles/midi_try.dir/home/jorgealejandro/.pico/pico-sdk/src/rp2_common/hardware_sync/sync.c.obj
 *fill*         0x0000000010006c3f        0x1 
 .rodata.repeating_timer_callback.str1.4
                0x0000000010006c40       0x54 CMakeFiles/midi_try.dir/home/jorgealejandro/.pico/pico-sdk/src/common/pico_time/time.c.obj
 .rodata.alarm_pool_dump_key.str1.4
                0x0000000010006c94       0x33 CMakeFiles/midi_try.dir/home/jorgealejandro/.pico/pico-sdk/src/common/pico_time/time.c.obj
 *fill*         0x0000000010006cc7        0x1 
 .rodata.ph_add_child_node.str1.4
                0x0000000010006cc8       0x9e CMakeFiles/midi_try.dir/home/jorgealejandro/.pico/pico-sdk/src/common/pico_time/time.c.obj
 *fill*         0x0000000010006d66        0x2 
 .rodata.add_alarm_under_lock.str1.4
                0x0000000010006d68       0x28 CMakeFiles/midi_try.dir/home/jorgealejandro/.pico/pico-sdk/src/common/pico_time/time.c.obj
                                         0x2b (size before relaxing)
 .rodata.alarm_pool_alarm_callback.str1.4
                0x0000000010006d90       0xee CMakeFiles/midi_try.dir/home/jorgealejandro/.pico/pico-sdk/src/common/pico_time/time.c.obj
 *fill*         0x0000000010006e7e        0x2 
 .rodata.alarm_pool_get_default.str1.4
                0x0000000010006e80       0x21 CMakeFiles/midi_try.dir/home/jorgealejandro/.pico/pico-sdk/src/common/pico_time/time.c.obj
 *fill*         0x0000000010006ea1        0x3 
 .rodata.alarm_pool_cancel_alarm.str1.4
                0x0000000010006ea4       0x27 CMakeFiles/midi_try.dir/home/jorgealejandro/.pico/pico-sdk/src/common/pico_time/time.c.obj
 *fill*         0x0000000010006ecb        0x1 
 .rodata.__func__.5701
                0x0000000010006ecc       0x15 CMakeFiles/midi_try.dir/home/jorgealejandro/.pico/pico-sdk/src/common/pico_time/time.c.obj
 *fill*         0x0000000010006ee1        0x3 
 .rodata.__func__.6007
                0x0000000010006ee4        0xc CMakeFiles/midi_try.dir/home/jorgealejandro/.pico/pico-sdk/src/common/pico_time/time.c.obj
 .rodata.__func__.6014
                0x0000000010006ef0       0x12 CMakeFiles/midi_try.dir/home/jorgealejandro/.pico/pico-sdk/src/common/pico_time/time.c.obj
 *fill*         0x0000000010006f02        0x2 
 .rodata.__func__.6030
                0x0000000010006f04        0xf CMakeFiles/midi_try.dir/home/jorgealejandro/.pico/pico-sdk/src/common/pico_time/time.c.obj
 *fill*         0x0000000010006f13        0x1 
 .rodata.__func__.6052
                0x0000000010006f14        0xd CMakeFiles/midi_try.dir/home/jorgealejandro/.pico/pico-sdk/src/common/pico_time/time.c.obj
 *fill*         0x0000000010006f21        0x3 
 .rodata.__func__.6276
                0x0000000010006f24        0xa CMakeFiles/midi_try.dir/home/jorgealejandro/.pico/pico-sdk/src/common/pico_time/time.c.obj
 *fill*         0x0000000010006f2e        0x2 
 .rodata.__func__.6281
                0x0000000010006f30       0x12 CMakeFiles/midi_try.dir/home/jorgealejandro/.pico/pico-sdk/src/common/pico_time/time.c.obj
 *fill*         0x0000000010006f42        0x2 
 .rodata.__func__.6296
                0x0000000010006f44       0x17 CMakeFiles/midi_try.dir/home/jorgealejandro/.pico/pico-sdk/src/common/pico_time/time.c.obj
 *fill*         0x0000000010006f5b        0x1 
 .rodata.__func__.6307
                0x0000000010006f5c       0x15 CMakeFiles/midi_try.dir/home/jorgealejandro/.pico/pico-sdk/src/common/pico_time/time.c.obj
 *fill*         0x0000000010006f71        0x3 
 .rodata.__func__.6324
                0x0000000010006f74       0x1a CMakeFiles/midi_try.dir/home/jorgealejandro/.pico/pico-sdk/src/common/pico_time/time.c.obj
 *fill*         0x0000000010006f8e        0x2 
 .rodata.__func__.6363
                0x0000000010006f90       0x18 CMakeFiles/midi_try.dir/home/jorgealejandro/.pico/pico-sdk/src/common/pico_time/time.c.obj
 .rodata.hardware_alarm_claim.str1.4
                0x0000000010006fa8       0x22 CMakeFiles/midi_try.dir/home/jorgealejandro/.pico/pico-sdk/src/rp2_common/hardware_timer/timer.c.obj
 .rodata.busy_wait_us.str1.4
                0x0000000010006fca       0x6a CMakeFiles/midi_try.dir/home/jorgealejandro/.pico/pico-sdk/src/rp2_common/hardware_timer/timer.c.obj
 *fill*         0x0000000010006fca        0x2 
 .rodata.hardware_alarm_set_target.str1.4
                0x0000000010006fcc       0x6e CMakeFiles/midi_try.dir/home/jorgealejandro/.pico/pico-sdk/src/rp2_common/hardware_timer/timer.c.obj
 *fill*         0x000000001000703a        0x2 
 .rodata.__func__.4193
                0x000000001000703c       0x15 CMakeFiles/midi_try.dir/home/jorgealejandro/.pico/pico-sdk/src/rp2_common/hardware_timer/timer.c.obj
 *fill*         0x0000000010007051        0x3 
 .rodata.__func__.4559
                0x0000000010007054       0x1a CMakeFiles/midi_try.dir/home/jorgealejandro/.pico/pico-sdk/src/rp2_common/hardware_timer/timer.c.obj
 *fill*         0x000000001000706e        0x2 
 .rodata.str1.4
                0x0000000010007070       0x95 CMakeFiles/midi_try.dir/home/jorgealejandro/.pico/pico-sdk/src/common/pico_sync/mutex.c.obj
                                        0x101 (size before relaxing)
 *fill*         0x0000000010007105        0x3 
 .rodata.__func__.4193
                0x0000000010007108       0x15 CMakeFiles/midi_try.dir/home/jorgealejandro/.pico/pico-sdk/src/common/pico_sync/mutex.c.obj
 *fill*         0x000000001000711d        0x3 
 .rodata.__func__.4681
                0x0000000010007120       0x18 CMakeFiles/midi_try.dir/home/jorgealejandro/.pico/pico-sdk/src/common/pico_sync/mutex.c.obj
 .rodata.__func__.4700
                0x0000000010007138        0xb CMakeFiles/midi_try.dir/home/jorgealejandro/.pico/pico-sdk/src/common/pico_sync/mutex.c.obj
 .rodata.ph_add_child_node.str1.4
                0x0000000010007143       0x9e CMakeFiles/midi_try.dir/home/jorgealejandro/.pico/pico-sdk/src/common/pico_util/pheap.c.obj
 *fill*         0x0000000010007143        0x1 
 .rodata.ph_remove_any_head.str1.4
                0x0000000010007144       0x98 CMakeFiles/midi_try.dir/home/jorgealejandro/.pico/pico-sdk/src/common/pico_util/pheap.c.obj
 .rodata.ph_remove_and_free_node.str1.4
                0x00000000100071dc       0x26 CMakeFiles/midi_try.dir/home/jorgealejandro/.pico/pico-sdk/src/common/pico_util/pheap.c.obj
 *fill*         0x0000000010007202        0x2 
 .rodata.__func__.5708
                0x0000000010007204        0xc CMakeFiles/midi_try.dir/home/jorgealejandro/.pico/pico-sdk/src/common/pico_util/pheap.c.obj
 .rodata.__func__.5715
                0x0000000010007210       0x12 CMakeFiles/midi_try.dir/home/jorgealejandro/.pico/pico-sdk/src/common/pico_util/pheap.c.obj
 *fill*         0x0000000010007222        0x2 
 .rodata.__func__.5801
                0x0000000010007224       0x13 CMakeFiles/midi_try.dir/home/jorgealejandro/.pico/pico-sdk/src/common/pico_util/pheap.c.obj
 *fill*         0x0000000010007237        0x1 
 .rodata.__func__.5819
                0x0000000010007238       0x18 CMakeFiles/midi_try.dir/home/jorgealejandro/.pico/pico-sdk/src/common/pico_util/pheap.c.obj
 .rodata.__assert_func.str1.4
                0x0000000010007250       0x3f CMakeFiles/midi_try.dir/home/jorgealejandro/.pico/pico-sdk/src/rp2_common/pico_runtime/runtime.c.obj
                                         0x43 (size before relaxing)
 *fill*         0x000000001000728f        0x1 
 .rodata.runtime_init.str1.4
                0x0000000010007290       0x6a CMakeFiles/midi_try.dir/home/jorgealejandro/.pico/pico-sdk/src/rp2_common/pico_runtime/runtime.c.obj
 *fill*         0x00000000100072fa        0x2 
 .rodata.panic.str1.4
                0x00000000100072fc       0x12 CMakeFiles/midi_try.dir/home/jorgealejandro/.pico/pico-sdk/src/rp2_common/pico_runtime/runtime.c.obj
 *fill*         0x000000001000730e        0x2 
 .rodata.__func__.5816
                0x0000000010007310        0xd CMakeFiles/midi_try.dir/home/jorgealejandro/.pico/pico-sdk/src/rp2_common/pico_runtime/runtime.c.obj
 *fill*         0x000000001000731d        0x3 
 .rodata.clock_configure.str1.4
                0x0000000010007320       0x60 CMakeFiles/midi_try.dir/home/jorgealejandro/.pico/pico-sdk/src/rp2_common/hardware_clocks/clocks.c.obj
 .rodata.__func__.4688
                0x0000000010007380       0x10 CMakeFiles/midi_try.dir/home/jorgealejandro/.pico/pico-sdk/src/rp2_common/hardware_clocks/clocks.c.obj
 .rodata.make_branch.str1.4
                0x0000000010007390       0x56 CMakeFiles/midi_try.dir/home/jorgealejandro/.pico/pico-sdk/src/rp2_common/hardware_irq/irq.c.obj
 *fill*         0x00000000100073e6        0x2 
 .rodata.irq_set_exclusive_handler.str1.4
                0x00000000100073e8       0x36 CMakeFiles/midi_try.dir/home/jorgealejandro/.pico/pico-sdk/src/rp2_common/hardware_irq/irq.c.obj
 *fill*         0x000000001000741e        0x2 
 .rodata.irq_add_shared_handler.str1.4
                0x0000000010007420       0xd9 CMakeFiles/midi_try.dir/home/jorgealejandro/.pico/pico-sdk/src/rp2_common/hardware_irq/irq.c.obj
 *fill*         0x00000000100074f9        0x3 
 .rodata.irq_remove_handler.str1.4
                0x00000000100074fc       0x2a CMakeFiles/midi_try.dir/home/jorgealejandro/.pico/pico-sdk/src/rp2_common/hardware_irq/irq.c.obj
 *fill*         0x0000000010007526        0x2 
 .rodata.irq_add_tail_to_free_list.str1.4
                0x0000000010007528       0x32 CMakeFiles/midi_try.dir/home/jorgealejandro/.pico/pico-sdk/src/rp2_common/hardware_irq/irq.c.obj
                                         0x3a (size before relaxing)
 *fill*         0x000000001000755a        0x2 
 .rodata.__func__.4733
                0x000000001000755c       0x1a CMakeFiles/midi_try.dir/home/jorgealejandro/.pico/pico-sdk/src/rp2_common/hardware_irq/irq.c.obj
 *fill*         0x0000000010007576        0x2 
 .rodata.__func__.4747
                0x0000000010007578        0xc CMakeFiles/midi_try.dir/home/jorgealejandro/.pico/pico-sdk/src/rp2_common/hardware_irq/irq.c.obj
 .rodata.__func__.4755
                0x0000000010007584       0x17 CMakeFiles/midi_try.dir/home/jorgealejandro/.pico/pico-sdk/src/rp2_common/hardware_irq/irq.c.obj
 *fill*         0x000000001000759b        0x1 
 .rodata.__func__.4759
                0x000000001000759c        0xf CMakeFiles/midi_try.dir/home/jorgealejandro/.pico/pico-sdk/src/rp2_common/hardware_irq/irq.c.obj
 *fill*         0x00000000100075ab        0x1 
 .rodata.__func__.4798
                0x00000000100075ac       0x13 CMakeFiles/midi_try.dir/home/jorgealejandro/.pico/pico-sdk/src/rp2_common/hardware_irq/irq.c.obj
 *fill*         0x00000000100075bf        0x1 
 .rodata.__func__.4821
                0x00000000100075c0       0x1a CMakeFiles/midi_try.dir/home/jorgealejandro/.pico/pico-sdk/src/rp2_common/hardware_irq/irq.c.obj
 *fill*         0x00000000100075da        0x2 
 .rodata.pll_init.str1.4
                0x00000000100075dc       0xe3 CMakeFiles/midi_try.dir/home/jorgealejandro/.pico/pico-sdk/src/rp2_common/hardware_pll/pll.c.obj
 *fill*         0x00000000100076bf        0x1 
 .rodata.__func__.4408
                0x00000000100076c0        0x9 CMakeFiles/midi_try.dir/home/jorgealejandro/.pico/pico-sdk/src/rp2_common/hardware_pll/pll.c.obj
 *fill*         0x00000000100076c9        0x3 
 .rodata._ftoa.str1.4
                0x00000000100076cc       0x15 CMakeFiles/midi_try.dir/home/jorgealejandro/.pico/pico-sdk/src/rp2_common/pico_printf/printf.c.obj
 *fill*         0x00000000100076e1        0x3 
 .rodata._vsnprintf
                0x00000000100076e4      0x1e0 CMakeFiles/midi_try.dir/home/jorgealejandro/.pico/pico-sdk/src/rp2_common/pico_printf/printf.c.obj
 *fill*         0x00000000100078c4        0x4 
 .rodata.pow10.5422
                0x00000000100078c8       0x50 CMakeFiles/midi_try.dir/home/jorgealejandro/.pico/pico-sdk/src/rp2_common/pico_printf/printf.c.obj
 .rodata.__aeabi_double_init.str1.4
                0x0000000010007918       0xb1 CMakeFiles/midi_try.dir/home/jorgealejandro/.pico/pico-sdk/src/rp2_common/pico_double/double_init_rom.c.obj
 *fill*         0x00000000100079c9        0x3 
 .rodata.__func__.4719
                0x00000000100079cc       0x14 CMakeFiles/midi_try.dir/home/jorgealejandro/.pico/pico-sdk/src/rp2_common/pico_double/double_init_rom.c.obj
 .rodata.__aeabi_float_init.str1.4
                0x00000000100079e0       0x83 CMakeFiles/midi_try.dir/home/jorgealejandro/.pico/pico-sdk/src/rp2_common/pico_float/float_init_rom.c.obj
                                         0x87 (size before relaxing)
 *fill*         0x0000000010007a63        0x1 
 .rodata.__func__.4720
                0x0000000010007a64       0x13 CMakeFiles/midi_try.dir/home/jorgealejandro/.pico/pico-sdk/src/rp2_common/pico_float/float_init_rom.c.obj
 *fill*         0x0000000010007a77        0x1 
 .rodata.str1.4
                0x0000000010007a78       0x40 CMakeFiles/midi_try.dir/home/jorgealejandro/.pico/pico-sdk/src/rp2_common/pico_standard_link/binary_info.c.obj
 .rodata.__bi_44
                0x0000000010007ab8        0xc CMakeFiles/midi_try.dir/home/jorgealejandro/.pico/pico-sdk/src/rp2_common/pico_standard_link/binary_info.c.obj
 .rodata.__bi_75
                0x0000000010007ac4        0xc CMakeFiles/midi_try.dir/home/jorgealejandro/.pico/pico-sdk/src/rp2_common/pico_standard_link/binary_info.c.obj
 .rodata.__bi_81
                0x0000000010007ad0        0xc CMakeFiles/midi_try.dir/home/jorgealejandro/.pico/pico-sdk/src/rp2_common/pico_standard_link/binary_info.c.obj
 .rodata.crlf_str.5901
                0x0000000010007adc        0x2 CMakeFiles/midi_try.dir/home/jorgealejandro/.pico/pico-sdk/src/rp2_common/pico_stdio/stdio.c.obj
 *fill*         0x0000000010007ade        0x2 
 .rodata._hw_endpoint_alloc.str1.4
                0x0000000010007ae0       0xc1 CMakeFiles/midi_try.dir/home/jorgealejandro/.pico/pico-sdk/lib/tinyusb/src/portable/raspberrypi/rp2040/dcd_rp2040.c.obj
 *fill*         0x0000000010007ba1        0x3 
 .rodata.dcd_rp2040_irq.str1.4
                0x0000000010007ba4       0x14 CMakeFiles/midi_try.dir/home/jorgealejandro/.pico/pico-sdk/lib/tinyusb/src/portable/raspberrypi/rp2040/dcd_rp2040.c.obj
 .rodata.dcd_int_enable.str1.4
                0x0000000010007bb8        0xc CMakeFiles/midi_try.dir/home/jorgealejandro/.pico/pico-sdk/lib/tinyusb/src/portable/raspberrypi/rp2040/dcd_rp2040.c.obj
 .rodata.__func__.6863
                0x0000000010007bc4       0x13 CMakeFiles/midi_try.dir/home/jorgealejandro/.pico/pico-sdk/lib/tinyusb/src/portable/raspberrypi/rp2040/dcd_rp2040.c.obj
 *fill*         0x0000000010007bd7        0x1 
 .rodata.__func__.6916
                0x0000000010007bd8        0x9 CMakeFiles/midi_try.dir/home/jorgealejandro/.pico/pico-sdk/lib/tinyusb/src/portable/raspberrypi/rp2040/dcd_rp2040.c.obj
 *fill*         0x0000000010007be1        0x3 
 .rodata.__func__.6920
                0x0000000010007be4        0xf CMakeFiles/midi_try.dir/home/jorgealejandro/.pico/pico-sdk/lib/tinyusb/src/portable/raspberrypi/rp2040/dcd_rp2040.c.obj
 *fill*         0x0000000010007bf3        0x1 
 .rodata.__func__.6929
                0x0000000010007bf4       0x10 CMakeFiles/midi_try.dir/home/jorgealejandro/.pico/pico-sdk/lib/tinyusb/src/portable/raspberrypi/rp2040/dcd_rp2040.c.obj
 .rodata.__func__.6948
                0x0000000010007c04        0xe CMakeFiles/midi_try.dir/home/jorgealejandro/.pico/pico-sdk/lib/tinyusb/src/portable/raspberrypi/rp2040/dcd_rp2040.c.obj
 *fill*         0x0000000010007c12        0x2 
 .rodata.__func__.6958
                0x0000000010007c14        0xe CMakeFiles/midi_try.dir/home/jorgealejandro/.pico/pico-sdk/lib/tinyusb/src/portable/raspberrypi/rp2040/dcd_rp2040.c.obj
 *fill*         0x0000000010007c22        0x2 
 .rodata.sync_ep_buffer.str1.4
                0x0000000010007c24       0x9d CMakeFiles/midi_try.dir/home/jorgealejandro/.pico/pico-sdk/lib/tinyusb/src/portable/raspberrypi/rp2040/rp2040_usb.c.obj
 *fill*         0x0000000010007cc1        0x3 
 .rodata._hw_endpoint_buffer_control_update32.str1.4
                0x0000000010007cc4       0x1f CMakeFiles/midi_try.dir/home/jorgealejandro/.pico/pico-sdk/lib/tinyusb/src/portable/raspberrypi/rp2040/rp2040_usb.c.obj
 *fill*         0x0000000010007ce3        0x1 
 .rodata.hw_endpoint_xfer_start.str1.4
                0x0000000010007ce4       0x38 CMakeFiles/midi_try.dir/home/jorgealejandro/.pico/pico-sdk/lib/tinyusb/src/portable/raspberrypi/rp2040/rp2040_usb.c.obj
 .rodata.hw_endpoint_xfer_continue.str1.4
                0x0000000010007d1c       0x29 CMakeFiles/midi_try.dir/home/jorgealejandro/.pico/pico-sdk/lib/tinyusb/src/portable/raspberrypi/rp2040/rp2040_usb.c.obj
 *fill*         0x0000000010007d45        0x3 
 .rodata.str1.4
                0x0000000010007d48        0x7 CMakeFiles/midi_try.dir/home/jorgealejandro/.pico/pico-sdk/lib/tinyusb/src/portable/raspberrypi/rp2040/rp2040_usb.c.obj
 *fill*         0x0000000010007d4f        0x1 
 .rodata.__func__.6630
                0x0000000010007d50        0xf CMakeFiles/midi_try.dir/home/jorgealejandro/.pico/pico-sdk/lib/tinyusb/src/portable/raspberrypi/rp2040/rp2040_usb.c.obj
 *fill*         0x0000000010007d5f        0x1 
 .rodata.process_set_config.str1.4
                0x0000000010007d60       0x17 CMakeFiles/midi_try.dir/home/jorgealejandro/.pico/pico-sdk/lib/tinyusb/src/device/usbd.c.obj
 *fill*         0x0000000010007d77        0x1 
 .rodata.process_get_descriptor
                0x0000000010007d78       0x40 CMakeFiles/midi_try.dir/home/jorgealejandro/.pico/pico-sdk/lib/tinyusb/src/device/usbd.c.obj
 .rodata.process_control_request
                0x0000000010007db8       0x28 CMakeFiles/midi_try.dir/home/jorgealejandro/.pico/pico-sdk/lib/tinyusb/src/device/usbd.c.obj
 .rodata.tud_task
                0x0000000010007de0       0x24 CMakeFiles/midi_try.dir/home/jorgealejandro/.pico/pico-sdk/lib/tinyusb/src/device/usbd.c.obj
 .rodata.__func__.6539
                0x0000000010007e04       0x10 CMakeFiles/midi_try.dir/home/jorgealejandro/.pico/pico-sdk/lib/tinyusb/src/device/usbd.c.obj
 .rodata.__func__.7709
                0x0000000010007e14        0x9 CMakeFiles/midi_try.dir/home/jorgealejandro/.pico/pico-sdk/lib/tinyusb/src/device/usbd.c.obj
 *fill*         0x0000000010007e1d        0x3 
 .rodata.__func__.7730
                0x0000000010007e20       0x18 CMakeFiles/midi_try.dir/home/jorgealejandro/.pico/pico-sdk/lib/tinyusb/src/device/usbd.c.obj
 .rodata.__func__.7773
                0x0000000010007e38       0x13 CMakeFiles/midi_try.dir/home/jorgealejandro/.pico/pico-sdk/lib/tinyusb/src/device/usbd.c.obj
 *fill*         0x0000000010007e4b        0x1 
 .rodata.__func__.7808
                0x0000000010007e4c       0x17 CMakeFiles/midi_try.dir/home/jorgealejandro/.pico/pico-sdk/lib/tinyusb/src/device/usbd.c.obj
 *fill*         0x0000000010007e63        0x1 
 .rodata.__func__.7876
                0x0000000010007e64        0xf CMakeFiles/midi_try.dir/home/jorgealejandro/.pico/pico-sdk/lib/tinyusb/src/device/usbd.c.obj
 *fill*         0x0000000010007e73        0x1 
 .rodata.__func__.7899
                0x0000000010007e74        0xf CMakeFiles/midi_try.dir/home/jorgealejandro/.pico/pico-sdk/lib/tinyusb/src/device/usbd.c.obj
 *fill*         0x0000000010007e83        0x1 
 .rodata._usbd_driver
                0x0000000010007e84       0x18 CMakeFiles/midi_try.dir/home/jorgealejandro/.pico/pico-sdk/lib/tinyusb/src/device/usbd.c.obj
 .rodata.tud_control_xfer.str1.4
                0x0000000010007e9c       0x17 CMakeFiles/midi_try.dir/home/jorgealejandro/.pico/pico-sdk/lib/tinyusb/src/device/usbd_control.c.obj
 .rodata.__func__.7624
                0x0000000010007e9c       0x11 CMakeFiles/midi_try.dir/home/jorgealejandro/.pico/pico-sdk/lib/tinyusb/src/device/usbd_control.c.obj
 *fill*         0x0000000010007ead        0x3 
 .rodata.__func__.7651
                0x0000000010007eb0       0x15 CMakeFiles/midi_try.dir/home/jorgealejandro/.pico/pico-sdk/lib/tinyusb/src/device/usbd_control.c.obj
 .rodata.write_flush.str1.4
                0x0000000010007ec5       0x17 CMakeFiles/midi_try.dir/home/jorgealejandro/.pico/pico-sdk/lib/tinyusb/src/class/midi/midi_device.c.obj
 *fill*         0x0000000010007ec5        0x3 
 .rodata.tud_midi_n_stream_read
                0x0000000010007ec8       0x40 CMakeFiles/midi_try.dir/home/jorgealejandro/.pico/pico-sdk/lib/tinyusb/src/class/midi/midi_device.c.obj
 .rodata.__func__.7562
                0x0000000010007f08        0xc CMakeFiles/midi_try.dir/home/jorgealejandro/.pico/pico-sdk/lib/tinyusb/src/class/midi/midi_device.c.obj
 .rodata.__func__.7574
                0x0000000010007f14       0x18 CMakeFiles/midi_try.dir/home/jorgealejandro/.pico/pico-sdk/lib/tinyusb/src/class/midi/midi_device.c.obj
 .rodata.__func__.7621
                0x0000000010007f2c        0xb CMakeFiles/midi_try.dir/home/jorgealejandro/.pico/pico-sdk/lib/tinyusb/src/class/midi/midi_device.c.obj
 *fill*         0x0000000010007f37        0x1 
 .rodata.__func__.7642
                0x0000000010007f38        0xe CMakeFiles/midi_try.dir/home/jorgealejandro/.pico/pico-sdk/lib/tinyusb/src/class/midi/midi_device.c.obj
 .rodata.tusb_init.str1.4
                0x0000000010007f46       0x17 CMakeFiles/midi_try.dir/home/jorgealejandro/.pico/pico-sdk/lib/tinyusb/src/tusb.c.obj
 *fill*         0x0000000010007f46        0x2 
 .rodata.__func__.7497
                0x0000000010007f48        0xa CMakeFiles/midi_try.dir/home/jorgealejandro/.pico/pico-sdk/lib/tinyusb/src/tusb.c.obj
 *fill*         0x0000000010007f52        0x2 
 .rodata.__func__.7509
                0x0000000010007f54       0x11 CMakeFiles/midi_try.dir/home/jorgealejandro/.pico/pico-sdk/lib/tinyusb/src/tusb.c.obj
 *fill*         0x0000000010007f65        0x3 
 .rodata.str1.4
                0x0000000010007f68      0x162 CMakeFiles/midi_try.dir/home/jorgealejandro/.pico/pico-sdk/src/rp2_common/hardware_flash/flash.c.obj
 *fill*         0x00000000100080ca        0x2 
 .rodata.__func__.4461
                0x00000000100080cc        0xd CMakeFiles/midi_try.dir/home/jorgealejandro/.pico/pico-sdk/src/rp2_common/hardware_flash/flash.c.obj
 *fill*         0x00000000100080d9        0x3 
 .rodata.str1.4
                0x00000000100080dc        0x4 CMakeFiles/midi_try.dir/home/jorgealejandro/.pico/pico-sdk/lib/tinyusb/hw/bsp/rp2040/family.c.obj
 .rodata.__bi_121.7943
                0x00000000100080e0        0xc CMakeFiles/midi_try.dir/home/jorgealejandro/.pico/pico-sdk/lib/tinyusb/hw/bsp/rp2040/family.c.obj
                0x00000000100080ec                . = ALIGN (0x4)
 *(SORT_BY_ALIGNMENT(SORT_BY_NAME(.flashdata*)))
                0x00000000100080ec                . = ALIGN (0x4)

.rel.dyn        0x00000000100080ec        0x0
 .rel.iplt      0x00000000100080ec        0x0 /usr/lib/gcc/arm-none-eabi/9.2.1/thumb/v6-m/nofp/crtbegin.o

.ARM.extab
 *(.ARM.extab* .gnu.linkonce.armextab.*)
                0x00000000100080ec                __exidx_start = .

.ARM.exidx
 *(.ARM.exidx* .gnu.linkonce.armexidx.*)
                0x00000000100080ec                __exidx_end = .
                0x00000000100080ec                . = ALIGN (0x4)
                0x00000000100080ec                __binary_info_start = .

.binary_info    0x00000000100080ec       0x20
 *(.binary_info.keep.*)
 .binary_info.keep.__bi_ptr22
                0x00000000100080ec        0x4 CMakeFiles/midi_try.dir/home/jorgealejandro/.pico/pico-sdk/src/rp2_common/pico_standard_link/binary_info.c.obj
 .binary_info.keep.__bi_ptr30
                0x00000000100080f0        0x4 CMakeFiles/midi_try.dir/home/jorgealejandro/.pico/pico-sdk/src/rp2_common/pico_standard_link/binary_info.c.obj
 .binary_info.keep.__bi_ptr38
                0x00000000100080f4        0x4 CMakeFiles/midi_try.dir/home/jorgealejandro/.pico/pico-sdk/src/rp2_common/pico_standard_link/binary_info.c.obj
 .binary_info.keep.__bi_ptr44
                0x00000000100080f8        0x4 CMakeFiles/midi_try.dir/home/jorgealejandro/.pico/pico-sdk/src/rp2_common/pico_standard_link/binary_info.c.obj
 .binary_info.keep.__bi_ptr50
                0x00000000100080fc        0x4 CMakeFiles/midi_try.dir/home/jorgealejandro/.pico/pico-sdk/src/rp2_common/pico_standard_link/binary_info.c.obj
 .binary_info.keep.__bi_ptr75
                0x0000000010008100        0x4 CMakeFiles/midi_try.dir/home/jorgealejandro/.pico/pico-sdk/src/rp2_common/pico_standard_link/binary_info.c.obj
 .binary_info.keep.__bi_ptr81
                0x0000000010008104        0x4 CMakeFiles/midi_try.dir/home/jorgealejandro/.pico/pico-sdk/src/rp2_common/pico_standard_link/binary_info.c.obj
 .binary_info.keep.__bi_ptr121
                0x0000000010008108        0x4 CMakeFiles/midi_try.dir/home/jorgealejandro/.pico/pico-sdk/lib/tinyusb/hw/bsp/rp2040/family.c.obj
 *(.binary_info.*)
                0x000000001000810c                __binary_info_end = .
                0x000000001000810c                . = ALIGN (0x4)
                0x000000001000810c                __etext = .

.ram_vector_table
                0x0000000020000000       0xc0
 *(.ram_vector_table)
 .ram_vector_table
                0x0000000020000000       0xc0 CMakeFiles/midi_try.dir/home/jorgealejandro/.pico/pico-sdk/src/rp2_common/pico_runtime/runtime.c.obj
                0x0000000020000000                ram_vector_table

.data           0x00000000200000c0      0x45c load address 0x000000001000810c
                0x00000000200000c0                __data_start__ = .
 *(vtable)
 *(.time_critical*)
 .time_critical.mutex_enter_blocking
                0x00000000200000c0       0x48 CMakeFiles/midi_try.dir/home/jorgealejandro/.pico/pico-sdk/src/common/pico_sync/mutex.c.obj
                0x00000000200000c0                mutex_enter_blocking
 .time_critical.mutex_try_enter
                0x0000000020000108       0x48 CMakeFiles/midi_try.dir/home/jorgealejandro/.pico/pico-sdk/src/common/pico_sync/mutex.c.obj
                0x0000000020000108                mutex_try_enter
 .time_critical.mutex_enter_block_until
                0x0000000020000150       0x88 CMakeFiles/midi_try.dir/home/jorgealejandro/.pico/pico-sdk/src/common/pico_sync/mutex.c.obj
                0x0000000020000150                mutex_enter_block_until
 .time_critical.mutex_enter_timeout_ms
                0x00000000200001d8       0x78 CMakeFiles/midi_try.dir/home/jorgealejandro/.pico/pico-sdk/src/common/pico_sync/mutex.c.obj
                0x00000000200001d8                mutex_enter_timeout_ms
 .time_critical.mutex_exit
                0x0000000020000250       0x4c CMakeFiles/midi_try.dir/home/jorgealejandro/.pico/pico-sdk/src/common/pico_sync/mutex.c.obj
                0x0000000020000250                mutex_exit
 .time_critical.flash_init_boot2_copyout
                0x000000002000029c       0x30 CMakeFiles/midi_try.dir/home/jorgealejandro/.pico/pico-sdk/src/rp2_common/hardware_flash/flash.c.obj
 .time_critical.flash_enable_xip_via_boot2
                0x00000000200002cc       0x10 CMakeFiles/midi_try.dir/home/jorgealejandro/.pico/pico-sdk/src/rp2_common/hardware_flash/flash.c.obj
 .time_critical.flash_cs_force
                0x00000000200002dc       0x28 CMakeFiles/midi_try.dir/home/jorgealejandro/.pico/pico-sdk/src/rp2_common/hardware_flash/flash.c.obj
 .time_critical.flash_do_cmd
                0x0000000020000304       0xd8 CMakeFiles/midi_try.dir/home/jorgealejandro/.pico/pico-sdk/src/rp2_common/hardware_flash/flash.c.obj
                0x0000000020000304                flash_do_cmd
 *(.text*)
 .text          0x00000000200003dc        0x4 /usr/lib/gcc/arm-none-eabi/9.2.1/thumb/v6-m/nofp/libgcc.a(_dvmd_tls.o)
                0x00000000200003dc                __aeabi_ldiv0
                0x00000000200003dc                __aeabi_idiv0
 .text.__stub   0x00000000200003e0       0x40 linker stubs
                0x0000000020000420                . = ALIGN (0x4)
 *(.rodata*)
                0x0000000020000420                . = ALIGN (0x4)
 *(.data*)
 .data.string_desc_arr
                0x0000000020000420       0x10 CMakeFiles/midi_try.dir/usb_descriptors.c.obj
                0x0000000020000420                string_desc_arr
 .data.striped_spin_lock_num
                0x0000000020000430        0x1 CMakeFiles/midi_try.dir/home/jorgealejandro/.pico/pico-sdk/src/rp2_common/hardware_sync/sync.c.obj
 *fill*         0x0000000020000431        0x3 
 .data.default_alarm_pool
                0x0000000020000434       0x18 CMakeFiles/midi_try.dir/home/jorgealejandro/.pico/pico-sdk/src/common/pico_time/time.c.obj
 .data.default_alarm_pool_heap
                0x000000002000044c       0x10 CMakeFiles/midi_try.dir/home/jorgealejandro/.pico/pico-sdk/src/common/pico_time/time.c.obj
 .data          0x000000002000045c       0x48 CMakeFiles/midi_try.dir/home/jorgealejandro/.pico/pico-sdk/src/rp2_common/hardware_irq/irq_handler_chain.S.obj
                0x000000002000045c                irq_handler_chain_slots
                0x000000002000048c                irq_handler_chain_first_slot
                0x0000000020000496                irq_handler_chain_remove_tail
 *fill*         0x00000000200004a4        0xc 
 .data.aeabi_bits_funcs
                0x00000000200004b0       0x10 CMakeFiles/midi_try.dir/home/jorgealejandro/.pico/pico-sdk/src/rp2_common/pico_bit_ops/bit_ops_aeabi.S.obj
                0x00000000200004b0                aeabi_bits_funcs
                0x00000000200004c0                aeabi_bits_funcs_end
 .data.aeabi_mem_funcs
                0x00000000200004c0       0x10 CMakeFiles/midi_try.dir/home/jorgealejandro/.pico/pico-sdk/src/rp2_common/pico_mem_ops/mem_ops_aeabi.S.obj
                0x00000000200004c0                aeabi_mem_funcs
                0x00000000200004d0                aeabi_mem_funcs_end
 .data.ep_dir_string
                0x00000000200004d0        0x8 CMakeFiles/midi_try.dir/home/jorgealejandro/.pico/pico-sdk/lib/tinyusb/src/portable/raspberrypi/rp2040/rp2040_usb.c.obj
                0x00000000200004d0                ep_dir_string
 .data._usbd_qdef
                0x00000000200004d8       0x24 CMakeFiles/midi_try.dir/home/jorgealejandro/.pico/pico-sdk/lib/tinyusb/src/device/usbd.c.obj
                0x00000000200004d8                _usbd_qdef
                0x00000000200004fc                . = ALIGN (0x4)
 *(.after_data.*)
                0x00000000200004fc                . = ALIGN (0x4)
                0x00000000200004fc                PROVIDE (__mutex_array_start = .)
 *(SORT_BY_NAME(.mutex_array.*))
 *(.mutex_array)
 .mutex_array   0x00000000200004fc        0x8 CMakeFiles/midi_try.dir/home/jorgealejandro/.pico/pico-sdk/src/rp2_common/pico_stdio/stdio.c.obj
                0x0000000020000504                PROVIDE (__mutex_array_end = .)
                0x0000000020000504                . = ALIGN (0x4)
                0x0000000020000504                PROVIDE (__preinit_array_start = .)
 *(SORT_BY_NAME(.preinit_array.*))
 .preinit_array.00001
                0x0000000020000504        0x4 CMakeFiles/midi_try.dir/home/jorgealejandro/.pico/pico-sdk/src/rp2_common/pico_mem_ops/mem_ops_aeabi.S.obj
 .preinit_array.00010
                0x0000000020000508        0x4 CMakeFiles/midi_try.dir/home/jorgealejandro/.pico/pico-sdk/src/rp2_common/pico_bit_ops/bit_ops_aeabi.S.obj
 .preinit_array.00020
                0x000000002000050c        0x4 CMakeFiles/midi_try.dir/home/jorgealejandro/.pico/pico-sdk/src/rp2_common/pico_double/double_aeabi.S.obj
 .preinit_array.00020
                0x0000000020000510        0x4 CMakeFiles/midi_try.dir/home/jorgealejandro/.pico/pico-sdk/src/rp2_common/pico_float/float_aeabi.S.obj
 *(.preinit_array)
                0x0000000020000514                PROVIDE (__preinit_array_end = .)
                0x0000000020000514                . = ALIGN (0x4)
                0x0000000020000514                PROVIDE (__init_array_start = .)
 *(SORT_BY_NAME(.init_array.*))
 *(.init_array)
 .init_array    0x0000000020000514        0x4 /usr/lib/gcc/arm-none-eabi/9.2.1/thumb/v6-m/nofp/crtbegin.o
 .init_array    0x0000000020000518        0x4 CMakeFiles/midi_try.dir/home/jorgealejandro/.pico/pico-sdk/src/rp2_common/pico_unique_id/unique_id.c.obj
                0x000000002000051c                PROVIDE (__init_array_end = .)
                0x000000002000051c                . = ALIGN (0x4)
                0x000000002000051c                PROVIDE (__fini_array_start = .)
 *(SORT_BY_NAME(.fini_array.*))
 *(.fini_array)
                0x000000002000051c                PROVIDE (__fini_array_end = .)
 *(.jcr)
                0x000000002000051c                . = ALIGN (0x4)
                0x000000002000051c                __data_end__ = .

.tm_clone_table
                0x000000002000051c        0x0 load address 0x0000000010008568
 .tm_clone_table
                0x000000002000051c        0x0 /usr/lib/gcc/arm-none-eabi/9.2.1/thumb/v6-m/nofp/crtbegin.o
 .tm_clone_table
                0x000000002000051c        0x0 /usr/lib/gcc/arm-none-eabi/9.2.1/thumb/v6-m/nofp/crtend.o

.igot.plt       0x000000002000051c        0x0 load address 0x0000000010008568
 .igot.plt      0x000000002000051c        0x0 /usr/lib/gcc/arm-none-eabi/9.2.1/thumb/v6-m/nofp/crtbegin.o

.uninitialized_data
                0x000000002000051c        0x0 load address 0x0000000010008568
                0x000000002000051c                . = ALIGN (0x4)
 *(.uninitialized_data*)

.scratch_x      0x0000000020040000        0x0 load address 0x0000000010008568
                0x0000000020040000                __scratch_x_start__ = .
 *(.scratch_x.*)
                0x0000000020040000                . = ALIGN (0x4)
                0x0000000020040000                __scratch_x_end__ = .
                0x0000000010008568                __scratch_x_source__ = LOADADDR (.scratch_x)

.scratch_y      0x0000000020041000        0x0 load address 0x0000000010008568
                0x0000000020041000                __scratch_y_start__ = .
 *(.scratch_y.*)
                0x0000000020041000                . = ALIGN (0x4)
                0x0000000020041000                __scratch_y_end__ = .
                0x0000000010008568                __scratch_y_source__ = LOADADDR (.scratch_y)

.bss            0x0000000020000520      0xbf0
                0x0000000020000520                . = ALIGN (0x4)
                0x0000000020000520                __bss_start__ = .
 *(SORT_BY_ALIGNMENT(SORT_BY_NAME(.bss*)))
 .bss.default_alarm_pool_entries
                0x0000000020000520      0x100 CMakeFiles/midi_try.dir/home/jorgealejandro/.pico/pico-sdk/src/common/pico_time/time.c.obj
 .bss           0x0000000020000620       0x1c /usr/lib/gcc/arm-none-eabi/9.2.1/thumb/v6-m/nofp/crtbegin.o
 .bss._app_driver
                0x000000002000063c        0x4 CMakeFiles/midi_try.dir/home/jorgealejandro/.pico/pico-sdk/lib/tinyusb/src/device/usbd.c.obj
 .bss._ctrl_xfer
                0x0000000020000640       0x14 CMakeFiles/midi_try.dir/home/jorgealejandro/.pico/pico-sdk/lib/tinyusb/src/device/usbd_control.c.obj
 .bss._desc_str
                0x0000000020000654       0x40 CMakeFiles/midi_try.dir/usb_descriptors.c.obj
 .bss._ubsd_mutexdef
                0x0000000020000694        0x8 CMakeFiles/midi_try.dir/home/jorgealejandro/.pico/pico-sdk/lib/tinyusb/src/device/usbd.c.obj
 .bss._usbd_ctrl_buf
                0x000000002000069c       0x40 CMakeFiles/midi_try.dir/home/jorgealejandro/.pico/pico-sdk/lib/tinyusb/src/device/usbd_control.c.obj
 .bss._usbd_dev
                0x00000000200006dc       0x53 CMakeFiles/midi_try.dir/home/jorgealejandro/.pico/pico-sdk/lib/tinyusb/src/device/usbd.c.obj
 *fill*         0x000000002000072f        0x1 
 .bss._usbd_mutex
                0x0000000020000730        0x4 CMakeFiles/midi_try.dir/home/jorgealejandro/.pico/pico-sdk/lib/tinyusb/src/device/usbd.c.obj
 .bss._usbd_q   0x0000000020000734        0x4 CMakeFiles/midi_try.dir/home/jorgealejandro/.pico/pico-sdk/lib/tinyusb/src/device/usbd.c.obj
 .bss.alarm_callbacks
                0x0000000020000738       0x10 CMakeFiles/midi_try.dir/home/jorgealejandro/.pico/pico-sdk/src/rp2_common/hardware_timer/timer.c.obj
 .bss.boot2_copyout
                0x0000000020000748      0x100 CMakeFiles/midi_try.dir/home/jorgealejandro/.pico/pico-sdk/src/rp2_common/hardware_flash/flash.c.obj
 .bss.claimed   0x0000000020000848        0x4 CMakeFiles/midi_try.dir/home/jorgealejandro/.pico/pico-sdk/src/rp2_common/hardware_sync/sync.c.obj
 .bss.configured_freq
                0x000000002000084c       0x28 CMakeFiles/midi_try.dir/home/jorgealejandro/.pico/pico-sdk/src/rp2_common/hardware_clocks/clocks.c.obj