Archive member included to satisfy reference by file (symbol)

/usr/lib/gcc/arm-none-eabi/9.2.1/thumb/v6-m/nofp/libgcc.a(_dvmd_tls.o)
                              CMakeFiles/AbletonIntegration.dir/home/jorgealejandro/.pico/pico-sdk/src/rp2_common/pico_divider/divider.S.obj (__aeabi_idiv0)
/usr/lib/gcc/arm-none-eabi/9.2.1/../../../arm-none-eabi/lib/thumb/v6-m/nofp/libg.a(lib_a-atexit.o)
                              /usr/lib/gcc/arm-none-eabi/9.2.1/../../../arm-none-eabi/lib/thumb/v6-m/nofp/crt0.o (atexit)
/usr/lib/gcc/arm-none-eabi/9.2.1/../../../arm-none-eabi/lib/thumb/v6-m/nofp/libg.a(lib_a-calloc.o)
                              CMakeFiles/AbletonIntegration.dir/home/jorgealejandro/.pico/pico-sdk/src/rp2_common/pico_malloc/pico_malloc.c.obj (calloc)
/usr/lib/gcc/arm-none-eabi/9.2.1/../../../arm-none-eabi/lib/thumb/v6-m/nofp/libg.a(lib_a-callocr.o)
                              /usr/lib/gcc/arm-none-eabi/9.2.1/../../../arm-none-eabi/lib/thumb/v6-m/nofp/libg.a(lib_a-calloc.o) (_calloc_r)
/usr/lib/gcc/arm-none-eabi/9.2.1/../../../arm-none-eabi/lib/thumb/v6-m/nofp/libg.a(lib_a-ctype_.o)
                              CMakeFiles/AbletonIntegration.dir/home/jorgealejandro/.pico/pico-sdk/lib/tinyusb/src/tusb.c.obj (_ctype_)
/usr/lib/gcc/arm-none-eabi/9.2.1/../../../arm-none-eabi/lib/thumb/v6-m/nofp/libg.a(lib_a-fini.o)
                              /usr/lib/gcc/arm-none-eabi/9.2.1/../../../arm-none-eabi/lib/thumb/v6-m/nofp/crt0.o (__libc_fini_array)
/usr/lib/gcc/arm-none-eabi/9.2.1/../../../arm-none-eabi/lib/thumb/v6-m/nofp/libg.a(lib_a-impure.o)
                              /usr/lib/gcc/arm-none-eabi/9.2.1/../../../arm-none-eabi/lib/thumb/v6-m/nofp/libg.a(lib_a-calloc.o) (_impure_ptr)
/usr/lib/gcc/arm-none-eabi/9.2.1/../../../arm-none-eabi/lib/thumb/v6-m/nofp/libg.a(lib_a-init.o)
                              /usr/lib/gcc/arm-none-eabi/9.2.1/../../../arm-none-eabi/lib/thumb/v6-m/nofp/crt0.o (__libc_init_array)
/usr/lib/gcc/arm-none-eabi/9.2.1/../../../arm-none-eabi/lib/thumb/v6-m/nofp/libg.a(lib_a-malloc.o)
                              CMakeFiles/AbletonIntegration.dir/home/jorgealejandro/.pico/pico-sdk/src/rp2_common/pico_malloc/pico_malloc.c.obj (malloc)
/usr/lib/gcc/arm-none-eabi/9.2.1/../../../arm-none-eabi/lib/thumb/v6-m/nofp/libg.a(lib_a-mallocr.o)
                              /usr/lib/gcc/arm-none-eabi/9.2.1/../../../arm-none-eabi/lib/thumb/v6-m/nofp/libg.a(lib_a-callocr.o) (_malloc_r)
/usr/lib/gcc/arm-none-eabi/9.2.1/../../../arm-none-eabi/lib/thumb/v6-m/nofp/libg.a(lib_a-mlock.o)
                              /usr/lib/gcc/arm-none-eabi/9.2.1/../../../arm-none-eabi/lib/thumb/v6-m/nofp/libg.a(lib_a-mallocr.o) (__malloc_lock)
/usr/lib/gcc/arm-none-eabi/9.2.1/../../../arm-none-eabi/lib/thumb/v6-m/nofp/libg.a(lib_a-sbrkr.o)
                              /usr/lib/gcc/arm-none-eabi/9.2.1/../../../arm-none-eabi/lib/thumb/v6-m/nofp/libg.a(lib_a-mallocr.o) (_sbrk_r)
/usr/lib/gcc/arm-none-eabi/9.2.1/../../../arm-none-eabi/lib/thumb/v6-m/nofp/libg.a(lib_a-strlen-stub.o)
                              CMakeFiles/AbletonIntegration.dir/usb_descriptors.c.obj (strlen)
/usr/lib/gcc/arm-none-eabi/9.2.1/../../../arm-none-eabi/lib/thumb/v6-m/nofp/libg.a(lib_a-__atexit.o)
                              /usr/lib/gcc/arm-none-eabi/9.2.1/../../../arm-none-eabi/lib/thumb/v6-m/nofp/libg.a(lib_a-atexit.o) (__register_exitproc)
/usr/lib/gcc/arm-none-eabi/9.2.1/../../../arm-none-eabi/lib/thumb/v6-m/nofp/libg.a(lib_a-freer.o)
                              /usr/lib/gcc/arm-none-eabi/9.2.1/../../../arm-none-eabi/lib/thumb/v6-m/nofp/libg.a(lib_a-malloc.o) (_free_r)
/usr/lib/gcc/arm-none-eabi/9.2.1/../../../arm-none-eabi/lib/thumb/v6-m/nofp/libg.a(lib_a-reent.o)
                              /usr/lib/gcc/arm-none-eabi/9.2.1/../../../arm-none-eabi/lib/thumb/v6-m/nofp/libg.a(lib_a-sbrkr.o) (errno)

Allocating common symbols
Common symbol       size              file

sf_table            0x100             CMakeFiles/AbletonIntegration.dir/home/jorgealejandro/.pico/pico-sdk/src/rp2_common/pico_float/float_init_rom.c.obj
errno               0x4               /usr/lib/gcc/arm-none-eabi/9.2.1/../../../arm-none-eabi/lib/thumb/v6-m/nofp/libg.a(lib_a-reent.o)
_midid_itf          0x158             CMakeFiles/AbletonIntegration.dir/home/jorgealejandro/.pico/pico-sdk/lib/tinyusb/src/class/midi/midi_device.c.obj
_usbd_qdef_buf      0xc0              CMakeFiles/AbletonIntegration.dir/home/jorgealejandro/.pico/pico-sdk/lib/tinyusb/src/device/usbd.c.obj
sd_table            0x100             CMakeFiles/AbletonIntegration.dir/home/jorgealejandro/.pico/pico-sdk/src/rp2_common/pico_double/double_init_rom.c.obj
uart_char_to_line_feed
                    0x4               CMakeFiles/AbletonIntegration.dir/home/jorgealejandro/.pico/pico-sdk/src/rp2_common/hardware_uart/uart.c.obj

Discarded input sections

 .text          0x0000000000000000        0x0 /usr/lib/gcc/arm-none-eabi/9.2.1/thumb/v6-m/nofp/crti.o
[...]
Memory Configuration

Name             Origin             Length             Attributes
FLASH            0x0000000010000000 0x0000000000200000 xr
RAM              0x0000000020000000 0x0000000000040000 xrw
SCRATCH_X        0x0000000020040000 0x0000000000001000 xrw
SCRATCH_Y        0x0000000020041000 0x0000000000001000 xrw
*default*        0x0000000000000000 0xffffffffffffffff

Linker script and memory map

LOAD /usr/lib/gcc/arm-none-eabi/9.2.1/thumb/v6-m/nofp/crti.o
LOAD /usr/lib/gcc/arm-none-eabi/9.2.1/thumb/v6-m/nofp/crtbegin.o
LOAD /usr/lib/gcc/arm-none-eabi/9.2.1/../../../arm-none-eabi/lib/thumb/v6-m/nofp/crt0.o

.flash_begin    0x0000000010000000        0x0
                0x0000000010000000                __flash_binary_start = .

.boot2          0x0000000010000000      0x100
                0x0000000010000000                __boot2_start__ = .
 *(.boot2)
 .boot2         0x0000000010000000      0x100 /tmp/ccdpj1Zj.o
                0x0000000010000100                __boot2_end__ = .
                0x0000000000000001                ASSERT (((__boot2_end__ - __boot2_start__) == 0x100), ERROR: Pico second stage bootloader must be 256 bytes in size)

.text           0x0000000010000100     0x6438
                0x0000000010000100                __logical_binary_start = .
 *(.vectors)
 .vectors       0x0000000010000100       0xd4 CMakeFiles/AbletonIntegration.dir/home/jorgealejandro/.pico/pico-sdk/src/rp2_common/pico_standard_link/crt0.S.obj
                0x0000000010000100                __vectors
                0x0000000010000100                __VECTOR_TABLE
                0x00000000100001c0                isr_invalid
                0x00000000100001c0                __default_isrs_start
                0x00000000100001c2                isr_nmi
                0x00000000100001c4                isr_hardfault
                0x00000000100001c6                isr_svcall
                0x00000000100001c8                isr_pendsv
                0x00000000100001ca                isr_systick
                0x00000000100001cc                isr_irq30
                0x00000000100001cc                __unhandled_user_irq
                0x00000000100001cc                isr_irq13
                0x00000000100001cc                isr_irq27
                0x00000000100001cc                isr_irq31
                0x00000000100001cc                isr_irq5
                0x00000000100001cc                isr_irq11
                0x00000000100001cc                isr_irq23
                0x00000000100001cc                isr_irq18
                0x00000000100001cc                isr_irq28
                0x00000000100001cc                isr_irq19
                0x00000000100001cc                isr_irq0
                0x00000000100001cc                isr_irq6
                0x00000000100001cc                isr_irq22
                0x00000000100001cc                isr_irq17
                0x00000000100001cc                isr_irq14
                0x00000000100001cc                isr_irq2
                0x00000000100001cc                isr_irq10
                0x00000000100001cc                isr_irq8
                0x00000000100001cc                isr_irq24
                0x00000000100001cc                isr_irq1
                0x00000000100001cc                isr_irq7
                0x00000000100001cc                isr_irq21
                0x00000000100001cc                isr_irq20
                0x00000000100001cc                isr_irq15
                0x00000000100001cc                isr_irq25
                0x00000000100001cc                isr_irq4
                0x00000000100001cc                isr_irq16
                0x00000000100001cc                isr_irq29
                0x00000000100001cc                isr_irq26
                0x00000000100001cc                __default_isrs_end
                0x00000000100001cc                isr_irq3
                0x00000000100001cc                isr_irq12
                0x00000000100001cc                isr_irq9
                0x00000000100001d2                unhandled_user_irq_num_in_r0
 *(.binary_info_header)
 .binary_info_header
                0x00000000100001d4       0x14 CMakeFiles/AbletonIntegration.dir/home/jorgealejandro/.pico/pico-sdk/src/rp2_common/pico_standard_link/crt0.S.obj
                0x00000000100001e8                __binary_info_header_end = .
 *(.reset)
 .reset         0x00000000100001e8       0xa8 CMakeFiles/AbletonIntegration.dir/home/jorgealejandro/.pico/pico-sdk/src/rp2_common/pico_standard_link/crt0.S.obj
                0x00000000100001e8                _entry_point
                0x0000000010000266                __get_current_exception
 .reset         0x0000000010000290       0x30 CMakeFiles/AbletonIntegration.dir/home/jorgealejandro/.pico/pico-sdk/src/rp2_common/pico_standard_link/binary_info.c.obj
 *(.init)
 .init          0x00000000100002c0        0x4 /usr/lib/gcc/arm-none-eabi/9.2.1/thumb/v6-m/nofp/crti.o
                0x00000000100002c0                _init
 *(EXCLUDE_FILE(*libm.a: *libc.a:*lib_a-mem*.o *libgcc.a:) .text*)
 .text          0x00000000100002c4       0x98 /usr/lib/gcc/arm-none-eabi/9.2.1/thumb/v6-m/nofp/crtbegin.o
 .text.main     0x000000001000035c        0xc CMakeFiles/AbletonIntegration.dir/main.c.obj
                0x000000001000035c                main
 .text.tud_descriptor_device_cb
                0x0000000010000368        0x8 CMakeFiles/AbletonIntegration.dir/usb_descriptors.c.obj
                0x0000000010000368                tud_descriptor_device_cb
 .text.tud_descriptor_configuration_cb
                0x0000000010000370        0x8 CMakeFiles/AbletonIntegration.dir/usb_descriptors.c.obj
                0x0000000010000370                tud_descriptor_configuration_cb
 .text.tud_descriptor_string_cb
                0x0000000010000378       0x60 CMakeFiles/AbletonIntegration.dir/usb_descriptors.c.obj
                0x0000000010000378                tud_descriptor_string_cb
 .text.hw_claim_lock
                0x00000000100003d8       0x18 CMakeFiles/AbletonIntegration.dir/home/jorgealejandro/.pico/pico-sdk/src/rp2_common/hardware_claim/claim.c.obj
                0x00000000100003d8                hw_claim_lock
 .text.hw_claim_unlock
                0x00000000100003f0       0x14 CMakeFiles/AbletonIntegration.dir/home/jorgealejandro/.pico/pico-sdk/src/rp2_common/hardware_claim/claim.c.obj
                0x00000000100003f0                hw_claim_unlock
 .text.hw_claim_or_assert
                0x0000000010000404       0x32 CMakeFiles/AbletonIntegration.dir/home/jorgealejandro/.pico/pico-sdk/src/rp2_common/hardware_claim/claim.c.obj
                0x0000000010000404                hw_claim_or_assert
 .text.hw_claim_unused_from_range
                0x0000000010000436       0x50 CMakeFiles/AbletonIntegration.dir/home/jorgealejandro/.pico/pico-sdk/src/rp2_common/hardware_claim/claim.c.obj
                0x0000000010000436                hw_claim_unused_from_range
 *fill*         0x0000000010000486        0x2 
 .text.running_on_fpga
                0x0000000010000488       0x14 CMakeFiles/AbletonIntegration.dir/home/jorgealejandro/.pico/pico-sdk/src/rp2_common/pico_platform/platform.c.obj
                0x0000000010000488                running_on_fpga
 .text.spin_locks_reset
                0x000000001000049c       0x20 CMakeFiles/AbletonIntegration.dir/home/jorgealejandro/.pico/pico-sdk/src/rp2_common/hardware_sync/sync.c.obj
                0x000000001000049c                spin_locks_reset
 .text.next_striped_spin_lock_num
                0x00000000100004bc       0x1c CMakeFiles/AbletonIntegration.dir/home/jorgealejandro/.pico/pico-sdk/src/rp2_common/hardware_sync/sync.c.obj
                0x00000000100004bc                next_striped_spin_lock_num
 .text.spin_lock_claim_unused
                0x00000000100004d8       0x20 CMakeFiles/AbletonIntegration.dir/home/jorgealejandro/.pico/pico-sdk/src/rp2_common/hardware_sync/sync.c.obj
                0x00000000100004d8                spin_lock_claim_unused
 .text.alarm_pool_post_alloc_init
                0x00000000100004f8       0x40 CMakeFiles/AbletonIntegration.dir/home/jorgealejandro/.pico/pico-sdk/src/common/pico_time/time.c.obj
 .text.sleep_until_callback
                0x0000000010000538       0x30 CMakeFiles/AbletonIntegration.dir/home/jorgealejandro/.pico/pico-sdk/src/common/pico_time/time.c.obj
 .text.timer_pool_entry_comparator
                0x0000000010000568       0x7c CMakeFiles/AbletonIntegration.dir/home/jorgealejandro/.pico/pico-sdk/src/common/pico_time/time.c.obj
                0x0000000010000568                timer_pool_entry_comparator
 .text.ph_add_child_node
                0x00000000100005e4       0xa4 CMakeFiles/AbletonIntegration.dir/home/jorgealejandro/.pico/pico-sdk/src/common/pico_time/time.c.obj
 .text.ph_merge_nodes
                0x0000000010000688       0x3e CMakeFiles/AbletonIntegration.dir/home/jorgealejandro/.pico/pico-sdk/src/common/pico_time/time.c.obj
 *fill*         0x00000000100006c6        0x2 
 .text.add_alarm_under_lock
                0x00000000100006c8      0x174 CMakeFiles/AbletonIntegration.dir/home/jorgealejandro/.pico/pico-sdk/src/common/pico_time/time.c.obj
 .text.alarm_pool_alarm_callback
                0x000000001000083c      0x32c CMakeFiles/AbletonIntegration.dir/home/jorgealejandro/.pico/pico-sdk/src/common/pico_time/time.c.obj
 .text.alarm_pool_init_default
                0x0000000010000b68       0x38 CMakeFiles/AbletonIntegration.dir/home/jorgealejandro/.pico/pico-sdk/src/common/pico_time/time.c.obj
                0x0000000010000b68                alarm_pool_init_default
 .text.alarm_pool_get_default
                0x0000000010000ba0       0x2c CMakeFiles/AbletonIntegration.dir/home/jorgealejandro/.pico/pico-sdk/src/common/pico_time/time.c.obj
                0x0000000010000ba0                alarm_pool_get_default
 .text.alarm_pool_add_alarm_at
                0x0000000010000bcc      0x170 CMakeFiles/AbletonIntegration.dir/home/jorgealejandro/.pico/pico-sdk/src/common/pico_time/time.c.obj
                0x0000000010000bcc                alarm_pool_add_alarm_at
 .text.alarm_pool_cancel_alarm
                0x0000000010000d3c       0xf0 CMakeFiles/AbletonIntegration.dir/home/jorgealejandro/.pico/pico-sdk/src/common/pico_time/time.c.obj
                0x0000000010000d3c                alarm_pool_cancel_alarm
 .text.best_effort_wfe_or_timeout
                0x0000000010000e2c       0x80 CMakeFiles/AbletonIntegration.dir/home/jorgealejandro/.pico/pico-sdk/src/common/pico_time/time.c.obj
                0x0000000010000e2c                best_effort_wfe_or_timeout
 .text.hardware_alarm_irq_handler
                0x0000000010000eac       0x8c CMakeFiles/AbletonIntegration.dir/home/jorgealejandro/.pico/pico-sdk/src/rp2_common/hardware_timer/timer.c.obj
 .text.hardware_alarm_claim
                0x0000000010000f38       0x18 CMakeFiles/AbletonIntegration.dir/home/jorgealejandro/.pico/pico-sdk/src/rp2_common/hardware_timer/timer.c.obj
                0x0000000010000f38                hardware_alarm_claim
 .text.time_us_64
                0x0000000010000f50       0x18 CMakeFiles/AbletonIntegration.dir/home/jorgealejandro/.pico/pico-sdk/src/rp2_common/hardware_timer/timer.c.obj
                0x0000000010000f50                time_us_64
 .text.hardware_alarm_set_callback
                0x0000000010000f68       0x90 CMakeFiles/AbletonIntegration.dir/home/jorgealejandro/.pico/pico-sdk/src/rp2_common/hardware_timer/timer.c.obj
                0x0000000010000f68                hardware_alarm_set_callback
 .text.hardware_alarm_set_target
                0x0000000010000ff8       0xe8 CMakeFiles/AbletonIntegration.dir/home/jorgealejandro/.pico/pico-sdk/src/rp2_common/hardware_timer/timer.c.obj
                0x0000000010000ff8                hardware_alarm_set_target
 .text.hardware_alarm_cancel
                0x00000000100010e0       0x40 CMakeFiles/AbletonIntegration.dir/home/jorgealejandro/.pico/pico-sdk/src/rp2_common/hardware_timer/timer.c.obj
                0x00000000100010e0                hardware_alarm_cancel
 .text.lock_init
                0x0000000010001120       0x10 CMakeFiles/AbletonIntegration.dir/home/jorgealejandro/.pico/pico-sdk/src/common/pico_sync/lock_core.c.obj
                0x0000000010001120                lock_init
 .text.mutex_init
                0x0000000010001130       0x1a CMakeFiles/AbletonIntegration.dir/home/jorgealejandro/.pico/pico-sdk/src/common/pico_sync/mutex.c.obj
                0x0000000010001130                mutex_init
 .text.recursive_mutex_init
                0x000000001000114a       0x1e CMakeFiles/AbletonIntegration.dir/home/jorgealejandro/.pico/pico-sdk/src/common/pico_sync/mutex.c.obj
                0x000000001000114a                recursive_mutex_init
 .text.critical_section_init_with_lock_num
                0x0000000010001168       0x14 CMakeFiles/AbletonIntegration.dir/home/jorgealejandro/.pico/pico-sdk/src/common/pico_sync/critical_section.c.obj
                0x0000000010001168                critical_section_init_with_lock_num
 .text.critical_section_init
                0x000000001000117c       0x14 CMakeFiles/AbletonIntegration.dir/home/jorgealejandro/.pico/pico-sdk/src/common/pico_sync/critical_section.c.obj
                0x000000001000117c                critical_section_init
 .text.ph_add_child_node
                0x0000000010001190       0xa4 CMakeFiles/AbletonIntegration.dir/home/jorgealejandro/.pico/pico-sdk/src/common/pico_util/pheap.c.obj
 .text.ph_merge_nodes
                0x0000000010001234       0x3e CMakeFiles/AbletonIntegration.dir/home/jorgealejandro/.pico/pico-sdk/src/common/pico_util/pheap.c.obj
 *fill*         0x0000000010001272        0x2 
 .text.ph_clear
                0x0000000010001274       0x70 CMakeFiles/AbletonIntegration.dir/home/jorgealejandro/.pico/pico-sdk/src/common/pico_util/pheap.c.obj
                0x0000000010001274                ph_clear
 .text.ph_post_alloc_init
                0x00000000100012e4        0xe CMakeFiles/AbletonIntegration.dir/home/jorgealejandro/.pico/pico-sdk/src/common/pico_util/pheap.c.obj
                0x00000000100012e4                ph_post_alloc_init
 *fill*         0x00000000100012f2        0x2 
 .text.ph_merge_two_pass
                0x00000000100012f4       0xa8 CMakeFiles/AbletonIntegration.dir/home/jorgealejandro/.pico/pico-sdk/src/common/pico_util/pheap.c.obj
                0x00000000100012f4                ph_merge_two_pass
 .text.ph_remove_any_head
                0x000000001000139c      0x108 CMakeFiles/AbletonIntegration.dir/home/jorgealejandro/.pico/pico-sdk/src/common/pico_util/pheap.c.obj
 .text.ph_remove_head
                0x00000000100014a4       0x14 CMakeFiles/AbletonIntegration.dir/home/jorgealejandro/.pico/pico-sdk/src/common/pico_util/pheap.c.obj
                0x00000000100014a4                ph_remove_head
 .text.ph_remove_and_free_node
                0x00000000100014b8       0xf8 CMakeFiles/AbletonIntegration.dir/home/jorgealejandro/.pico/pico-sdk/src/common/pico_util/pheap.c.obj
                0x00000000100014b8                ph_remove_and_free_node
 .text._exit    0x00000000100015b0        0x4 CMakeFiles/AbletonIntegration.dir/home/jorgealejandro/.pico/pico-sdk/src/rp2_common/pico_runtime/runtime.c.obj
                0x00000000100015b0                _exit
 .text.exit     0x00000000100015b4        0x6 CMakeFiles/AbletonIntegration.dir/home/jorgealejandro/.pico/pico-sdk/src/rp2_common/pico_runtime/runtime.c.obj
                0x00000000100015b4                exit
 *fill*         0x00000000100015ba        0x2 
 .text.__assert_func
                0x00000000100015bc       0x3c CMakeFiles/AbletonIntegration.dir/home/jorgealejandro/.pico/pico-sdk/src/rp2_common/pico_runtime/runtime.c.obj
                0x00000000100015bc                __assert_func
 .text.runtime_init
                0x00000000100015f8       0xf8 CMakeFiles/AbletonIntegration.dir/home/jorgealejandro/.pico/pico-sdk/src/rp2_common/pico_runtime/runtime.c.obj
                0x00000000100015f8                runtime_init
 .text.panic    0x00000000100016f0       0x30 CMakeFiles/AbletonIntegration.dir/home/jorgealejandro/.pico/pico-sdk/src/rp2_common/pico_runtime/runtime.c.obj
                0x00000000100016f0                panic
 .text.clock_configure
                0x0000000010001720      0x104 CMakeFiles/AbletonIntegration.dir/home/jorgealejandro/.pico/pico-sdk/src/rp2_common/hardware_clocks/clocks.c.obj
                0x0000000010001720                clock_configure
 .text.clocks_init
                0x0000000010001824      0x100 CMakeFiles/AbletonIntegration.dir/home/jorgealejandro/.pico/pico-sdk/src/rp2_common/hardware_clocks/clocks.c.obj
                0x0000000010001824                clocks_init
 .text.set_raw_irq_handler_and_unlock
                0x0000000010001924       0x28 CMakeFiles/AbletonIntegration.dir/home/jorgealejandro/.pico/pico-sdk/src/rp2_common/hardware_irq/irq.c.obj
 .text.make_branch
                0x000000001000194c       0x34 CMakeFiles/AbletonIntegration.dir/home/jorgealejandro/.pico/pico-sdk/src/rp2_common/hardware_irq/irq.c.obj
 .text.insert_branch_and_link
                0x0000000010001980       0x40 CMakeFiles/AbletonIntegration.dir/home/jorgealejandro/.pico/pico-sdk/src/rp2_common/hardware_irq/irq.c.obj
 .text.irq_is_enabled
                0x00000000100019c0       0x18 CMakeFiles/AbletonIntegration.dir/home/jorgealejandro/.pico/pico-sdk/src/rp2_common/hardware_irq/irq.c.obj
                0x00000000100019c0                irq_is_enabled
 .text.irq_set_mask_enabled
                0x00000000100019d8       0x20 CMakeFiles/AbletonIntegration.dir/home/jorgealejandro/.pico/pico-sdk/src/rp2_common/hardware_irq/irq.c.obj
                0x00000000100019d8                irq_set_mask_enabled
 .text.irq_set_enabled
                0x00000000100019f8        0xe CMakeFiles/AbletonIntegration.dir/home/jorgealejandro/.pico/pico-sdk/src/rp2_common/hardware_irq/irq.c.obj
                0x00000000100019f8                irq_set_enabled
 *fill*         0x0000000010001a06        0x2 
 .text.irq_get_vtable_handler
                0x0000000010001a08       0x10 CMakeFiles/AbletonIntegration.dir/home/jorgealejandro/.pico/pico-sdk/src/rp2_common/hardware_irq/irq.c.obj
                0x0000000010001a08                irq_get_vtable_handler
 .text.irq_set_exclusive_handler
                0x0000000010001a18       0x54 CMakeFiles/AbletonIntegration.dir/home/jorgealejandro/.pico/pico-sdk/src/rp2_common/hardware_irq/irq.c.obj
                0x0000000010001a18                irq_set_exclusive_handler
 .text.irq_remove_handler
                0x0000000010001a6c      0x1ac CMakeFiles/AbletonIntegration.dir/home/jorgealejandro/.pico/pico-sdk/src/rp2_common/hardware_irq/irq.c.obj
                0x0000000010001a6c                irq_remove_handler
 .text.irq_add_tail_to_free_list
                0x0000000010001c18       0xf0 CMakeFiles/AbletonIntegration.dir/home/jorgealejandro/.pico/pico-sdk/src/rp2_common/hardware_irq/irq.c.obj
                0x0000000010001c18                irq_add_tail_to_free_list
 .text.irq_init_priorities
                0x0000000010001d08       0x1c CMakeFiles/AbletonIntegration.dir/home/jorgealejandro/.pico/pico-sdk/src/rp2_common/hardware_irq/irq.c.obj
                0x0000000010001d08                irq_init_priorities
 .text.pll_init
                0x0000000010001d24      0x118 CMakeFiles/AbletonIntegration.dir/home/jorgealejandro/.pico/pico-sdk/src/rp2_common/hardware_pll/pll.c.obj
                0x0000000010001d24                pll_init
 .text.watchdog_start_tick
                0x0000000010001e3c       0x10 CMakeFiles/AbletonIntegration.dir/home/jorgealejandro/.pico/pico-sdk/src/rp2_common/hardware_watchdog/watchdog.c.obj
                0x0000000010001e3c                watchdog_start_tick
 .text.xosc_init
                0x0000000010001e4c       0x28 CMakeFiles/AbletonIntegration.dir/home/jorgealejandro/.pico/pico-sdk/src/rp2_common/hardware_xosc/xosc.c.obj
                0x0000000010001e4c                xosc_init
 .text._out_null
                0x0000000010001e74        0x2 CMakeFiles/AbletonIntegration.dir/home/jorgealejandro/.pico/pico-sdk/src/rp2_common/pico_printf/printf.c.obj
 .text._out_fct
                0x0000000010001e76        0xe CMakeFiles/AbletonIntegration.dir/home/jorgealejandro/.pico/pico-sdk/src/rp2_common/pico_printf/printf.c.obj
 .text._atoi    0x0000000010001e84       0x24 CMakeFiles/AbletonIntegration.dir/home/jorgealejandro/.pico/pico-sdk/src/rp2_common/pico_printf/printf.c.obj
 .text._out_rev
                0x0000000010001ea8       0xae CMakeFiles/AbletonIntegration.dir/home/jorgealejandro/.pico/pico-sdk/src/rp2_common/pico_printf/printf.c.obj
 .text._ntoa_format
                0x0000000010001f56      0x110 CMakeFiles/AbletonIntegration.dir/home/jorgealejandro/.pico/pico-sdk/src/rp2_common/pico_printf/printf.c.obj
 .text._ntoa_long
                0x0000000010002066       0xbc CMakeFiles/AbletonIntegration.dir/home/jorgealejandro/.pico/pico-sdk/src/rp2_common/pico_printf/printf.c.obj
 .text._ntoa_long_long
                0x0000000010002122       0xe2 CMakeFiles/AbletonIntegration.dir/home/jorgealejandro/.pico/pico-sdk/src/rp2_common/pico_printf/printf.c.obj
 .text._etoa    0x0000000010002204      0x40c CMakeFiles/AbletonIntegration.dir/home/jorgealejandro/.pico/pico-sdk/src/rp2_common/pico_printf/printf.c.obj
 .text._ftoa    0x0000000010002610      0x354 CMakeFiles/AbletonIntegration.dir/home/jorgealejandro/.pico/pico-sdk/src/rp2_common/pico_printf/printf.c.obj
 .text._vsnprintf
                0x0000000010002964      0x628 CMakeFiles/AbletonIntegration.dir/home/jorgealejandro/.pico/pico-sdk/src/rp2_common/pico_printf/printf.c.obj
 .text.vfctprintf
                0x0000000010002f8c       0x20 CMakeFiles/AbletonIntegration.dir/home/jorgealejandro/.pico/pico-sdk/src/rp2_common/pico_printf/printf.c.obj
                0x0000000010002f8c                vfctprintf
 .text          0x0000000010002fac       0x10 CMakeFiles/AbletonIntegration.dir/home/jorgealejandro/.pico/pico-sdk/src/rp2_common/pico_bit_ops/bit_ops_aeabi.S.obj
 .text.rom_func_lookup
                0x0000000010002fbc       0x10 CMakeFiles/AbletonIntegration.dir/home/jorgealejandro/.pico/pico-sdk/src/rp2_common/pico_bootrom/bootrom.c.obj
                0x0000000010002fbc                rom_func_lookup
 .text.rom_data_lookup
                0x0000000010002fcc       0x10 CMakeFiles/AbletonIntegration.dir/home/jorgealejandro/.pico/pico-sdk/src/rp2_common/pico_bootrom/bootrom.c.obj
                0x0000000010002fcc                rom_data_lookup
 .text.rom_funcs_lookup
                0x0000000010002fdc       0x36 CMakeFiles/AbletonIntegration.dir/home/jorgealejandro/.pico/pico-sdk/src/rp2_common/pico_bootrom/bootrom.c.obj
                0x0000000010002fdc                rom_funcs_lookup
 *fill*         0x0000000010003012        0x2 
 .text.__wrap___aeabi_idiv
                0x0000000010003014       0x50 CMakeFiles/AbletonIntegration.dir/home/jorgealejandro/.pico/pico-sdk/src/rp2_common/pico_divider/divider.S.obj
                0x0000000010003014                __wrap___aeabi_idivmod
                0x0000000010003014                divmod_s32s32
                0x0000000010003014                div_s32s32
                0x0000000010003014                __wrap___aeabi_idiv
                0x000000001000301c                divmod_s32s32_unsafe
                0x0000000010003048                divmod_s32s32_savestate
 .text.__wrap___aeabi_uidiv
                0x0000000010003064       0x4c CMakeFiles/AbletonIntegration.dir/home/jorgealejandro/.pico/pico-sdk/src/rp2_common/pico_divider/divider.S.obj
                0x0000000010003064                __wrap___aeabi_uidiv
                0x0000000010003064                __wrap___aeabi_uidivmod
                0x0000000010003064                div_u32u32
                0x0000000010003064                divmod_u32u32
                0x000000001000306c                divmod_u32u32_unsafe
                0x0000000010003094                divmod_u32u32_savestate
 .text.__wrap___aeabi_ldiv
                0x00000000100030b0      0x434 CMakeFiles/AbletonIntegration.dir/home/jorgealejandro/.pico/pico-sdk/src/rp2_common/pico_divider/divider.S.obj
                0x00000000100030b0                div_s64s64
                0x00000000100030b0                divmod_s64s64
                0x00000000100030b0                __wrap___aeabi_ldivmod
                0x00000000100030e8                div_u64u64
                0x00000000100030e8                divmod_u64u64
                0x00000000100030e8                __wrap___aeabi_uldivmod
                0x00000000100030f8                divmod_u64u64_savestate
                0x0000000010003120                divmod_s64s64_unsafe
                0x00000000100031a8                divmod_u64u64_unsafe
 .text.__wrap___aeabi_darithmetic
                0x00000000100034e4       0x80 CMakeFiles/AbletonIntegration.dir/home/jorgealejandro/.pico/pico-sdk/src/rp2_common/pico_double/double_aeabi.S.obj
                0x00000000100034e4                __wrap___aeabi_drsub
                0x00000000100034ea                __wrap___aeabi_dsub
                0x00000000100034fc                __wrap___aeabi_dadd
                0x000000001000350e                __wrap___aeabi_ddiv
                0x000000001000354a                __wrap___aeabi_dmul
 .text.__wrap___aeabi_cdcmple
                0x0000000010003564       0x6c CMakeFiles/AbletonIntegration.dir/home/jorgealejandro/.pico/pico-sdk/src/rp2_common/pico_double/double_aeabi.S.obj
                0x0000000010003564                __wrap___aeabi_cdrcmple
                0x0000000010003574                __wrap___aeabi_cdcmple
                0x0000000010003574                __wrap___aeabi_cdcmpeq
 .text.__wrap___aeabi_dcmplt
                0x00000000100035d0        0xc CMakeFiles/AbletonIntegration.dir/home/jorgealejandro/.pico/pico-sdk/src/rp2_common/pico_double/double_aeabi.S.obj
                0x00000000100035d0                __wrap___aeabi_dcmplt
 .text.__wrap___aeabi_dcmple
                0x00000000100035dc       0x10 CMakeFiles/AbletonIntegration.dir/home/jorgealejandro/.pico/pico-sdk/src/rp2_common/pico_double/double_aeabi.S.obj
                0x00000000100035dc                __wrap___aeabi_dcmple
 .text.__wrap___aeabi_dcmpge
                0x00000000100035ec       0x10 CMakeFiles/AbletonIntegration.dir/home/jorgealejandro/.pico/pico-sdk/src/rp2_common/pico_double/double_aeabi.S.obj
                0x00000000100035ec                __wrap___aeabi_dcmpge
 .text.__wrap___aeabi_dcmpgt
                0x00000000100035fc        0xa CMakeFiles/AbletonIntegration.dir/home/jorgealejandro/.pico/pico-sdk/src/rp2_common/pico_double/double_aeabi.S.obj
                0x00000000100035fc                __wrap___aeabi_dcmpgt
 .text.__wrap___aeabi_dcmpun
                0x0000000010003606       0x1c CMakeFiles/AbletonIntegration.dir/home/jorgealejandro/.pico/pico-sdk/src/rp2_common/pico_double/double_aeabi.S.obj
                0x0000000010003606                __wrap___aeabi_dcmpun
 *fill*         0x0000000010003622        0x2 
 .text.__wrap___aeabi_i2d
                0x0000000010003624       0x38 CMakeFiles/AbletonIntegration.dir/home/jorgealejandro/.pico/pico-sdk/src/rp2_common/pico_double/double_aeabi.S.obj
                0x0000000010003624                __wrap___aeabi_ui2d
                0x000000001000362c                __wrap___aeabi_i2d
 .text.__wrap___aeabi_d2iz
                0x000000001000365c       0x48 CMakeFiles/AbletonIntegration.dir/home/jorgealejandro/.pico/pico-sdk/src/rp2_common/pico_double/double_aeabi.S.obj
                0x000000001000365c                __wrap___aeabi_d2iz
                0x000000001000365c                double2int_z
 .text.__wrap___aeabi_d2uiz
                0x00000000100036a4       0x18 CMakeFiles/AbletonIntegration.dir/home/jorgealejandro/.pico/pico-sdk/src/rp2_common/pico_double/double_aeabi.S.obj
                0x00000000100036a4                double2uint
                0x00000000100036a4                __wrap___aeabi_d2uiz
 .text.__aeabi_double_init
                0x00000000100036bc       0xc8 CMakeFiles/AbletonIntegration.dir/home/jorgealejandro/.pico/pico-sdk/src/rp2_common/pico_double/double_init_rom.c.obj
                0x00000000100036bc                __aeabi_double_init
 .text.double_table_shim_on_use_helper
                0x0000000010003784       0x34 CMakeFiles/AbletonIntegration.dir/home/jorgealejandro/.pico/pico-sdk/src/rp2_common/pico_double/double_v1_rom_shim.S.obj
                0x0000000010003784                double_table_shim_on_use_helper
 .text.__wrap___aeabi_dsub
                0x00000000100037b8       0x10 CMakeFiles/AbletonIntegration.dir/home/jorgealejandro/.pico/pico-sdk/src/rp2_common/pico_double/double_v1_rom_shim.S.obj
                0x00000000100037b8                drsub_shim
                0x00000000100037be                dsub_shim
 .text.dadd_shim
                0x00000000100037c8      0x15c CMakeFiles/AbletonIntegration.dir/home/jorgealejandro/.pico/pico-sdk/src/rp2_common/pico_double/double_v1_rom_shim.S.obj
                0x00000000100037c8                dadd_shim
 .text.dmul_shim
                0x0000000010003924      0x15c CMakeFiles/AbletonIntegration.dir/home/jorgealejandro/.pico/pico-sdk/src/rp2_common/pico_double/double_v1_rom_shim.S.obj
                0x0000000010003924                dmul_shim
 .text.ddiv_shim
                0x0000000010003a80      0x1b0 CMakeFiles/AbletonIntegration.dir/home/jorgealejandro/.pico/pico-sdk/src/rp2_common/pico_double/double_v1_rom_shim.S.obj
                0x0000000010003a80                ddiv_shim
 .text.double2uint_shim
                0x0000000010003c30        0xe CMakeFiles/AbletonIntegration.dir/home/jorgealejandro/.pico/pico-sdk/src/rp2_common/pico_double/double_v1_rom_shim.S.obj
                0x0000000010003c30                double2uint_shim
                0x0000000010003c32                double2ufix_shim
 *fill*         0x0000000010003c3e        0x2 
 .text.double2uint64_shim
                0x0000000010003c40       0x70 CMakeFiles/AbletonIntegration.dir/home/jorgealejandro/.pico/pico-sdk/src/rp2_common/pico_double/double_v1_rom_shim.S.obj
                0x0000000010003c40                double2uint64_shim
                0x0000000010003c42                double2ufix64_shim
                0x0000000010003c62                d2fix_a
 .text.dunpacks
                0x0000000010003cb0       0x3c CMakeFiles/AbletonIntegration.dir/home/jorgealejandro/.pico/pico-sdk/src/rp2_common/pico_double/double_v1_rom_shim.S.obj
                0x0000000010003cb0                dunpacks
 .text.__aeabi_lmul
                0x0000000010003cec       0x32 CMakeFiles/AbletonIntegration.dir/home/jorgealejandro/.pico/pico-sdk/src/rp2_common/pico_int64_ops/pico_int64_ops_aeabi.S.obj
                0x0000000010003cec                __wrap___aeabi_lmul
 *fill*         0x0000000010003d1e        0x2 
 .text.__aeabi_float_init
                0x0000000010003d20       0xfc CMakeFiles/AbletonIntegration.dir/home/jorgealejandro/.pico/pico-sdk/src/rp2_common/pico_float/float_init_rom.c.obj
                0x0000000010003d20                __aeabi_float_init
 .text.float_table_shim_on_use_helper
                0x0000000010003e1c       0x34 CMakeFiles/AbletonIntegration.dir/home/jorgealejandro/.pico/pico-sdk/src/rp2_common/pico_float/float_v1_rom_shim.S.obj
                0x0000000010003e1c                float_table_shim_on_use_helper
 .text          0x0000000010003e50       0x10 CMakeFiles/AbletonIntegration.dir/home/jorgealejandro/.pico/pico-sdk/src/rp2_common/pico_mem_ops/mem_ops_aeabi.S.obj
                0x0000000010003e50                __aeabi_mem_init
 .text.memset   0x0000000010003e60        0xc CMakeFiles/AbletonIntegration.dir/home/jorgealejandro/.pico/pico-sdk/src/rp2_common/pico_mem_ops/mem_ops_aeabi.S.obj
                0x0000000010003e60                __wrap_memset
 .text.memcpy   0x0000000010003e6c        0xc CMakeFiles/AbletonIntegration.dir/home/jorgealejandro/.pico/pico-sdk/src/rp2_common/pico_mem_ops/mem_ops_aeabi.S.obj
                0x0000000010003e6c                __wrap___aeabi_memcpy
                0x0000000010003e6c                __wrap_memcpy
 .text.stdio_out_chars_no_crlf
                0x0000000010003e78        0xe CMakeFiles/AbletonIntegration.dir/home/jorgealejandro/.pico/pico-sdk/src/rp2_common/pico_stdio/stdio.c.obj
 *fill*         0x0000000010003e86        0x2 
 .text.stdio_out_chars_crlf
                0x0000000010003e88       0x80 CMakeFiles/AbletonIntegration.dir/home/jorgealejandro/.pico/pico-sdk/src/rp2_common/pico_stdio/stdio.c.obj
 .text.stdio_stack_buffer_flush
                0x0000000010003f08       0x44 CMakeFiles/AbletonIntegration.dir/home/jorgealejandro/.pico/pico-sdk/src/rp2_common/pico_stdio/stdio.c.obj
 .text.stdio_buffered_printer
                0x0000000010003f4c       0x20 CMakeFiles/AbletonIntegration.dir/home/jorgealejandro/.pico/pico-sdk/src/rp2_common/pico_stdio/stdio.c.obj
 .text.stdout_serialize_begin
                0x0000000010003f6c       0x30 CMakeFiles/AbletonIntegration.dir/home/jorgealejandro/.pico/pico-sdk/src/rp2_common/pico_stdio/stdio.c.obj
                0x0000000010003f6c                stdout_serialize_begin
 .text.stdout_serialize_end
                0x0000000010003f9c       0x10 CMakeFiles/AbletonIntegration.dir/home/jorgealejandro/.pico/pico-sdk/src/rp2_common/pico_stdio/stdio.c.obj
                0x0000000010003f9c                stdout_serialize_end
 .text.stdio_put_string
                0x0000000010003fac       0x98 CMakeFiles/AbletonIntegration.dir/home/jorgealejandro/.pico/pico-sdk/src/rp2_common/pico_stdio/stdio.c.obj
 .text.stdio_flush
                0x0000000010004044       0x20 CMakeFiles/AbletonIntegration.dir/home/jorgealejandro/.pico/pico-sdk/src/rp2_common/pico_stdio/stdio.c.obj
                0x0000000010004044                stdio_flush
 .text.__wrap_puts
                0x0000000010004064       0x1e CMakeFiles/AbletonIntegration.dir/home/jorgealejandro/.pico/pico-sdk/src/rp2_common/pico_stdio/stdio.c.obj
                0x0000000010004064                __wrap_puts
 *fill*         0x0000000010004082        0x2 
 .text.__wrap_vprintf
                0x0000000010004084       0x44 CMakeFiles/AbletonIntegration.dir/home/jorgealejandro/.pico/pico-sdk/src/rp2_common/pico_stdio/stdio.c.obj
                0x0000000010004084                __wrap_vprintf
 .text.__wrap_printf
                0x00000000100040c8       0x18 CMakeFiles/AbletonIntegration.dir/home/jorgealejandro/.pico/pico-sdk/src/rp2_common/pico_stdio/stdio.c.obj
                0x00000000100040c8                __wrap_printf
 .text.hw_endpoint_get_by_addr
                0x00000000100040e0       0x18 CMakeFiles/AbletonIntegration.dir/home/jorgealejandro/.pico/pico-sdk/lib/tinyusb/src/portable/raspberrypi/rp2040/dcd_rp2040.c.obj
 .text.reset_ep0_pid
                0x00000000100040f8       0x28 CMakeFiles/AbletonIntegration.dir/home/jorgealejandro/.pico/pico-sdk/lib/tinyusb/src/portable/raspberrypi/rp2040/dcd_rp2040.c.obj
 .text._hw_endpoint_alloc
                0x0000000010004120       0x70 CMakeFiles/AbletonIntegration.dir/home/jorgealejandro/.pico/pico-sdk/lib/tinyusb/src/portable/raspberrypi/rp2040/dcd_rp2040.c.obj
 .text.hw_endpoint_init
                0x0000000010004190       0x88 CMakeFiles/AbletonIntegration.dir/home/jorgealejandro/.pico/pico-sdk/lib/tinyusb/src/portable/raspberrypi/rp2040/dcd_rp2040.c.obj
 .text.reset_non_control_endpoints
                0x0000000010004218       0x40 CMakeFiles/AbletonIntegration.dir/home/jorgealejandro/.pico/pico-sdk/lib/tinyusb/src/portable/raspberrypi/rp2040/dcd_rp2040.c.obj
 .text.hw_handle_buff_status
                0x0000000010004258       0x8c CMakeFiles/AbletonIntegration.dir/home/jorgealejandro/.pico/pico-sdk/lib/tinyusb/src/portable/raspberrypi/rp2040/dcd_rp2040.c.obj
 .text.dcd_rp2040_irq
                0x00000000100042e4       0xc0 CMakeFiles/AbletonIntegration.dir/home/jorgealejandro/.pico/pico-sdk/lib/tinyusb/src/portable/raspberrypi/rp2040/dcd_rp2040.c.obj
 .text.hw_endpoint_xfer
                0x00000000100043a4       0x14 CMakeFiles/AbletonIntegration.dir/home/jorgealejandro/.pico/pico-sdk/lib/tinyusb/src/portable/raspberrypi/rp2040/dcd_rp2040.c.obj
 .text.dcd_int_enable
                0x00000000100043b8       0x2c CMakeFiles/AbletonIntegration.dir/home/jorgealejandro/.pico/pico-sdk/lib/tinyusb/src/portable/raspberrypi/rp2040/dcd_rp2040.c.obj
                0x00000000100043b8                dcd_int_enable
 .text.dcd_set_address
                0x00000000100043e4       0x2c CMakeFiles/AbletonIntegration.dir/home/jorgealejandro/.pico/pico-sdk/lib/tinyusb/src/portable/raspberrypi/rp2040/dcd_rp2040.c.obj
                0x00000000100043e4                dcd_set_address
 .text.dcd_connect
                0x0000000010004410       0x10 CMakeFiles/AbletonIntegration.dir/home/jorgealejandro/.pico/pico-sdk/lib/tinyusb/src/portable/raspberrypi/rp2040/dcd_rp2040.c.obj
                0x0000000010004410                dcd_connect
 .text.dcd_init
                0x0000000010004420       0x7c CMakeFiles/AbletonIntegration.dir/home/jorgealejandro/.pico/pico-sdk/lib/tinyusb/src/portable/raspberrypi/rp2040/dcd_rp2040.c.obj
                0x0000000010004420                dcd_init
 .text.dcd_edpt0_status_complete
                0x000000001000449c       0x1c CMakeFiles/AbletonIntegration.dir/home/jorgealejandro/.pico/pico-sdk/lib/tinyusb/src/portable/raspberrypi/rp2040/dcd_rp2040.c.obj
                0x000000001000449c                dcd_edpt0_status_complete
 .text.dcd_edpt_open
                0x00000000100044b8       0x40 CMakeFiles/AbletonIntegration.dir/home/jorgealejandro/.pico/pico-sdk/lib/tinyusb/src/portable/raspberrypi/rp2040/dcd_rp2040.c.obj
                0x00000000100044b8                dcd_edpt_open
 .text.dcd_edpt_close_all
                0x00000000100044f8        0x8 CMakeFiles/AbletonIntegration.dir/home/jorgealejandro/.pico/pico-sdk/lib/tinyusb/src/portable/raspberrypi/rp2040/dcd_rp2040.c.obj
                0x00000000100044f8                dcd_edpt_close_all
 .text.dcd_edpt_xfer
                0x0000000010004500       0x30 CMakeFiles/AbletonIntegration.dir/home/jorgealejandro/.pico/pico-sdk/lib/tinyusb/src/portable/raspberrypi/rp2040/dcd_rp2040.c.obj
                0x0000000010004500                dcd_edpt_xfer
 .text.dcd_edpt_stall
                0x0000000010004530       0x2c CMakeFiles/AbletonIntegration.dir/home/jorgealejandro/.pico/pico-sdk/lib/tinyusb/src/portable/raspberrypi/rp2040/dcd_rp2040.c.obj
                0x0000000010004530                dcd_edpt_stall
 .text.dcd_edpt_clear_stall
                0x000000001000455c       0x20 CMakeFiles/AbletonIntegration.dir/home/jorgealejandro/.pico/pico-sdk/lib/tinyusb/src/portable/raspberrypi/rp2040/dcd_rp2040.c.obj
                0x000000001000455c                dcd_edpt_clear_stall
 .text.prepare_ep_buffer
                0x000000001000457c       0x70 CMakeFiles/AbletonIntegration.dir/home/jorgealejandro/.pico/pico-sdk/lib/tinyusb/src/portable/raspberrypi/rp2040/rp2040_usb.c.obj
 .text.sync_ep_buffer
                0x00000000100045ec       0x7c CMakeFiles/AbletonIntegration.dir/home/jorgealejandro/.pico/pico-sdk/lib/tinyusb/src/portable/raspberrypi/rp2040/rp2040_usb.c.obj
 .text._hw_endpoint_xfer_sync
                0x0000000010004668       0x28 CMakeFiles/AbletonIntegration.dir/home/jorgealejandro/.pico/pico-sdk/lib/tinyusb/src/portable/raspberrypi/rp2040/rp2040_usb.c.obj
 .text.rp2040_usb_init
                0x0000000010004690       0x4c CMakeFiles/AbletonIntegration.dir/home/jorgealejandro/.pico/pico-sdk/lib/tinyusb/src/portable/raspberrypi/rp2040/rp2040_usb.c.obj
                0x0000000010004690                rp2040_usb_init
 .text.hw_endpoint_reset_transfer
                0x00000000100046dc        0xc CMakeFiles/AbletonIntegration.dir/home/jorgealejandro/.pico/pico-sdk/lib/tinyusb/src/portable/raspberrypi/rp2040/rp2040_usb.c.obj
                0x00000000100046dc                hw_endpoint_reset_transfer
 .text._hw_endpoint_buffer_control_update32
                0x00000000100046e8       0x58 CMakeFiles/AbletonIntegration.dir/home/jorgealejandro/.pico/pico-sdk/lib/tinyusb/src/portable/raspberrypi/rp2040/rp2040_usb.c.obj
                0x00000000100046e8                _hw_endpoint_buffer_control_update32
 .text._hw_endpoint_start_next_buffer
                0x0000000010004740       0x74 CMakeFiles/AbletonIntegration.dir/home/jorgealejandro/.pico/pico-sdk/lib/tinyusb/src/portable/raspberrypi/rp2040/rp2040_usb.c.obj
 .text.hw_endpoint_xfer_start
                0x00000000100047b4       0x48 CMakeFiles/AbletonIntegration.dir/home/jorgealejandro/.pico/pico-sdk/lib/tinyusb/src/portable/raspberrypi/rp2040/rp2040_usb.c.obj
                0x00000000100047b4                hw_endpoint_xfer_start
 .text.hw_endpoint_xfer_continue
                0x00000000100047fc       0x38 CMakeFiles/AbletonIntegration.dir/home/jorgealejandro/.pico/pico-sdk/lib/tinyusb/src/portable/raspberrypi/rp2040/rp2040_usb.c.obj
                0x00000000100047fc                hw_endpoint_xfer_continue
 .text.configuration_reset
                0x0000000010004834       0x84 CMakeFiles/AbletonIntegration.dir/home/jorgealejandro/.pico/pico-sdk/lib/tinyusb/src/device/usbd.c.obj
 .text.usbd_reset
                0x00000000100048b8        0xc CMakeFiles/AbletonIntegration.dir/home/jorgealejandro/.pico/pico-sdk/lib/tinyusb/src/device/usbd.c.obj
 .text.invoke_class_control
                0x00000000100048c4       0x1a CMakeFiles/AbletonIntegration.dir/home/jorgealejandro/.pico/pico-sdk/lib/tinyusb/src/device/usbd.c.obj
 *fill*         0x00000000100048de        0x2 
 .text.process_set_config
                0x00000000100048e0      0x1ac CMakeFiles/AbletonIntegration.dir/home/jorgealejandro/.pico/pico-sdk/lib/tinyusb/src/device/usbd.c.obj
 .text.process_get_descriptor
                0x0000000010004a8c       0xec CMakeFiles/AbletonIntegration.dir/home/jorgealejandro/.pico/pico-sdk/lib/tinyusb/src/device/usbd.c.obj
 .text.tud_inited
                0x0000000010004b78        0xc CMakeFiles/AbletonIntegration.dir/home/jorgealejandro/.pico/pico-sdk/lib/tinyusb/src/device/usbd.c.obj
                0x0000000010004b78                tud_inited
 .text.tud_init
                0x0000000010004b84       0xcc CMakeFiles/AbletonIntegration.dir/home/jorgealejandro/.pico/pico-sdk/lib/tinyusb/src/device/usbd.c.obj
                0x0000000010004b84                tud_init
 .text.dcd_event_handler
                0x0000000010004c50      0x1e0 CMakeFiles/AbletonIntegration.dir/home/jorgealejandro/.pico/pico-sdk/lib/tinyusb/src/device/usbd.c.obj
                0x0000000010004c50                dcd_event_handler
 .text.dcd_event_bus_signal
                0x0000000010004e30       0x26 CMakeFiles/AbletonIntegration.dir/home/jorgealejandro/.pico/pico-sdk/lib/tinyusb/src/device/usbd.c.obj
                0x0000000010004e30                dcd_event_bus_signal
 .text.dcd_event_bus_reset
                0x0000000010004e56       0x2a CMakeFiles/AbletonIntegration.dir/home/jorgealejandro/.pico/pico-sdk/lib/tinyusb/src/device/usbd.c.obj
                0x0000000010004e56                dcd_event_bus_reset
 .text.dcd_event_setup_received
                0x0000000010004e80       0x34 CMakeFiles/AbletonIntegration.dir/home/jorgealejandro/.pico/pico-sdk/lib/tinyusb/src/device/usbd.c.obj
                0x0000000010004e80                dcd_event_setup_received
 .text.dcd_event_xfer_complete
                0x0000000010004eb4       0x44 CMakeFiles/AbletonIntegration.dir/home/jorgealejandro/.pico/pico-sdk/lib/tinyusb/src/device/usbd.c.obj
                0x0000000010004eb4                dcd_event_xfer_complete
 .text.usbd_edpt_open
                0x0000000010004ef8       0x58 CMakeFiles/AbletonIntegration.dir/home/jorgealejandro/.pico/pico-sdk/lib/tinyusb/src/device/usbd.c.obj
                0x0000000010004ef8                usbd_edpt_open
 .text.usbd_edpt_claim
                0x0000000010004f50       0x8c CMakeFiles/AbletonIntegration.dir/home/jorgealejandro/.pico/pico-sdk/lib/tinyusb/src/device/usbd.c.obj
                0x0000000010004f50                usbd_edpt_claim
 .text.usbd_edpt_release
                0x0000000010004fdc       0x68 CMakeFiles/AbletonIntegration.dir/home/jorgealejandro/.pico/pico-sdk/lib/tinyusb/src/device/usbd.c.obj
                0x0000000010004fdc                usbd_edpt_release
 .text.usbd_edpt_xfer
                0x0000000010005044       0x80 CMakeFiles/AbletonIntegration.dir/home/jorgealejandro/.pico/pico-sdk/lib/tinyusb/src/device/usbd.c.obj
                0x0000000010005044                usbd_edpt_xfer
 .text.usbd_edpt_stall
                0x00000000100050c4       0x40 CMakeFiles/AbletonIntegration.dir/home/jorgealejandro/.pico/pico-sdk/lib/tinyusb/src/device/usbd.c.obj
                0x00000000100050c4                usbd_edpt_stall
 .text.usbd_edpt_clear_stall
                0x0000000010005104       0x40 CMakeFiles/AbletonIntegration.dir/home/jorgealejandro/.pico/pico-sdk/lib/tinyusb/src/device/usbd.c.obj
                0x0000000010005104                usbd_edpt_clear_stall
 .text.usbd_edpt_stalled
                0x0000000010005144       0x1c CMakeFiles/AbletonIntegration.dir/home/jorgealejandro/.pico/pico-sdk/lib/tinyusb/src/device/usbd.c.obj
                0x0000000010005144                usbd_edpt_stalled
 .text.process_control_request
                0x0000000010005160      0x3b8 CMakeFiles/AbletonIntegration.dir/home/jorgealejandro/.pico/pico-sdk/lib/tinyusb/src/device/usbd.c.obj
 .text.tud_task
                0x0000000010005518      0x218 CMakeFiles/AbletonIntegration.dir/home/jorgealejandro/.pico/pico-sdk/lib/tinyusb/src/device/usbd.c.obj
                0x0000000010005518                tud_task
 .text._data_stage_xact
                0x0000000010005730       0x58 CMakeFiles/AbletonIntegration.dir/home/jorgealejandro/.pico/pico-sdk/lib/tinyusb/src/device/usbd_control.c.obj
 .text.tud_control_status
                0x0000000010005788       0x38 CMakeFiles/AbletonIntegration.dir/home/jorgealejandro/.pico/pico-sdk/lib/tinyusb/src/device/usbd_control.c.obj
                0x0000000010005788                tud_control_status
 .text.tud_control_xfer
                0x00000000100057c0       0xa8 CMakeFiles/AbletonIntegration.dir/home/jorgealejandro/.pico/pico-sdk/lib/tinyusb/src/device/usbd_control.c.obj
                0x00000000100057c0                tud_control_xfer
 .text.usbd_control_reset
                0x0000000010005868       0x14 CMakeFiles/AbletonIntegration.dir/home/jorgealejandro/.pico/pico-sdk/lib/tinyusb/src/device/usbd_control.c.obj
                0x0000000010005868                usbd_control_reset
 .text.usbd_control_set_complete_callback
                0x000000001000587c        0xc CMakeFiles/AbletonIntegration.dir/home/jorgealejandro/.pico/pico-sdk/lib/tinyusb/src/device/usbd_control.c.obj
                0x000000001000587c                usbd_control_set_complete_callback
 .text.usbd_control_set_request
                0x0000000010005888       0x1c CMakeFiles/AbletonIntegration.dir/home/jorgealejandro/.pico/pico-sdk/lib/tinyusb/src/device/usbd_control.c.obj
                0x0000000010005888                usbd_control_set_request
 .text.usbd_control_xfer_cb
                0x00000000100058a4       0xfc CMakeFiles/AbletonIntegration.dir/home/jorgealejandro/.pico/pico-sdk/lib/tinyusb/src/device/usbd_control.c.obj
                0x00000000100058a4                usbd_control_xfer_cb
 .text._prep_out_transaction
                0x00000000100059a0       0x44 CMakeFiles/AbletonIntegration.dir/home/jorgealejandro/.pico/pico-sdk/lib/tinyusb/src/class/midi/midi_device.c.obj
 .text.write_flush
                0x00000000100059e4       0x70 CMakeFiles/AbletonIntegration.dir/home/jorgealejandro/.pico/pico-sdk/lib/tinyusb/src/class/midi/midi_device.c.obj
 .text.midid_init
                0x0000000010005a54       0x90 CMakeFiles/AbletonIntegration.dir/home/jorgealejandro/.pico/pico-sdk/lib/tinyusb/src/class/midi/midi_device.c.obj
                0x0000000010005a54                midid_init
 .text.midid_reset
                0x0000000010005ae4       0x3c CMakeFiles/AbletonIntegration.dir/home/jorgealejandro/.pico/pico-sdk/lib/tinyusb/src/class/midi/midi_device.c.obj
                0x0000000010005ae4                midid_reset
 .text.midid_open
                0x0000000010005b20      0x12c CMakeFiles/AbletonIntegration.dir/home/jorgealejandro/.pico/pico-sdk/lib/tinyusb/src/class/midi/midi_device.c.obj
                0x0000000010005b20                midid_open
 .text.midid_control_xfer_cb
                0x0000000010005c4c        0x4 CMakeFiles/AbletonIntegration.dir/home/jorgealejandro/.pico/pico-sdk/lib/tinyusb/src/class/midi/midi_device.c.obj
                0x0000000010005c4c                midid_control_xfer_cb
 .text.midid_xfer_cb
                0x0000000010005c50       0xd0 CMakeFiles/AbletonIntegration.dir/home/jorgealejandro/.pico/pico-sdk/lib/tinyusb/src/class/midi/midi_device.c.obj
                0x0000000010005c50                midid_xfer_cb
 .text.tusb_init
                0x0000000010005d20       0x24 CMakeFiles/AbletonIntegration.dir/home/jorgealejandro/.pico/pico-sdk/lib/tinyusb/src/tusb.c.obj
                0x0000000010005d20                tusb_init
 .text.tusb_inited
                0x0000000010005d44        0xe CMakeFiles/AbletonIntegration.dir/home/jorgealejandro/.pico/pico-sdk/lib/tinyusb/src/tusb.c.obj
                0x0000000010005d44                tusb_inited
 *fill*         0x0000000010005d52        0x2 
 .text.tu_edpt_validate
                0x0000000010005d54       0xa8 CMakeFiles/AbletonIntegration.dir/home/jorgealejandro/.pico/pico-sdk/lib/tinyusb/src/tusb.c.obj
                0x0000000010005d54                tu_edpt_validate
 .text.tu_edpt_bind_driver
                0x0000000010005dfc       0x2a CMakeFiles/AbletonIntegration.dir/home/jorgealejandro/.pico/pico-sdk/lib/tinyusb/src/tusb.c.obj
                0x0000000010005dfc                tu_edpt_bind_driver
 .text.advance_pointer
                0x0000000010005e26       0x18 CMakeFiles/AbletonIntegration.dir/home/jorgealejandro/.pico/pico-sdk/lib/tinyusb/src/common/tusb_fifo.c.obj
 .text.backward_pointer
                0x0000000010005e3e       0x1e CMakeFiles/AbletonIntegration.dir/home/jorgealejandro/.pico/pico-sdk/lib/tinyusb/src/common/tusb_fifo.c.obj
 .text.get_relative_pointer
                0x0000000010005e5c       0x10 CMakeFiles/AbletonIntegration.dir/home/jorgealejandro/.pico/pico-sdk/lib/tinyusb/src/common/tusb_fifo.c.obj
 .text._tu_fifo_peek
                0x0000000010005e6c       0x50 CMakeFiles/AbletonIntegration.dir/home/jorgealejandro/.pico/pico-sdk/lib/tinyusb/src/common/tusb_fifo.c.obj
 .text._ff_pull_const_addr
                0x0000000010005ebc       0x4c CMakeFiles/AbletonIntegration.dir/home/jorgealejandro/.pico/pico-sdk/lib/tinyusb/src/common/tusb_fifo.c.obj
 .text._ff_pull_n
                0x0000000010005f08      0x10c CMakeFiles/AbletonIntegration.dir/home/jorgealejandro/.pico/pico-sdk/lib/tinyusb/src/common/tusb_fifo.c.obj
 .text._tu_fifo_peek_n
                0x0000000010006014       0x5e CMakeFiles/AbletonIntegration.dir/home/jorgealejandro/.pico/pico-sdk/lib/tinyusb/src/common/tusb_fifo.c.obj
 .text._tu_fifo_read_n
                0x0000000010006072       0x4e CMakeFiles/AbletonIntegration.dir/home/jorgealejandro/.pico/pico-sdk/lib/tinyusb/src/common/tusb_fifo.c.obj
 .text._ff_push_const_addr
                0x00000000100060c0       0x40 CMakeFiles/AbletonIntegration.dir/home/jorgealejandro/.pico/pico-sdk/lib/tinyusb/src/common/tusb_fifo.c.obj
 .text._ff_push_n
                0x0000000010006100      0x106 CMakeFiles/AbletonIntegration.dir/home/jorgealejandro/.pico/pico-sdk/lib/tinyusb/src/common/tusb_fifo.c.obj
 .text._tu_fifo_write_n
                0x0000000010006206       0x9e CMakeFiles/AbletonIntegration.dir/home/jorgealejandro/.pico/pico-sdk/lib/tinyusb/src/common/tusb_fifo.c.obj
 .text.tu_fifo_config
                0x00000000100062a4       0x72 CMakeFiles/AbletonIntegration.dir/home/jorgealejandro/.pico/pico-sdk/lib/tinyusb/src/common/tusb_fifo.c.obj
                0x00000000100062a4                tu_fifo_config
 .text.tu_fifo_count
                0x0000000010006316       0x26 CMakeFiles/AbletonIntegration.dir/home/jorgealejandro/.pico/pico-sdk/lib/tinyusb/src/common/tusb_fifo.c.obj
                0x0000000010006316                tu_fifo_count
 .text.tu_fifo_remaining
                0x000000001000633c       0x20 CMakeFiles/AbletonIntegration.dir/home/jorgealejandro/.pico/pico-sdk/lib/tinyusb/src/common/tusb_fifo.c.obj
                0x000000001000633c                tu_fifo_remaining
 .text.tu_fifo_read
                0x000000001000635c       0x42 CMakeFiles/AbletonIntegration.dir/home/jorgealejandro/.pico/pico-sdk/lib/tinyusb/src/common/tusb_fifo.c.obj
                0x000000001000635c                tu_fifo_read
 .text.tu_fifo_read_n
                0x000000001000639e        0xa CMakeFiles/AbletonIntegration.dir/home/jorgealejandro/.pico/pico-sdk/lib/tinyusb/src/common/tusb_fifo.c.obj
                0x000000001000639e                tu_fifo_read_n
 .text.tu_fifo_write
                0x00000000100063a8       0x6c CMakeFiles/AbletonIntegration.dir/home/jorgealejandro/.pico/pico-sdk/lib/tinyusb/src/common/tusb_fifo.c.obj
                0x00000000100063a8                tu_fifo_write
 .text.tu_fifo_write_n
                0x0000000010006414        0xa CMakeFiles/AbletonIntegration.dir/home/jorgealejandro/.pico/pico-sdk/lib/tinyusb/src/common/tusb_fifo.c.obj
                0x0000000010006414                tu_fifo_write_n
 .text.tu_fifo_clear
                0x000000001000641e       0x4c CMakeFiles/AbletonIntegration.dir/home/jorgealejandro/.pico/pico-sdk/lib/tinyusb/src/common/tusb_fifo.c.obj
                0x000000001000641e                tu_fifo_clear
 *fill*         0x000000001000646a        0x2 
 .text          0x000000001000646c       0x68 /usr/lib/gcc/arm-none-eabi/9.2.1/../../../arm-none-eabi/lib/thumb/v6-m/nofp/libg.a(lib_a-strlen-stub.o)
                0x000000001000646c                strlen
 *(.fini)
 .fini          0x00000000100064d4        0x4 /usr/lib/gcc/arm-none-eabi/9.2.1/thumb/v6-m/nofp/crti.o
                0x00000000100064d4                _fini
 .fini.__stub   0x00000000100064d8       0x60 linker stubs
 *crtbegin.o(.ctors)
 *crtbegin?.o(.ctors)
 *(EXCLUDE_FILE(*crtend.o *crtend?.o) .ctors)
 *(SORT_BY_NAME(.ctors.*))
 *(.ctors)
 *crtbegin.o(.dtors)
 *crtbegin?.o(.dtors)
 *(EXCLUDE_FILE(*crtend.o *crtend?.o) .dtors)
 *(SORT_BY_NAME(.dtors.*))
 *(.dtors)
 *(.eh_frame*)
 .eh_frame      0x0000000010006538        0x0 /usr/lib/gcc/arm-none-eabi/9.2.1/thumb/v6-m/nofp/crtbegin.o
                0x0000000010006538                . = ALIGN (0x4)

.glue_7         0x0000000010006538        0x0
 .glue_7        0x0000000010006538        0x0 linker stubs

.glue_7t        0x0000000010006538        0x0
 .glue_7t       0x0000000010006538        0x0 linker stubs

.vfp11_veneer   0x0000000010006538        0x0
 .vfp11_veneer  0x0000000010006538        0x0 linker stubs

.v4_bx          0x0000000010006538        0x0
 .v4_bx         0x0000000010006538        0x0 linker stubs

.iplt           0x0000000010006538        0x0
 .iplt          0x0000000010006538        0x0 /usr/lib/gcc/arm-none-eabi/9.2.1/thumb/v6-m/nofp/crtbegin.o

.rodata         0x0000000010006538     0x1398
 *(EXCLUDE_FILE(*libm.a: *libc.a:*lib_a-mem*.o *libgcc.a:) .rodata*)
 .rodata.str1.4
                0x0000000010006538       0x2b CMakeFiles/AbletonIntegration.dir/usb_descriptors.c.obj
 *fill*         0x0000000010006563        0x1 
 .rodata.__compound_literal.0
                0x0000000010006564        0x2 CMakeFiles/AbletonIntegration.dir/usb_descriptors.c.obj
 *fill*         0x0000000010006566        0x2 
 .rodata.desc_device
                0x0000000010006568       0x12 CMakeFiles/AbletonIntegration.dir/usb_descriptors.c.obj
                0x0000000010006568                desc_device
 *fill*         0x000000001000657a        0x2 
 .rodata.desc_fs_configuration
                0x000000001000657c       0x65 CMakeFiles/AbletonIntegration.dir/usb_descriptors.c.obj
                0x000000001000657c                desc_fs_configuration
 *fill*         0x00000000100065e1        0x3 
 .rodata.spin_lock_claim_unused.str1.4
                0x00000000100065e4       0x1b CMakeFiles/AbletonIntegration.dir/home/jorgealejandro/.pico/pico-sdk/src/rp2_common/hardware_sync/sync.c.obj
 *fill*         0x00000000100065ff        0x1 
 .rodata.repeating_timer_callback.str1.4
                0x0000000010006600       0x54 CMakeFiles/AbletonIntegration.dir/home/jorgealejandro/.pico/pico-sdk/src/common/pico_time/time.c.obj
 .rodata.alarm_pool_dump_key.str1.4
                0x0000000010006654       0x33 CMakeFiles/AbletonIntegration.dir/home/jorgealejandro/.pico/pico-sdk/src/common/pico_time/time.c.obj
 *fill*         0x0000000010006687        0x1 
 .rodata.ph_add_child_node.str1.4
                0x0000000010006688       0x9e CMakeFiles/AbletonIntegration.dir/home/jorgealejandro/.pico/pico-sdk/src/common/pico_time/time.c.obj
 *fill*         0x0000000010006726        0x2 
 .rodata.add_alarm_under_lock.str1.4
                0x0000000010006728       0x28 CMakeFiles/AbletonIntegration.dir/home/jorgealejandro/.pico/pico-sdk/src/common/pico_time/time.c.obj
                                         0x2b (size before relaxing)
 .rodata.alarm_pool_alarm_callback.str1.4
                0x0000000010006750       0xee CMakeFiles/AbletonIntegration.dir/home/jorgealejandro/.pico/pico-sdk/src/common/pico_time/time.c.obj
 *fill*         0x000000001000683e        0x2 
 .rodata.alarm_pool_get_default.str1.4
                0x0000000010006840       0x21 CMakeFiles/AbletonIntegration.dir/home/jorgealejandro/.pico/pico-sdk/src/common/pico_time/time.c.obj
 *fill*         0x0000000010006861        0x3 
 .rodata.alarm_pool_cancel_alarm.str1.4
                0x0000000010006864       0x27 CMakeFiles/AbletonIntegration.dir/home/jorgealejandro/.pico/pico-sdk/src/common/pico_time/time.c.obj
 *fill*         0x000000001000688b        0x1 
 .rodata.__func__.5701
                0x000000001000688c       0x15 CMakeFiles/AbletonIntegration.dir/home/jorgealejandro/.pico/pico-sdk/src/common/pico_time/time.c.obj
 *fill*         0x00000000100068a1        0x3 
 .rodata.__func__.6007
                0x00000000100068a4        0xc CMakeFiles/AbletonIntegration.dir/home/jorgealejandro/.pico/pico-sdk/src/common/pico_time/time.c.obj
 .rodata.__func__.6014
                0x00000000100068b0       0x12 CMakeFiles/AbletonIntegration.dir/home/jorgealejandro/.pico/pico-sdk/src/common/pico_time/time.c.obj
 *fill*         0x00000000100068c2        0x2 
 .rodata.__func__.6030
                0x00000000100068c4        0xf CMakeFiles/AbletonIntegration.dir/home/jorgealejandro/.pico/pico-sdk/src/common/pico_time/time.c.obj
 *fill*         0x00000000100068d3        0x1 
 .rodata.__func__.6052
                0x00000000100068d4        0xd CMakeFiles/AbletonIntegration.dir/home/jorgealejandro/.pico/pico-sdk/src/common/pico_time/time.c.obj
 *fill*         0x00000000100068e1        0x3 
 .rodata.__func__.6276
                0x00000000100068e4        0xa CMakeFiles/AbletonIntegration.dir/home/jorgealejandro/.pico/pico-sdk/src/common/pico_time/time.c.obj
 *fill*         0x00000000100068ee        0x2 
 .rodata.__func__.6281
                0x00000000100068f0       0x12 CMakeFiles/AbletonIntegration.dir/home/jorgealejandro/.pico/pico-sdk/src/common/pico_time/time.c.obj
 *fill*         0x0000000010006902        0x2 
 .rodata.__func__.6296
                0x0000000010006904       0x17 CMakeFiles/AbletonIntegration.dir/home/jorgealejandro/.pico/pico-sdk/src/common/pico_time/time.c.obj
 *fill*         0x000000001000691b        0x1 
 .rodata.__func__.6307
                0x000000001000691c       0x15 CMakeFiles/AbletonIntegration.dir/home/jorgealejandro/.pico/pico-sdk/src/common/pico_time/time.c.obj
 *fill*         0x0000000010006931        0x3 
 .rodata.__func__.6324
                0x0000000010006934       0x1a CMakeFiles/AbletonIntegration.dir/home/jorgealejandro/.pico/pico-sdk/src/common/pico_time/time.c.obj
 *fill*         0x000000001000694e        0x2 
 .rodata.__func__.6363
                0x0000000010006950       0x18 CMakeFiles/AbletonIntegration.dir/home/jorgealejandro/.pico/pico-sdk/src/common/pico_time/time.c.obj
 .rodata.hardware_alarm_claim.str1.4
                0x0000000010006968       0x22 CMakeFiles/AbletonIntegration.dir/home/jorgealejandro/.pico/pico-sdk/src/rp2_common/hardware_timer/timer.c.obj
 *fill*         0x000000001000698a        0x2 
 .rodata.hardware_alarm_set_target.str1.4
                0x000000001000698c       0x6e CMakeFiles/AbletonIntegration.dir/home/jorgealejandro/.pico/pico-sdk/src/rp2_common/hardware_timer/timer.c.obj
 *fill*         0x00000000100069fa        0x2 
 .rodata.__func__.4559
                0x00000000100069fc       0x1a CMakeFiles/AbletonIntegration.dir/home/jorgealejandro/.pico/pico-sdk/src/rp2_common/hardware_timer/timer.c.obj
 *fill*         0x0000000010006a16        0x2 
 .rodata.str1.4
                0x0000000010006a18       0x95 CMakeFiles/AbletonIntegration.dir/home/jorgealejandro/.pico/pico-sdk/src/common/pico_sync/mutex.c.obj
                                        0x101 (size before relaxing)
 *fill*         0x0000000010006aad        0x3 
 .rodata.__func__.4193
                0x0000000010006ab0       0x15 CMakeFiles/AbletonIntegration.dir/home/jorgealejandro/.pico/pico-sdk/src/common/pico_sync/mutex.c.obj
 *fill*         0x0000000010006ac5        0x3 
 .rodata.__func__.4681
                0x0000000010006ac8       0x18 CMakeFiles/AbletonIntegration.dir/home/jorgealejandro/.pico/pico-sdk/src/common/pico_sync/mutex.c.obj
 .rodata.__func__.4700
                0x0000000010006ae0        0xb CMakeFiles/AbletonIntegration.dir/home/jorgealejandro/.pico/pico-sdk/src/common/pico_sync/mutex.c.obj
 .rodata.ph_add_child_node.str1.4
                0x0000000010006aeb       0x9e CMakeFiles/AbletonIntegration.dir/home/jorgealejandro/.pico/pico-sdk/src/common/pico_util/pheap.c.obj
 *fill*         0x0000000010006aeb        0x1 
 .rodata.ph_remove_any_head.str1.4
                0x0000000010006aec       0x98 CMakeFiles/AbletonIntegration.dir/home/jorgealejandro/.pico/pico-sdk/src/common/pico_util/pheap.c.obj
 .rodata.ph_remove_and_free_node.str1.4
                0x0000000010006b84       0x26 CMakeFiles/AbletonIntegration.dir/home/jorgealejandro/.pico/pico-sdk/src/common/pico_util/pheap.c.obj
 *fill*         0x0000000010006baa        0x2 
 .rodata.__func__.5708
                0x0000000010006bac        0xc CMakeFiles/AbletonIntegration.dir/home/jorgealejandro/.pico/pico-sdk/src/common/pico_util/pheap.c.obj
 .rodata.__func__.5715
                0x0000000010006bb8       0x12 CMakeFiles/AbletonIntegration.dir/home/jorgealejandro/.pico/pico-sdk/src/common/pico_util/pheap.c.obj
 *fill*         0x0000000010006bca        0x2 
 .rodata.__func__.5801
                0x0000000010006bcc       0x13 CMakeFiles/AbletonIntegration.dir/home/jorgealejandro/.pico/pico-sdk/src/common/pico_util/pheap.c.obj
 *fill*         0x0000000010006bdf        0x1 
 .rodata.__func__.5819
                0x0000000010006be0       0x18 CMakeFiles/AbletonIntegration.dir/home/jorgealejandro/.pico/pico-sdk/src/common/pico_util/pheap.c.obj
 .rodata.__assert_func.str1.4
                0x0000000010006bf8       0x3f CMakeFiles/AbletonIntegration.dir/home/jorgealejandro/.pico/pico-sdk/src/rp2_common/pico_runtime/runtime.c.obj
                                         0x43 (size before relaxing)
 *fill*         0x0000000010006c37        0x1 
 .rodata.runtime_init.str1.4
                0x0000000010006c38       0x6a CMakeFiles/AbletonIntegration.dir/home/jorgealejandro/.pico/pico-sdk/src/rp2_common/pico_runtime/runtime.c.obj
 *fill*         0x0000000010006ca2        0x2 
 .rodata.panic.str1.4
                0x0000000010006ca4       0x12 CMakeFiles/AbletonIntegration.dir/home/jorgealejandro/.pico/pico-sdk/src/rp2_common/pico_runtime/runtime.c.obj
 *fill*         0x0000000010006cb6        0x2 
 .rodata.__func__.5816
                0x0000000010006cb8        0xd CMakeFiles/AbletonIntegration.dir/home/jorgealejandro/.pico/pico-sdk/src/rp2_common/pico_runtime/runtime.c.obj
 *fill*         0x0000000010006cc5        0x3 
 .rodata.clock_configure.str1.4
                0x0000000010006cc8       0x60 CMakeFiles/AbletonIntegration.dir/home/jorgealejandro/.pico/pico-sdk/src/rp2_common/hardware_clocks/clocks.c.obj
 .rodata.__func__.4688
                0x0000000010006d28       0x10 CMakeFiles/AbletonIntegration.dir/home/jorgealejandro/.pico/pico-sdk/src/rp2_common/hardware_clocks/clocks.c.obj
 .rodata.make_branch.str1.4
                0x0000000010006d38       0x56 CMakeFiles/AbletonIntegration.dir/home/jorgealejandro/.pico/pico-sdk/src/rp2_common/hardware_irq/irq.c.obj
 *fill*         0x0000000010006d8e        0x2 
 .rodata.irq_set_exclusive_handler.str1.4
                0x0000000010006d90       0x36 CMakeFiles/AbletonIntegration.dir/home/jorgealejandro/.pico/pico-sdk/src/rp2_common/hardware_irq/irq.c.obj
 *fill*         0x0000000010006dc6        0x2 
 .rodata.irq_add_shared_handler.str1.4
                0x0000000010006dc8       0xd9 CMakeFiles/AbletonIntegration.dir/home/jorgealejandro/.pico/pico-sdk/src/rp2_common/hardware_irq/irq.c.obj
 *fill*         0x0000000010006ea1        0x3 
 .rodata.irq_remove_handler.str1.4
                0x0000000010006ea4       0x2a CMakeFiles/AbletonIntegration.dir/home/jorgealejandro/.pico/pico-sdk/src/rp2_common/hardware_irq/irq.c.obj
 *fill*         0x0000000010006ece        0x2 
 .rodata.irq_add_tail_to_free_list.str1.4
                0x0000000010006ed0       0x32 CMakeFiles/AbletonIntegration.dir/home/jorgealejandro/.pico/pico-sdk/src/rp2_common/hardware_irq/irq.c.obj
                                         0x3a (size before relaxing)
 *fill*         0x0000000010006f02        0x2 
 .rodata.__func__.4733
                0x0000000010006f04       0x1a CMakeFiles/AbletonIntegration.dir/home/jorgealejandro/.pico/pico-sdk/src/rp2_common/hardware_irq/irq.c.obj
 *fill*         0x0000000010006f1e        0x2 
 .rodata.__func__.4747
                0x0000000010006f20        0xc CMakeFiles/AbletonIntegration.dir/home/jorgealejandro/.pico/pico-sdk/src/rp2_common/hardware_irq/irq.c.obj
 .rodata.__func__.4755
                0x0000000010006f2c       0x17 CMakeFiles/AbletonIntegration.dir/home/jorgealejandro/.pico/pico-sdk/src/rp2_common/hardware_irq/irq.c.obj
 *fill*         0x0000000010006f43        0x1 
 .rodata.__func__.4759
                0x0000000010006f44        0xf CMakeFiles/AbletonIntegration.dir/home/jorgealejandro/.pico/pico-sdk/src/rp2_common/hardware_irq/irq.c.obj
 *fill*         0x0000000010006f53        0x1 
 .rodata.__func__.4798
                0x0000000010006f54       0x13 CMakeFiles/AbletonIntegration.dir/home/jorgealejandro/.pico/pico-sdk/src/rp2_common/hardware_irq/irq.c.obj
 *fill*         0x0000000010006f67        0x1 
 .rodata.__func__.4821
                0x0000000010006f68       0x1a CMakeFiles/AbletonIntegration.dir/home/jorgealejandro/.pico/pico-sdk/src/rp2_common/hardware_irq/irq.c.obj
 *fill*         0x0000000010006f82        0x2 
 .rodata.pll_init.str1.4
                0x0000000010006f84       0xe3 CMakeFiles/AbletonIntegration.dir/home/jorgealejandro/.pico/pico-sdk/src/rp2_common/hardware_pll/pll.c.obj
 *fill*         0x0000000010007067        0x1 
 .rodata.__func__.4408
                0x0000000010007068        0x9 CMakeFiles/AbletonIntegration.dir/home/jorgealejandro/.pico/pico-sdk/src/rp2_common/hardware_pll/pll.c.obj
 *fill*         0x0000000010007071        0x3 
 .rodata._ftoa.str1.4
                0x0000000010007074       0x15 CMakeFiles/AbletonIntegration.dir/home/jorgealejandro/.pico/pico-sdk/src/rp2_common/pico_printf/printf.c.obj
 *fill*         0x0000000010007089        0x3 
 .rodata._vsnprintf
                0x000000001000708c      0x1e0 CMakeFiles/AbletonIntegration.dir/home/jorgealejandro/.pico/pico-sdk/src/rp2_common/pico_printf/printf.c.obj
 *fill*         0x000000001000726c        0x4 
 .rodata.pow10.5422
                0x0000000010007270       0x50 CMakeFiles/AbletonIntegration.dir/home/jorgealejandro/.pico/pico-sdk/src/rp2_common/pico_printf/printf.c.obj
 .rodata.__aeabi_double_init.str1.4
                0x00000000100072c0       0xb1 CMakeFiles/AbletonIntegration.dir/home/jorgealejandro/.pico/pico-sdk/src/rp2_common/pico_double/double_init_rom.c.obj
 *fill*         0x0000000010007371        0x3 
 .rodata.__func__.4719
                0x0000000010007374       0x14 CMakeFiles/AbletonIntegration.dir/home/jorgealejandro/.pico/pico-sdk/src/rp2_common/pico_double/double_init_rom.c.obj
 .rodata.__aeabi_float_init.str1.4
                0x0000000010007388       0x83 CMakeFiles/AbletonIntegration.dir/home/jorgealejandro/.pico/pico-sdk/src/rp2_common/pico_float/float_init_rom.c.obj
                                         0x87 (size before relaxing)
 *fill*         0x000000001000740b        0x1 
 .rodata.__func__.4720
                0x000000001000740c       0x13 CMakeFiles/AbletonIntegration.dir/home/jorgealejandro/.pico/pico-sdk/src/rp2_common/pico_float/float_init_rom.c.obj
 *fill*         0x000000001000741f        0x1 
 .rodata.str1.4
                0x0000000010007420       0x48 CMakeFiles/AbletonIntegration.dir/home/jorgealejandro/.pico/pico-sdk/src/rp2_common/pico_standard_link/binary_info.c.obj
 .rodata.__bi_44
                0x0000000010007468        0xc CMakeFiles/AbletonIntegration.dir/home/jorgealejandro/.pico/pico-sdk/src/rp2_common/pico_standard_link/binary_info.c.obj
 .rodata.__bi_75
                0x0000000010007474        0xc CMakeFiles/AbletonIntegration.dir/home/jorgealejandro/.pico/pico-sdk/src/rp2_common/pico_standard_link/binary_info.c.obj
 .rodata.__bi_81
                0x0000000010007480        0xc CMakeFiles/AbletonIntegration.dir/home/jorgealejandro/.pico/pico-sdk/src/rp2_common/pico_standard_link/binary_info.c.obj
 .rodata.crlf_str.5896
                0x000000001000748c        0x2 CMakeFiles/AbletonIntegration.dir/home/jorgealejandro/.pico/pico-sdk/src/rp2_common/pico_stdio/stdio.c.obj
 *fill*         0x000000001000748e        0x2 
 .rodata._hw_endpoint_alloc.str1.4
                0x0000000010007490       0xc1 CMakeFiles/AbletonIntegration.dir/home/jorgealejandro/.pico/pico-sdk/lib/tinyusb/src/portable/raspberrypi/rp2040/dcd_rp2040.c.obj
 *fill*         0x0000000010007551        0x3 
 .rodata.dcd_rp2040_irq.str1.4
                0x0000000010007554       0x14 CMakeFiles/AbletonIntegration.dir/home/jorgealejandro/.pico/pico-sdk/lib/tinyusb/src/portable/raspberrypi/rp2040/dcd_rp2040.c.obj
 .rodata.dcd_int_enable.str1.4
                0x0000000010007568        0xc CMakeFiles/AbletonIntegration.dir/home/jorgealejandro/.pico/pico-sdk/lib/tinyusb/src/portable/raspberrypi/rp2040/dcd_rp2040.c.obj
 .rodata.__func__.6863
                0x0000000010007574       0x13 CMakeFiles/AbletonIntegration.dir/home/jorgealejandro/.pico/pico-sdk/lib/tinyusb/src/portable/raspberrypi/rp2040/dcd_rp2040.c.obj
 *fill*         0x0000000010007587        0x1 
 .rodata.__func__.6916
                0x0000000010007588        0x9 CMakeFiles/AbletonIntegration.dir/home/jorgealejandro/.pico/pico-sdk/lib/tinyusb/src/portable/raspberrypi/rp2040/dcd_rp2040.c.obj
 *fill*         0x0000000010007591        0x3 
 .rodata.__func__.6920
                0x0000000010007594        0xf CMakeFiles/AbletonIntegration.dir/home/jorgealejandro/.pico/pico-sdk/lib/tinyusb/src/portable/raspberrypi/rp2040/dcd_rp2040.c.obj
 *fill*         0x00000000100075a3        0x1 
 .rodata.__func__.6929
                0x00000000100075a4       0x10 CMakeFiles/AbletonIntegration.dir/home/jorgealejandro/.pico/pico-sdk/lib/tinyusb/src/portable/raspberrypi/rp2040/dcd_rp2040.c.obj
 .rodata.__func__.6948
                0x00000000100075b4        0xe CMakeFiles/AbletonIntegration.dir/home/jorgealejandro/.pico/pico-sdk/lib/tinyusb/src/portable/raspberrypi/rp2040/dcd_rp2040.c.obj
 *fill*         0x00000000100075c2        0x2 
 .rodata.__func__.6958
                0x00000000100075c4        0xe CMakeFiles/AbletonIntegration.dir/home/jorgealejandro/.pico/pico-sdk/lib/tinyusb/src/portable/raspberrypi/rp2040/dcd_rp2040.c.obj
 *fill*         0x00000000100075d2        0x2 
 .rodata.sync_ep_buffer.str1.4
                0x00000000100075d4       0x9d CMakeFiles/AbletonIntegration.dir/home/jorgealejandro/.pico/pico-sdk/lib/tinyusb/src/portable/raspberrypi/rp2040/rp2040_usb.c.obj
 *fill*         0x0000000010007671        0x3 
 .rodata._hw_endpoint_buffer_control_update32.str1.4
                0x0000000010007674       0x1f CMakeFiles/AbletonIntegration.dir/home/jorgealejandro/.pico/pico-sdk/lib/tinyusb/src/portable/raspberrypi/rp2040/rp2040_usb.c.obj
 *fill*         0x0000000010007693        0x1 
 .rodata.hw_endpoint_xfer_start.str1.4
                0x0000000010007694       0x38 CMakeFiles/AbletonIntegration.dir/home/jorgealejandro/.pico/pico-sdk/lib/tinyusb/src/portable/raspberrypi/rp2040/rp2040_usb.c.obj
 .rodata.hw_endpoint_xfer_continue.str1.4
                0x00000000100076cc       0x29 CMakeFiles/AbletonIntegration.dir/home/jorgealejandro/.pico/pico-sdk/lib/tinyusb/src/portable/raspberrypi/rp2040/rp2040_usb.c.obj
 *fill*         0x00000000100076f5        0x3 
 .rodata.str1.4
                0x00000000100076f8        0x7 CMakeFiles/AbletonIntegration.dir/home/jorgealejandro/.pico/pico-sdk/lib/tinyusb/src/portable/raspberrypi/rp2040/rp2040_usb.c.obj
 *fill*         0x00000000100076ff        0x1 
 .rodata.__func__.6630
                0x0000000010007700        0xf CMakeFiles/AbletonIntegration.dir/home/jorgealejandro/.pico/pico-sdk/lib/tinyusb/src/portable/raspberrypi/rp2040/rp2040_usb.c.obj
 *fill*         0x000000001000770f        0x1 
 .rodata.process_set_config.str1.4
                0x0000000010007710       0x17 CMakeFiles/AbletonIntegration.dir/home/jorgealejandro/.pico/pico-sdk/lib/tinyusb/src/device/usbd.c.obj
 *fill*         0x0000000010007727        0x1 
 .rodata.process_get_descriptor
                0x0000000010007728       0x40 CMakeFiles/AbletonIntegration.dir/home/jorgealejandro/.pico/pico-sdk/lib/tinyusb/src/device/usbd.c.obj
 .rodata.process_control_request
                0x0000000010007768       0x28 CMakeFiles/AbletonIntegration.dir/home/jorgealejandro/.pico/pico-sdk/lib/tinyusb/src/device/usbd.c.obj
 .rodata.tud_task
                0x0000000010007790       0x24 CMakeFiles/AbletonIntegration.dir/home/jorgealejandro/.pico/pico-sdk/lib/tinyusb/src/device/usbd.c.obj
 .rodata.__func__.6539
                0x00000000100077b4       0x10 CMakeFiles/AbletonIntegration.dir/home/jorgealejandro/.pico/pico-sdk/lib/tinyusb/src/device/usbd.c.obj
 .rodata.__func__.7709
                0x00000000100077c4        0x9 CMakeFiles/AbletonIntegration.dir/home/jorgealejandro/.pico/pico-sdk/lib/tinyusb/src/device/usbd.c.obj
 *fill*         0x00000000100077cd        0x3 
 .rodata.__func__.7730
                0x00000000100077d0       0x18 CMakeFiles/AbletonIntegration.dir/home/jorgealejandro/.pico/pico-sdk/lib/tinyusb/src/device/usbd.c.obj
 .rodata.__func__.7773
                0x00000000100077e8       0x13 CMakeFiles/AbletonIntegration.dir/home/jorgealejandro/.pico/pico-sdk/lib/tinyusb/src/device/usbd.c.obj
 *fill*         0x00000000100077fb        0x1 
 .rodata.__func__.7808
                0x00000000100077fc       0x17 CMakeFiles/AbletonIntegration.dir/home/jorgealejandro/.pico/pico-sdk/lib/tinyusb/src/device/usbd.c.obj
 *fill*         0x0000000010007813        0x1 
 .rodata.__func__.7876
                0x0000000010007814        0xf CMakeFiles/AbletonIntegration.dir/home/jorgealejandro/.pico/pico-sdk/lib/tinyusb/src/device/usbd.c.obj
 *fill*         0x0000000010007823        0x1 
 .rodata.__func__.7899
                0x0000000010007824        0xf CMakeFiles/AbletonIntegration.dir/home/jorgealejandro/.pico/pico-sdk/lib/tinyusb/src/device/usbd.c.obj
 *fill*         0x0000000010007833        0x1 
 .rodata._usbd_driver
                0x0000000010007834       0x18 CMakeFiles/AbletonIntegration.dir/home/jorgealejandro/.pico/pico-sdk/lib/tinyusb/src/device/usbd.c.obj
 .rodata.tud_control_xfer.str1.4
                0x000000001000784c       0x17 CMakeFiles/AbletonIntegration.dir/home/jorgealejandro/.pico/pico-sdk/lib/tinyusb/src/device/usbd_control.c.obj
 .rodata.__func__.7624
                0x000000001000784c       0x11 CMakeFiles/AbletonIntegration.dir/home/jorgealejandro/.pico/pico-sdk/lib/tinyusb/src/device/usbd_control.c.obj
 *fill*         0x000000001000785d        0x3 
 .rodata.__func__.7651
                0x0000000010007860       0x15 CMakeFiles/AbletonIntegration.dir/home/jorgealejandro/.pico/pico-sdk/lib/tinyusb/src/device/usbd_control.c.obj
 .rodata.write_flush.str1.4
                0x0000000010007875       0x17 CMakeFiles/AbletonIntegration.dir/home/jorgealejandro/.pico/pico-sdk/lib/tinyusb/src/class/midi/midi_device.c.obj
 *fill*         0x0000000010007875        0x3 
 .rodata.__func__.7562
                0x0000000010007878        0xc CMakeFiles/AbletonIntegration.dir/home/jorgealejandro/.pico/pico-sdk/lib/tinyusb/src/class/midi/midi_device.c.obj
 .rodata.__func__.7621
                0x0000000010007884        0xb CMakeFiles/AbletonIntegration.dir/home/jorgealejandro/.pico/pico-sdk/lib/tinyusb/src/class/midi/midi_device.c.obj
 *fill*         0x000000001000788f        0x1 
 .rodata.__func__.7642
                0x0000000010007890        0xe CMakeFiles/AbletonIntegration.dir/home/jorgealejandro/.pico/pico-sdk/lib/tinyusb/src/class/midi/midi_device.c.obj
 .rodata.tusb_init.str1.4
                0x000000001000789e       0x17 CMakeFiles/AbletonIntegration.dir/home/jorgealejandro/.pico/pico-sdk/lib/tinyusb/src/tusb.c.obj
 *fill*         0x000000001000789e        0x2 
 .rodata.__func__.7497
                0x00000000100078a0        0xa CMakeFiles/AbletonIntegration.dir/home/jorgealejandro/.pico/pico-sdk/lib/tinyusb/src/tusb.c.obj
 *fill*         0x00000000100078aa        0x2 
 .rodata.__func__.7509
                0x00000000100078ac       0x11 CMakeFiles/AbletonIntegration.dir/home/jorgealejandro/.pico/pico-sdk/lib/tinyusb/src/tusb.c.obj
 *fill*         0x00000000100078bd        0x3 
 .rodata.str1.4
                0x00000000100078c0        0x4 CMakeFiles/AbletonIntegration.dir/home/jorgealejandro/.pico/pico-sdk/lib/tinyusb/hw/bsp/rp2040/family.c.obj
 .rodata.__bi_121.7938
                0x00000000100078c4        0xc CMakeFiles/AbletonIntegration.dir/home/jorgealejandro/.pico/pico-sdk/lib/tinyusb/hw/bsp/rp2040/family.c.obj
                0x00000000100078d0                . = ALIGN (0x4)
 *(SORT_BY_ALIGNMENT(SORT_BY_NAME(.flashdata*)))
                0x00000000100078d0                . = ALIGN (0x4)

.rel.dyn        0x00000000100078d0        0x0
 .rel.iplt      0x00000000100078d0        0x0 /usr/lib/gcc/arm-none-eabi/9.2.1/thumb/v6-m/nofp/crtbegin.o

.ARM.extab
 *(.ARM.extab* .gnu.linkonce.armextab.*)
                0x00000000100078d0                __exidx_start = .

.ARM.exidx
 *(.ARM.exidx* .gnu.linkonce.armexidx.*)
                0x00000000100078d0                __exidx_end = .
                0x00000000100078d0                . = ALIGN (0x4)
                0x00000000100078d0                __binary_info_start = .

.binary_info    0x00000000100078d0       0x20
 *(.binary_info.keep.*)
 .binary_info.keep.__bi_ptr22
                0x00000000100078d0        0x4 CMakeFiles/AbletonIntegration.dir/home/jorgealejandro/.pico/pico-sdk/src/rp2_common/pico_standard_link/binary_info.c.obj
 .binary_info.keep.__bi_ptr30
                0x00000000100078d4        0x4 CMakeFiles/AbletonIntegration.dir/home/jorgealejandro/.pico/pico-sdk/src/rp2_common/pico_standard_link/binary_info.c.obj
 .binary_info.keep.__bi_ptr38
                0x00000000100078d8        0x4 CMakeFiles/AbletonIntegration.dir/home/jorgealejandro/.pico/pico-sdk/src/rp2_common/pico_standard_link/binary_info.c.obj
 .binary_info.keep.__bi_ptr44
                0x00000000100078dc        0x4 CMakeFiles/AbletonIntegration.dir/home/jorgealejandro/.pico/pico-sdk/src/rp2_common/pico_standard_link/binary_info.c.obj
 .binary_info.keep.__bi_ptr50
                0x00000000100078e0        0x4 CMakeFiles/AbletonIntegration.dir/home/jorgealejandro/.pico/pico-sdk/src/rp2_common/pico_standard_link/binary_info.c.obj
 .binary_info.keep.__bi_ptr75
                0x00000000100078e4        0x4 CMakeFiles/AbletonIntegration.dir/home/jorgealejandro/.pico/pico-sdk/src/rp2_common/pico_standard_link/binary_info.c.obj
 .binary_info.keep.__bi_ptr81
                0x00000000100078e8        0x4 CMakeFiles/AbletonIntegration.dir/home/jorgealejandro/.pico/pico-sdk/src/rp2_common/pico_standard_link/binary_info.c.obj
 .binary_info.keep.__bi_ptr121
                0x00000000100078ec        0x4 CMakeFiles/AbletonIntegration.dir/home/jorgealejandro/.pico/pico-sdk/lib/tinyusb/hw/bsp/rp2040/family.c.obj
 *(.binary_info.*)
                0x00000000100078f0                __binary_info_end = .
                0x00000000100078f0                . = ALIGN (0x4)
                0x00000000100078f0                __etext = .

.ram_vector_table
                0x0000000020000000       0xc0
 *(.ram_vector_table)
 .ram_vector_table
                0x0000000020000000       0xc0 CMakeFiles/AbletonIntegration.dir/home/jorgealejandro/.pico/pico-sdk/src/rp2_common/pico_runtime/runtime.c.obj
                0x0000000020000000                ram_vector_table

.data           0x00000000200000c0      0x318 load address 0x00000000100078f0
                0x00000000200000c0                __data_start__ = .
 *(vtable)
 *(.time_critical*)
 .time_critical.mutex_enter_blocking
                0x00000000200000c0       0x48 CMakeFiles/AbletonIntegration.dir/home/jorgealejandro/.pico/pico-sdk/src/common/pico_sync/mutex.c.obj
                0x00000000200000c0                mutex_enter_blocking
 .time_critical.mutex_try_enter
                0x0000000020000108       0x48 CMakeFiles/AbletonIntegration.dir/home/jorgealejandro/.pico/pico-sdk/src/common/pico_sync/mutex.c.obj
                0x0000000020000108                mutex_try_enter
 .time_critical.mutex_enter_block_until
                0x0000000020000150       0x88 CMakeFiles/AbletonIntegration.dir/home/jorgealejandro/.pico/pico-sdk/src/common/pico_sync/mutex.c.obj
                0x0000000020000150                mutex_enter_block_until
 .time_critical.mutex_enter_timeout_ms
                0x00000000200001d8       0x78 CMakeFiles/AbletonIntegration.dir/home/jorgealejandro/.pico/pico-sdk/src/common/pico_sync/mutex.c.obj
                0x00000000200001d8                mutex_enter_timeout_ms
 .time_critical.mutex_exit
                0x0000000020000250       0x4c CMakeFiles/AbletonIntegration.dir/home/jorgealejandro/.pico/pico-sdk/src/common/pico_sync/mutex.c.obj
                0x0000000020000250                mutex_exit
 *(.text*)
 .text          0x000000002000029c        0x4 /usr/lib/gcc/arm-none-eabi/9.2.1/thumb/v6-m/nofp/libgcc.a(_dvmd_tls.o)
                0x000000002000029c                __aeabi_ldiv0
                0x000000002000029c                __aeabi_idiv0
 .text.__stub   0x00000000200002a0       0x40 linker stubs
                0x00000000200002e0                . = ALIGN (0x4)
 *(.rodata*)
                0x00000000200002e0                . = ALIGN (0x4)
 *(.data*)
 .data.string_desc_arr
                0x00000000200002e0       0x10 CMakeFiles/AbletonIntegration.dir/usb_descriptors.c.obj
                0x00000000200002e0                string_desc_arr
 .data.striped_spin_lock_num
                0x00000000200002f0        0x1 CMakeFiles/AbletonIntegration.dir/home/jorgealejandro/.pico/pico-sdk/src/rp2_common/hardware_sync/sync.c.obj
 *fill*         0x00000000200002f1        0x3 
 .data.default_alarm_pool
                0x00000000200002f4       0x18 CMakeFiles/AbletonIntegration.dir/home/jorgealejandro/.pico/pico-sdk/src/common/pico_time/time.c.obj
 .data.default_alarm_pool_heap
                0x000000002000030c       0x10 CMakeFiles/AbletonIntegration.dir/home/jorgealejandro/.pico/pico-sdk/src/common/pico_time/time.c.obj
 .data          0x000000002000031c       0x48 CMakeFiles/AbletonIntegration.dir/home/jorgealejandro/.pico/pico-sdk/src/rp2_common/hardware_irq/irq_handler_chain.S.obj
                0x000000002000031c                irq_handler_chain_slots
                0x000000002000034c                irq_handler_chain_first_slot
                0x0000000020000356                irq_handler_chain_remove_tail
 *fill*         0x0000000020000364        0xc 
 .data.aeabi_bits_funcs
                0x0000000020000370       0x10 CMakeFiles/AbletonIntegration.dir/home/jorgealejandro/.pico/pico-sdk/src/rp2_common/pico_bit_ops/bit_ops_aeabi.S.obj
                0x0000000020000370                aeabi_bits_funcs
                0x0000000020000380                aeabi_bits_funcs_end
 .data.aeabi_mem_funcs
                0x0000000020000380       0x10 CMakeFiles/AbletonIntegration.dir/home/jorgealejandro/.pico/pico-sdk/src/rp2_common/pico_mem_ops/mem_ops_aeabi.S.obj
                0x0000000020000380                aeabi_mem_funcs
                0x0000000020000390                aeabi_mem_funcs_end
 .data.ep_dir_string
                0x0000000020000390        0x8 CMakeFiles/AbletonIntegration.dir/home/jorgealejandro/.pico/pico-sdk/lib/tinyusb/src/portable/raspberrypi/rp2040/rp2040_usb.c.obj
                0x0000000020000390                ep_dir_string
 .data._usbd_qdef
                0x0000000020000398       0x24 CMakeFiles/AbletonIntegration.dir/home/jorgealejandro/.pico/pico-sdk/lib/tinyusb/src/device/usbd.c.obj
                0x0000000020000398                _usbd_qdef
                0x00000000200003bc                . = ALIGN (0x4)
 *(.after_data.*)
                0x00000000200003bc                . = ALIGN (0x4)
                0x00000000200003bc                PROVIDE (__mutex_array_start = .)
 *(SORT_BY_NAME(.mutex_array.*))
 *(.mutex_array)
 .mutex_array   0x00000000200003bc        0x8 CMakeFiles/AbletonIntegration.dir/home/jorgealejandro/.pico/pico-sdk/src/rp2_common/pico_stdio/stdio.c.obj
                0x00000000200003c4                PROVIDE (__mutex_array_end = .)
                0x00000000200003c4                . = ALIGN (0x4)
                0x00000000200003c4                PROVIDE (__preinit_array_start = .)
 *(SORT_BY_NAME(.preinit_array.*))
 .preinit_array.00001
                0x00000000200003c4        0x4 CMakeFiles/AbletonIntegration.dir/home/jorgealejandro/.pico/pico-sdk/src/rp2_common/pico_mem_ops/mem_ops_aeabi.S.obj
 .preinit_array.00010
                0x00000000200003c8        0x4 CMakeFiles/AbletonIntegration.dir/home/jorgealejandro/.pico/pico-sdk/src/rp2_common/pico_bit_ops/bit_ops_aeabi.S.obj
 .preinit_array.00020
                0x00000000200003cc        0x4 CMakeFiles/AbletonIntegration.dir/home/jorgealejandro/.pico/pico-sdk/src/rp2_common/pico_double/double_aeabi.S.obj
 .preinit_array.00020
                0x00000000200003d0        0x4 CMakeFiles/AbletonIntegration.dir/home/jorgealejandro/.pico/pico-sdk/src/rp2_common/pico_float/float_aeabi.S.obj
 *(.preinit_array)
                0x00000000200003d4                PROVIDE (__preinit_array_end = .)
                0x00000000200003d4                . = ALIGN (0x4)
                0x00000000200003d4                PROVIDE (__init_array_start = .)
 *(SORT_BY_NAME(.init_array.*))
 *(.init_array)
 .init_array    0x00000000200003d4        0x4 /usr/lib/gcc/arm-none-eabi/9.2.1/thumb/v6-m/nofp/crtbegin.o
                0x00000000200003d8                PROVIDE (__init_array_end = .)
                0x00000000200003d8                . = ALIGN (0x4)
                0x00000000200003d8                PROVIDE (__fini_array_start = .)
 *(SORT_BY_NAME(.fini_array.*))
 *(.fini_array)
                0x00000000200003d8                PROVIDE (__fini_array_end = .)
 *(.jcr)
                0x00000000200003d8                . = ALIGN (0x4)
                0x00000000200003d8                __data_end__ = .

.tm_clone_table
                0x00000000200003d8        0x0 load address 0x0000000010007c08
 .tm_clone_table
                0x00000000200003d8        0x0 /usr/lib/gcc/arm-none-eabi/9.2.1/thumb/v6-m/nofp/crtbegin.o
 .tm_clone_table
                0x00000000200003d8        0x0 /usr/lib/gcc/arm-none-eabi/9.2.1/thumb/v6-m/nofp/crtend.o

.igot.plt       0x00000000200003d8        0x0 load address 0x0000000010007c08
 .igot.plt      0x00000000200003d8        0x0 /usr/lib/gcc/arm-none-eabi/9.2.1/thumb/v6-m/nofp/crtbegin.o

.uninitialized_data
                0x00000000200003d8        0x0 load address 0x0000000010007c08
                0x00000000200003d8                . = ALIGN (0x4)
 *(.uninitialized_data*)

.scratch_x      0x0000000020040000        0x0 load address 0x0000000010007c08
                0x0000000020040000                __scratch_x_start__ = .
 *(.scratch_x.*)
                0x0000000020040000                . = ALIGN (0x4)
                0x0000000020040000                __scratch_x_end__ = .
                0x0000000010007c08                __scratch_x_source__ = LOADADDR (.scratch_x)

.scratch_y      0x0000000020041000        0x0 load address 0x0000000010007c08
                0x0000000020041000                __scratch_y_start__ = .
 *(.scratch_y.*)
                0x0000000020041000                . = ALIGN (0x4)
                0x0000000020041000                __scratch_y_end__ = .
                0x0000000010007c08                __scratch_y_source__ = LOADADDR (.scratch_y)

.bss            0x00000000200003d8      0xae8
                0x00000000200003d8                . = ALIGN (0x4)
                0x00000000200003d8                __bss_start__ = .
 *(SORT_BY_ALIGNMENT(SORT_BY_NAME(.bss*)))
 .bss.default_alarm_pool_entries
                0x00000000200003d8      0x100 CMakeFiles/AbletonIntegration.dir/home/jorgealejandro/.pico/pico-sdk/src/common/pico_time/time.c.obj
 .bss           0x00000000200004d8       0x1c /usr/lib/gcc/arm-none-eabi/9.2.1/thumb/v6-m/nofp/crtbegin.o
 .bss._app_driver
                0x00000000200004f4        0x4 CMakeFiles/AbletonIntegration.dir/home/jorgealejandro/.pico/pico-sdk/lib/tinyusb/src/device/usbd.c.obj
 .bss._ctrl_xfer
                0x00000000200004f8       0x14 CMakeFiles/AbletonIntegration.dir/home/jorgealejandro/.pico/pico-sdk/lib/tinyusb/src/device/usbd_control.c.obj
 .bss._desc_str
                0x000000002000050c       0x40 CMakeFiles/AbletonIntegration.dir/usb_descriptors.c.obj
 .bss._ubsd_mutexdef
                0x000000002000054c        0x8 CMakeFiles/AbletonIntegration.dir/home/jorgealejandro/.pico/pico-sdk/lib/tinyusb/src/device/usbd.c.obj
 .bss._usbd_ctrl_buf
                0x0000000020000554       0x40 CMakeFiles/AbletonIntegration.dir/home/jorgealejandro/.pico/pico-sdk/lib/tinyusb/src/device/usbd_control.c.obj
 .bss._usbd_dev
                0x0000000020000594       0x53 CMakeFiles/AbletonIntegration.dir/home/jorgealejandro/.pico/pico-sdk/lib/tinyusb/src/device/usbd.c.obj
 *fill*         0x00000000200005e7        0x1 
 .bss._usbd_mutex
                0x00000000200005e8        0x4 CMakeFiles/AbletonIntegration.dir/home/jorgealejandro/.pico/pico-sdk/lib/tinyusb/src/device/usbd.c.obj
 .bss._usbd_q   0x00000000200005ec        0x4 CMakeFiles/AbletonIntegration.dir/home/jorgealejandro/.pico/pico-sdk/lib/tinyusb/src/device/usbd.c.obj
 .bss.alarm_callbacks
                0x00000000200005f0       0x10 CMakeFiles/AbletonIntegration.dir/home/jorgealejandro/.pico/pico-sdk/src/rp2_common/hardware_timer/timer.c.obj
 .bss.claimed   0x0000000020000600        0x4 CMakeFiles/AbletonIntegration.dir/home/jorgealejandro/.pico/pico-sdk/src/rp2_common/hardware_sync/sync.c.obj
 .bss.configured_freq
                0x0000000020000604       0x28 CMakeFiles/AbletonIntegration.dir/home/jorgealejandro/.pico/pico-sdk/src/rp2_common/hardware_clocks/clocks.c.obj
 .bss.default_alarm_pool_entry_ids_high
                0x000000002000062c       0x10 CMakeFiles/AbletonIntegration.dir/home/jorgealejandro/.pico/pico-sdk/src/common/pico_time/time.c.obj
 .bss.default_alarm_pool_heap_nodes
                0x000000002000063c       0x30 CMakeFiles/AbletonIntegration.dir/home/jorgealejandro/.pico/pico-sdk/src/common/pico_time/time.c.obj
 .bss.drivers   0x000000002000066c        0x4 CMakeFiles/AbletonIntegration.dir/home/jorgealejandro/.pico/pico-sdk/src/rp2_common/pico_stdio/stdio.c.obj
 .bss.filter    0x0000000020000670        0x4 CMakeFiles/AbletonIntegration.dir/home/jorgealejandro/.pico/pico-sdk/src/rp2_common/pico_stdio/stdio.c.obj
 .bss.hw_endpoints
                0x0000000020000674      0x400 CMakeFiles/AbletonIntegration.dir/home/jorgealejandro/.pico/pico-sdk/lib/tinyusb/src/portable/raspberrypi/rp2040/dcd_rp2040.c.obj
 .bss.next_buffer_ptr
                0x0000000020000a74        0x4 CMakeFiles/AbletonIntegration.dir/home/jorgealejandro/.pico/pico-sdk/lib/tinyusb/src/portable/raspberrypi/rp2040/dcd_rp2040.c.obj
 .bss.pools     0x0000000020000a78       0x10 CMakeFiles/AbletonIntegration.dir/home/jorgealejandro/.pico/pico-sdk/src/common/pico_time/time.c.obj
 .bss.sf_clz_func
                0x0000000020000a88        0x4 CMakeFiles/AbletonIntegration.dir/home/jorgealejandro/.pico/pico-sdk/src/rp2_common/pico_double/double_init_rom.c.obj
                0x0000000020000a88                sf_clz_func
 .bss.sleep_notifier
                0x0000000020000a8c        0x4 CMakeFiles/AbletonIntegration.dir/home/jorgealejandro/.pico/pico-sdk/src/common/pico_time/time.c.obj
 .bss.target_hi
                0x0000000020000a90       0x10 CMakeFiles/AbletonIntegration.dir/home/jorgealejandro/.pico/pico-sdk/src/rp2_common/hardware_timer/timer.c.obj
 .bss._app_driver_count
                0x0000000020000aa0        0x1 CMakeFiles/AbletonIntegration.dir/home/jorgealejandro/.pico/pico-sdk/lib/tinyusb/src/device/usbd.c.obj
 .bss._usbd_initialized
                0x0000000020000aa1        0x1 CMakeFiles/AbletonIntegration.dir/home/jorgealejandro/.pico/pico-sdk/lib/tinyusb/src/device/usbd.c.obj
 .bss.claimed   0x0000000020000aa2        0x1 CMakeFiles/AbletonIntegration.dir/home/jorgealejandro/.pico/pico-sdk/src/rp2_common/hardware_timer/timer.c.obj