Archive member included to satisfy reference by file (symbol)

/usr/lib/gcc/arm-none-eabi/9.2.1/thumb/v6-m/nofp/libgcc.a(_dvmd_tls.o)
                              CMakeFiles/MoodBlink.dir/home/jorgealejandro/.pico/pico-sdk/src/rp2_common/pico_divider/divider.S.obj (__aeabi_idiv0)
/usr/lib/gcc/arm-none-eabi/9.2.1/../../../arm-none-eabi/lib/thumb/v6-m/nofp/libg.a(lib_a-atexit.o)
                              /usr/lib/gcc/arm-none-eabi/9.2.1/../../../arm-none-eabi/lib/thumb/v6-m/nofp/crt0.o (atexit)
/usr/lib/gcc/arm-none-eabi/9.2.1/../../../arm-none-eabi/lib/thumb/v6-m/nofp/libg.a(lib_a-calloc.o)
                              CMakeFiles/MoodBlink.dir/home/jorgealejandro/.pico/pico-sdk/src/rp2_common/pico_malloc/pico_malloc.c.obj (calloc)
/usr/lib/gcc/arm-none-eabi/9.2.1/../../../arm-none-eabi/lib/thumb/v6-m/nofp/libg.a(lib_a-callocr.o)
                              /usr/lib/gcc/arm-none-eabi/9.2.1/../../../arm-none-eabi/lib/thumb/v6-m/nofp/libg.a(lib_a-calloc.o) (_calloc_r)
/usr/lib/gcc/arm-none-eabi/9.2.1/../../../arm-none-eabi/lib/thumb/v6-m/nofp/libg.a(lib_a-ctype_.o)
                              CMakeFiles/MoodBlink.dir/home/jorgealejandro/.pico/pico-sdk/lib/tinyusb/src/tusb.c.obj (_ctype_)
/usr/lib/gcc/arm-none-eabi/9.2.1/../../../arm-none-eabi/lib/thumb/v6-m/nofp/libg.a(lib_a-fini.o)
                              /usr/lib/gcc/arm-none-eabi/9.2.1/../../../arm-none-eabi/lib/thumb/v6-m/nofp/crt0.o (__libc_fini_array)
/usr/lib/gcc/arm-none-eabi/9.2.1/../../../arm-none-eabi/lib/thumb/v6-m/nofp/libg.a(lib_a-impure.o)
                              /usr/lib/gcc/arm-none-eabi/9.2.1/../../../arm-none-eabi/lib/thumb/v6-m/nofp/libg.a(lib_a-calloc.o) (_impure_ptr)
/usr/lib/gcc/arm-none-eabi/9.2.1/../../../arm-none-eabi/lib/thumb/v6-m/nofp/libg.a(lib_a-init.o)
                              /usr/lib/gcc/arm-none-eabi/9.2.1/../../../arm-none-eabi/lib/thumb/v6-m/nofp/crt0.o (__libc_init_array)
/usr/lib/gcc/arm-none-eabi/9.2.1/../../../arm-none-eabi/lib/thumb/v6-m/nofp/libg.a(lib_a-malloc.o)
                              CMakeFiles/MoodBlink.dir/home/jorgealejandro/.pico/pico-sdk/src/rp2_common/pico_malloc/pico_malloc.c.obj (malloc)
/usr/lib/gcc/arm-none-eabi/9.2.1/../../../arm-none-eabi/lib/thumb/v6-m/nofp/libg.a(lib_a-mallocr.o)
                              /usr/lib/gcc/arm-none-eabi/9.2.1/../../../arm-none-eabi/lib/thumb/v6-m/nofp/libg.a(lib_a-callocr.o) (_malloc_r)
/usr/lib/gcc/arm-none-eabi/9.2.1/../../../arm-none-eabi/lib/thumb/v6-m/nofp/libg.a(lib_a-mlock.o)
                              /usr/lib/gcc/arm-none-eabi/9.2.1/../../../arm-none-eabi/lib/thumb/v6-m/nofp/libg.a(lib_a-mallocr.o) (__malloc_lock)
/usr/lib/gcc/arm-none-eabi/9.2.1/../../../arm-none-eabi/lib/thumb/v6-m/nofp/libg.a(lib_a-sbrkr.o)
                              /usr/lib/gcc/arm-none-eabi/9.2.1/../../../arm-none-eabi/lib/thumb/v6-m/nofp/libg.a(lib_a-mallocr.o) (_sbrk_r)
/usr/lib/gcc/arm-none-eabi/9.2.1/../../../arm-none-eabi/lib/thumb/v6-m/nofp/libg.a(lib_a-strlen-stub.o)
                              CMakeFiles/MoodBlink.dir/home/jorgealejandro/.pico/pico-sdk/src/rp2_common/pico_stdio/stdio.c.obj (strlen)
/usr/lib/gcc/arm-none-eabi/9.2.1/../../../arm-none-eabi/lib/thumb/v6-m/nofp/libg.a(lib_a-__atexit.o)
                              /usr/lib/gcc/arm-none-eabi/9.2.1/../../../arm-none-eabi/lib/thumb/v6-m/nofp/libg.a(lib_a-atexit.o) (__register_exitproc)
/usr/lib/gcc/arm-none-eabi/9.2.1/../../../arm-none-eabi/lib/thumb/v6-m/nofp/libg.a(lib_a-freer.o)
                              /usr/lib/gcc/arm-none-eabi/9.2.1/../../../arm-none-eabi/lib/thumb/v6-m/nofp/libg.a(lib_a-malloc.o) (_free_r)
/usr/lib/gcc/arm-none-eabi/9.2.1/../../../arm-none-eabi/lib/thumb/v6-m/nofp/libg.a(lib_a-reent.o)
                              /usr/lib/gcc/arm-none-eabi/9.2.1/../../../arm-none-eabi/lib/thumb/v6-m/nofp/libg.a(lib_a-sbrkr.o) (errno)

Allocating common symbols
Common symbol       size              file

sf_table            0x100             CMakeFiles/MoodBlink.dir/home/jorgealejandro/.pico/pico-sdk/src/rp2_common/pico_float/float_init_rom.c.obj
errno               0x4               /usr/lib/gcc/arm-none-eabi/9.2.1/../../../arm-none-eabi/lib/thumb/v6-m/nofp/libg.a(lib_a-reent.o)
_usbd_qdef_buf      0xc0              CMakeFiles/MoodBlink.dir/home/jorgealejandro/.pico/pico-sdk/lib/tinyusb/src/device/usbd.c.obj
sd_table            0x100             CMakeFiles/MoodBlink.dir/home/jorgealejandro/.pico/pico-sdk/src/rp2_common/pico_double/double_init_rom.c.obj
uart_char_to_line_feed
                    0x4               CMakeFiles/MoodBlink.dir/home/jorgealejandro/.pico/pico-sdk/src/rp2_common/hardware_uart/uart.c.obj

Discarded input sections

 .text          0x0000000000000000        0x0 /usr/lib/gcc/arm-none-eabi/9.2.1/thumb/v6-m/nofp/crti.o
 .data          0x0000000000000000        0x0 /usr/lib/gcc/arm-none-eabi/9.2.1/thumb/v6-m/nofp/crti.o
 .bss           0x0000000000000000        0x0 /usr/lib/gcc/arm-none-eabi/9.2.1/thumb/v6-m/nofp/crti.o
[...]
Memory Configuration

Name             Origin             Length             Attributes
FLASH            0x0000000010000000 0x0000000000200000 xr
RAM              0x0000000020000000 0x0000000000040000 xrw
SCRATCH_X        0x0000000020040000 0x0000000000001000 xrw
SCRATCH_Y        0x0000000020041000 0x0000000000001000 xrw
*default*        0x0000000000000000 0xffffffffffffffff

Linker script and memory map

LOAD /usr/lib/gcc/arm-none-eabi/9.2.1/thumb/v6-m/nofp/crti.o
LOAD /usr/lib/gcc/arm-none-eabi/9.2.1/thumb/v6-m/nofp/crtbegin.o
LOAD /usr/lib/gcc/arm-none-eabi/9.2.1/../../../arm-none-eabi/lib/thumb/v6-m/nofp/crt0.o

.flash_begin    0x0000000010000000        0x0
                0x0000000010000000                __flash_binary_start = .

.boot2          0x0000000010000000      0x100
                0x0000000010000000                __boot2_start__ = .
 *(.boot2)
 .boot2         0x0000000010000000      0x100 /tmp/cccx4pP9.o
                0x0000000010000100                __boot2_end__ = .
                0x0000000000000001                ASSERT (((__boot2_end__ - __boot2_start__) == 0x100), ERROR: Pico second stage bootloader must be 256 bytes in size)

.text           0x0000000010000100     0x6e68
                0x0000000010000100                __logical_binary_start = .
 *(.vectors)
 .vectors       0x0000000010000100       0xd4 CMakeFiles/MoodBlink.dir/home/jorgealejandro/.pico/pico-sdk/src/rp2_common/pico_standard_link/crt0.S.obj
                0x0000000010000100                __vectors
                0x0000000010000100                __VECTOR_TABLE
                0x00000000100001c0                isr_invalid
                0x00000000100001c0                __default_isrs_start
                0x00000000100001c2                isr_nmi
                0x00000000100001c4                isr_hardfault
                0x00000000100001c6                isr_svcall
                0x00000000100001c8                isr_pendsv
                0x00000000100001ca                isr_systick
                0x00000000100001cc                isr_irq30
                0x00000000100001cc                __unhandled_user_irq
                0x00000000100001cc                isr_irq13
                0x00000000100001cc                isr_irq27
                0x00000000100001cc                isr_irq31
                0x00000000100001cc                isr_irq5
                0x00000000100001cc                isr_irq11
                0x00000000100001cc                isr_irq23
                0x00000000100001cc                isr_irq18
                0x00000000100001cc                isr_irq28
                0x00000000100001cc                isr_irq19
                0x00000000100001cc                isr_irq0
                0x00000000100001cc                isr_irq6
                0x00000000100001cc                isr_irq22
                0x00000000100001cc                isr_irq17
                0x00000000100001cc                isr_irq14
                0x00000000100001cc                isr_irq2
                0x00000000100001cc                isr_irq10
                0x00000000100001cc                isr_irq8
                0x00000000100001cc                isr_irq24
                0x00000000100001cc                isr_irq1
                0x00000000100001cc                isr_irq7
                0x00000000100001cc                isr_irq21
                0x00000000100001cc                isr_irq20
                0x00000000100001cc                isr_irq15
                0x00000000100001cc                isr_irq25
                0x00000000100001cc                isr_irq4
                0x00000000100001cc                isr_irq16
                0x00000000100001cc                isr_irq29
                0x00000000100001cc                isr_irq26
                0x00000000100001cc                __default_isrs_end
                0x00000000100001cc                isr_irq3
                0x00000000100001cc                isr_irq12
                0x00000000100001cc                isr_irq9
                0x00000000100001d2                unhandled_user_irq_num_in_r0
 *(.binary_info_header)
 .binary_info_header
                0x00000000100001d4       0x14 CMakeFiles/MoodBlink.dir/home/jorgealejandro/.pico/pico-sdk/src/rp2_common/pico_standard_link/crt0.S.obj
                0x00000000100001e8                __binary_info_header_end = .
 *(.reset)
 .reset         0x00000000100001e8       0xa8 CMakeFiles/MoodBlink.dir/home/jorgealejandro/.pico/pico-sdk/src/rp2_common/pico_standard_link/crt0.S.obj
                0x00000000100001e8                _entry_point
                0x0000000010000266                __get_current_exception
 .reset         0x0000000010000290       0x30 CMakeFiles/MoodBlink.dir/home/jorgealejandro/.pico/pico-sdk/src/rp2_common/pico_standard_link/binary_info.c.obj
 *(.init)
 .init          0x00000000100002c0        0x4 /usr/lib/gcc/arm-none-eabi/9.2.1/thumb/v6-m/nofp/crti.o
                0x00000000100002c0                _init
 *(EXCLUDE_FILE(*libm.a: *libc.a:*lib_a-mem*.o *libgcc.a:) .text*)
 .text          0x00000000100002c4       0x98 /usr/lib/gcc/arm-none-eabi/9.2.1/thumb/v6-m/nofp/crtbegin.o
 .text.main     0x000000001000035c       0x7c CMakeFiles/MoodBlink.dir/blink.c.obj
                0x000000001000035c                main
 .text.gpio_set_function
                0x00000000100003d8       0x30 CMakeFiles/MoodBlink.dir/home/jorgealejandro/.pico/pico-sdk/src/rp2_common/hardware_gpio/gpio.c.obj
                0x00000000100003d8                gpio_set_function
 .text.gpio_init
                0x0000000010000408       0x16 CMakeFiles/MoodBlink.dir/home/jorgealejandro/.pico/pico-sdk/src/rp2_common/hardware_gpio/gpio.c.obj
                0x0000000010000408                gpio_init
 *fill*         0x000000001000041e        0x2 
 .text.hw_claim_lock
                0x0000000010000420       0x18 CMakeFiles/MoodBlink.dir/home/jorgealejandro/.pico/pico-sdk/src/rp2_common/hardware_claim/claim.c.obj
                0x0000000010000420                hw_claim_lock
 .text.hw_claim_unlock
                0x0000000010000438       0x14 CMakeFiles/MoodBlink.dir/home/jorgealejandro/.pico/pico-sdk/src/rp2_common/hardware_claim/claim.c.obj
                0x0000000010000438                hw_claim_unlock
 .text.hw_claim_or_assert
                0x000000001000044c       0x32 CMakeFiles/MoodBlink.dir/home/jorgealejandro/.pico/pico-sdk/src/rp2_common/hardware_claim/claim.c.obj
                0x000000001000044c                hw_claim_or_assert
 .text.hw_claim_unused_from_range
                0x000000001000047e       0x50 CMakeFiles/MoodBlink.dir/home/jorgealejandro/.pico/pico-sdk/src/rp2_common/hardware_claim/claim.c.obj
                0x000000001000047e                hw_claim_unused_from_range
 *fill*         0x00000000100004ce        0x2 
 .text.running_on_fpga
                0x00000000100004d0       0x14 CMakeFiles/MoodBlink.dir/home/jorgealejandro/.pico/pico-sdk/src/rp2_common/pico_platform/platform.c.obj
                0x00000000100004d0                running_on_fpga
 .text.spin_locks_reset
                0x00000000100004e4       0x20 CMakeFiles/MoodBlink.dir/home/jorgealejandro/.pico/pico-sdk/src/rp2_common/hardware_sync/sync.c.obj
                0x00000000100004e4                spin_locks_reset
 .text.next_striped_spin_lock_num
                0x0000000010000504       0x1c CMakeFiles/MoodBlink.dir/home/jorgealejandro/.pico/pico-sdk/src/rp2_common/hardware_sync/sync.c.obj
                0x0000000010000504                next_striped_spin_lock_num
 .text.spin_lock_claim_unused
                0x0000000010000520       0x20 CMakeFiles/MoodBlink.dir/home/jorgealejandro/.pico/pico-sdk/src/rp2_common/hardware_sync/sync.c.obj
                0x0000000010000520                spin_lock_claim_unused
 .text.alarm_pool_post_alloc_init
                0x0000000010000540       0x40 CMakeFiles/MoodBlink.dir/home/jorgealejandro/.pico/pico-sdk/src/common/pico_time/time.c.obj
 .text.sleep_until_callback
                0x0000000010000580       0x30 CMakeFiles/MoodBlink.dir/home/jorgealejandro/.pico/pico-sdk/src/common/pico_time/time.c.obj
 .text.timer_pool_entry_comparator
                0x00000000100005b0       0x7c CMakeFiles/MoodBlink.dir/home/jorgealejandro/.pico/pico-sdk/src/common/pico_time/time.c.obj
                0x00000000100005b0                timer_pool_entry_comparator
 .text.ph_add_child_node
                0x000000001000062c       0xa4 CMakeFiles/MoodBlink.dir/home/jorgealejandro/.pico/pico-sdk/src/common/pico_time/time.c.obj
 .text.ph_merge_nodes
                0x00000000100006d0       0x3e CMakeFiles/MoodBlink.dir/home/jorgealejandro/.pico/pico-sdk/src/common/pico_time/time.c.obj
 *fill*         0x000000001000070e        0x2 
 .text.add_alarm_under_lock
                0x0000000010000710      0x174 CMakeFiles/MoodBlink.dir/home/jorgealejandro/.pico/pico-sdk/src/common/pico_time/time.c.obj
 .text.alarm_pool_alarm_callback
                0x0000000010000884      0x32c CMakeFiles/MoodBlink.dir/home/jorgealejandro/.pico/pico-sdk/src/common/pico_time/time.c.obj
 .text.alarm_pool_init_default
                0x0000000010000bb0       0x38 CMakeFiles/MoodBlink.dir/home/jorgealejandro/.pico/pico-sdk/src/common/pico_time/time.c.obj
                0x0000000010000bb0                alarm_pool_init_default
 .text.alarm_pool_get_default
                0x0000000010000be8       0x2c CMakeFiles/MoodBlink.dir/home/jorgealejandro/.pico/pico-sdk/src/common/pico_time/time.c.obj
                0x0000000010000be8                alarm_pool_get_default
 .text.alarm_pool_add_alarm_at
                0x0000000010000c14      0x170 CMakeFiles/MoodBlink.dir/home/jorgealejandro/.pico/pico-sdk/src/common/pico_time/time.c.obj
                0x0000000010000c14                alarm_pool_add_alarm_at
 .text.alarm_pool_cancel_alarm
                0x0000000010000d84       0xf0 CMakeFiles/MoodBlink.dir/home/jorgealejandro/.pico/pico-sdk/src/common/pico_time/time.c.obj
                0x0000000010000d84                alarm_pool_cancel_alarm
 .text.best_effort_wfe_or_timeout
                0x0000000010000e74       0x80 CMakeFiles/MoodBlink.dir/home/jorgealejandro/.pico/pico-sdk/src/common/pico_time/time.c.obj
                0x0000000010000e74                best_effort_wfe_or_timeout
 .text.hardware_alarm_irq_handler
                0x0000000010000ef4       0x8c CMakeFiles/MoodBlink.dir/home/jorgealejandro/.pico/pico-sdk/src/rp2_common/hardware_timer/timer.c.obj
 .text.hardware_alarm_claim
                0x0000000010000f80       0x18 CMakeFiles/MoodBlink.dir/home/jorgealejandro/.pico/pico-sdk/src/rp2_common/hardware_timer/timer.c.obj
                0x0000000010000f80                hardware_alarm_claim
 .text.time_us_64
                0x0000000010000f98       0x18 CMakeFiles/MoodBlink.dir/home/jorgealejandro/.pico/pico-sdk/src/rp2_common/hardware_timer/timer.c.obj
                0x0000000010000f98                time_us_64
 .text.busy_wait_until
                0x0000000010000fb0       0x24 CMakeFiles/MoodBlink.dir/home/jorgealejandro/.pico/pico-sdk/src/rp2_common/hardware_timer/timer.c.obj
                0x0000000010000fb0                busy_wait_until
 .text.busy_wait_us
                0x0000000010000fd4       0x48 CMakeFiles/MoodBlink.dir/home/jorgealejandro/.pico/pico-sdk/src/rp2_common/hardware_timer/timer.c.obj
                0x0000000010000fd4                busy_wait_us
 .text.busy_wait_us_32
                0x000000001000101c       0x24 CMakeFiles/MoodBlink.dir/home/jorgealejandro/.pico/pico-sdk/src/rp2_common/hardware_timer/timer.c.obj
                0x000000001000101c                busy_wait_us_32
 .text.hardware_alarm_set_callback
                0x0000000010001040       0x90 CMakeFiles/MoodBlink.dir/home/jorgealejandro/.pico/pico-sdk/src/rp2_common/hardware_timer/timer.c.obj
                0x0000000010001040                hardware_alarm_set_callback
 .text.hardware_alarm_set_target
                0x00000000100010d0       0xe8 CMakeFiles/MoodBlink.dir/home/jorgealejandro/.pico/pico-sdk/src/rp2_common/hardware_timer/timer.c.obj
                0x00000000100010d0                hardware_alarm_set_target
 .text.hardware_alarm_cancel
                0x00000000100011b8       0x40 CMakeFiles/MoodBlink.dir/home/jorgealejandro/.pico/pico-sdk/src/rp2_common/hardware_timer/timer.c.obj
                0x00000000100011b8                hardware_alarm_cancel
 .text.lock_init
                0x00000000100011f8       0x10 CMakeFiles/MoodBlink.dir/home/jorgealejandro/.pico/pico-sdk/src/common/pico_sync/lock_core.c.obj
                0x00000000100011f8                lock_init
 .text.mutex_init
                0x0000000010001208       0x1a CMakeFiles/MoodBlink.dir/home/jorgealejandro/.pico/pico-sdk/src/common/pico_sync/mutex.c.obj
                0x0000000010001208                mutex_init
 .text.recursive_mutex_init
                0x0000000010001222       0x1e CMakeFiles/MoodBlink.dir/home/jorgealejandro/.pico/pico-sdk/src/common/pico_sync/mutex.c.obj
                0x0000000010001222                recursive_mutex_init
 .text.critical_section_init_with_lock_num
                0x0000000010001240       0x14 CMakeFiles/MoodBlink.dir/home/jorgealejandro/.pico/pico-sdk/src/common/pico_sync/critical_section.c.obj
                0x0000000010001240                critical_section_init_with_lock_num
 .text.critical_section_init
                0x0000000010001254       0x14 CMakeFiles/MoodBlink.dir/home/jorgealejandro/.pico/pico-sdk/src/common/pico_sync/critical_section.c.obj
                0x0000000010001254                critical_section_init
 .text.ph_add_child_node
                0x0000000010001268       0xa4 CMakeFiles/MoodBlink.dir/home/jorgealejandro/.pico/pico-sdk/src/common/pico_util/pheap.c.obj
 .text.ph_merge_nodes
                0x000000001000130c       0x3e CMakeFiles/MoodBlink.dir/home/jorgealejandro/.pico/pico-sdk/src/common/pico_util/pheap.c.obj
 *fill*         0x000000001000134a        0x2 
 .text.ph_clear
                0x000000001000134c       0x70 CMakeFiles/MoodBlink.dir/home/jorgealejandro/.pico/pico-sdk/src/common/pico_util/pheap.c.obj
                0x000000001000134c                ph_clear
 .text.ph_post_alloc_init
                0x00000000100013bc        0xe CMakeFiles/MoodBlink.dir/home/jorgealejandro/.pico/pico-sdk/src/common/pico_util/pheap.c.obj
                0x00000000100013bc                ph_post_alloc_init
 *fill*         0x00000000100013ca        0x2 
 .text.ph_merge_two_pass
                0x00000000100013cc       0xa8 CMakeFiles/MoodBlink.dir/home/jorgealejandro/.pico/pico-sdk/src/common/pico_util/pheap.c.obj
                0x00000000100013cc                ph_merge_two_pass
 .text.ph_remove_any_head
                0x0000000010001474      0x108 CMakeFiles/MoodBlink.dir/home/jorgealejandro/.pico/pico-sdk/src/common/pico_util/pheap.c.obj
 .text.ph_remove_head
                0x000000001000157c       0x14 CMakeFiles/MoodBlink.dir/home/jorgealejandro/.pico/pico-sdk/src/common/pico_util/pheap.c.obj
                0x000000001000157c                ph_remove_head
 .text.ph_remove_and_free_node
                0x0000000010001590       0xf8 CMakeFiles/MoodBlink.dir/home/jorgealejandro/.pico/pico-sdk/src/common/pico_util/pheap.c.obj
                0x0000000010001590                ph_remove_and_free_node
 .text._exit    0x0000000010001688        0x4 CMakeFiles/MoodBlink.dir/home/jorgealejandro/.pico/pico-sdk/src/rp2_common/pico_runtime/runtime.c.obj
                0x0000000010001688                _exit
 .text.exit     0x000000001000168c        0x6 CMakeFiles/MoodBlink.dir/home/jorgealejandro/.pico/pico-sdk/src/rp2_common/pico_runtime/runtime.c.obj
                0x000000001000168c                exit
 *fill*         0x0000000010001692        0x2 
 .text.__assert_func
                0x0000000010001694       0x3c CMakeFiles/MoodBlink.dir/home/jorgealejandro/.pico/pico-sdk/src/rp2_common/pico_runtime/runtime.c.obj
                0x0000000010001694                __assert_func
 .text.runtime_init
                0x00000000100016d0       0xf8 CMakeFiles/MoodBlink.dir/home/jorgealejandro/.pico/pico-sdk/src/rp2_common/pico_runtime/runtime.c.obj
                0x00000000100016d0                runtime_init
 .text.panic    0x00000000100017c8       0x30 CMakeFiles/MoodBlink.dir/home/jorgealejandro/.pico/pico-sdk/src/rp2_common/pico_runtime/runtime.c.obj
                0x00000000100017c8                panic
 .text.clock_configure
                0x00000000100017f8      0x104 CMakeFiles/MoodBlink.dir/home/jorgealejandro/.pico/pico-sdk/src/rp2_common/hardware_clocks/clocks.c.obj
                0x00000000100017f8                clock_configure
 .text.clocks_init
                0x00000000100018fc      0x100 CMakeFiles/MoodBlink.dir/home/jorgealejandro/.pico/pico-sdk/src/rp2_common/hardware_clocks/clocks.c.obj
                0x00000000100018fc                clocks_init
 .text.set_raw_irq_handler_and_unlock
                0x00000000100019fc       0x28 CMakeFiles/MoodBlink.dir/home/jorgealejandro/.pico/pico-sdk/src/rp2_common/hardware_irq/irq.c.obj
 .text.make_branch
                0x0000000010001a24       0x34 CMakeFiles/MoodBlink.dir/home/jorgealejandro/.pico/pico-sdk/src/rp2_common/hardware_irq/irq.c.obj
 .text.insert_branch_and_link
                0x0000000010001a58       0x40 CMakeFiles/MoodBlink.dir/home/jorgealejandro/.pico/pico-sdk/src/rp2_common/hardware_irq/irq.c.obj
 .text.irq_is_enabled
                0x0000000010001a98       0x18 CMakeFiles/MoodBlink.dir/home/jorgealejandro/.pico/pico-sdk/src/rp2_common/hardware_irq/irq.c.obj
                0x0000000010001a98                irq_is_enabled
 .text.irq_set_mask_enabled
                0x0000000010001ab0       0x20 CMakeFiles/MoodBlink.dir/home/jorgealejandro/.pico/pico-sdk/src/rp2_common/hardware_irq/irq.c.obj
                0x0000000010001ab0                irq_set_mask_enabled
 .text.irq_set_enabled
                0x0000000010001ad0        0xe CMakeFiles/MoodBlink.dir/home/jorgealejandro/.pico/pico-sdk/src/rp2_common/hardware_irq/irq.c.obj
                0x0000000010001ad0                irq_set_enabled
 *fill*         0x0000000010001ade        0x2 
 .text.irq_set_pending
                0x0000000010001ae0       0x10 CMakeFiles/MoodBlink.dir/home/jorgealejandro/.pico/pico-sdk/src/rp2_common/hardware_irq/irq.c.obj
                0x0000000010001ae0                irq_set_pending
 .text.irq_get_vtable_handler
                0x0000000010001af0       0x10 CMakeFiles/MoodBlink.dir/home/jorgealejandro/.pico/pico-sdk/src/rp2_common/hardware_irq/irq.c.obj
                0x0000000010001af0                irq_get_vtable_handler
 .text.irq_set_exclusive_handler
                0x0000000010001b00       0x54 CMakeFiles/MoodBlink.dir/home/jorgealejandro/.pico/pico-sdk/src/rp2_common/hardware_irq/irq.c.obj
                0x0000000010001b00                irq_set_exclusive_handler
 .text.irq_remove_handler
                0x0000000010001b54      0x1ac CMakeFiles/MoodBlink.dir/home/jorgealejandro/.pico/pico-sdk/src/rp2_common/hardware_irq/irq.c.obj
                0x0000000010001b54                irq_remove_handler
 .text.irq_add_tail_to_free_list
                0x0000000010001d00       0xf0 CMakeFiles/MoodBlink.dir/home/jorgealejandro/.pico/pico-sdk/src/rp2_common/hardware_irq/irq.c.obj
                0x0000000010001d00                irq_add_tail_to_free_list
 .text.irq_init_priorities
                0x0000000010001df0       0x1c CMakeFiles/MoodBlink.dir/home/jorgealejandro/.pico/pico-sdk/src/rp2_common/hardware_irq/irq.c.obj
                0x0000000010001df0                irq_init_priorities
 .text.pll_init
                0x0000000010001e0c      0x118 CMakeFiles/MoodBlink.dir/home/jorgealejandro/.pico/pico-sdk/src/rp2_common/hardware_pll/pll.c.obj
                0x0000000010001e0c                pll_init
 .text.watchdog_start_tick
                0x0000000010001f24       0x10 CMakeFiles/MoodBlink.dir/home/jorgealejandro/.pico/pico-sdk/src/rp2_common/hardware_watchdog/watchdog.c.obj
                0x0000000010001f24                watchdog_start_tick
 .text.watchdog_update
                0x0000000010001f34       0x14 CMakeFiles/MoodBlink.dir/home/jorgealejandro/.pico/pico-sdk/src/rp2_common/hardware_watchdog/watchdog.c.obj
                0x0000000010001f34                watchdog_update
 .text._watchdog_enable
                0x0000000010001f48       0x78 CMakeFiles/MoodBlink.dir/home/jorgealejandro/.pico/pico-sdk/src/rp2_common/hardware_watchdog/watchdog.c.obj
                0x0000000010001f48                _watchdog_enable
 .text.watchdog_reboot
                0x0000000010001fc0       0x48 CMakeFiles/MoodBlink.dir/home/jorgealejandro/.pico/pico-sdk/src/rp2_common/hardware_watchdog/watchdog.c.obj
                0x0000000010001fc0                watchdog_reboot
 .text.xosc_init
                0x0000000010002008       0x28 CMakeFiles/MoodBlink.dir/home/jorgealejandro/.pico/pico-sdk/src/rp2_common/hardware_xosc/xosc.c.obj
                0x0000000010002008                xosc_init
 .text._out_null
                0x0000000010002030        0x2 CMakeFiles/MoodBlink.dir/home/jorgealejandro/.pico/pico-sdk/src/rp2_common/pico_printf/printf.c.obj
 .text._out_fct
                0x0000000010002032        0xe CMakeFiles/MoodBlink.dir/home/jorgealejandro/.pico/pico-sdk/src/rp2_common/pico_printf/printf.c.obj
 .text._atoi    0x0000000010002040       0x24 CMakeFiles/MoodBlink.dir/home/jorgealejandro/.pico/pico-sdk/src/rp2_common/pico_printf/printf.c.obj
 .text._out_rev
                0x0000000010002064       0xae CMakeFiles/MoodBlink.dir/home/jorgealejandro/.pico/pico-sdk/src/rp2_common/pico_printf/printf.c.obj
 .text._ntoa_format
                0x0000000010002112      0x110 CMakeFiles/MoodBlink.dir/home/jorgealejandro/.pico/pico-sdk/src/rp2_common/pico_printf/printf.c.obj
 .text._ntoa_long
                0x0000000010002222       0xbc CMakeFiles/MoodBlink.dir/home/jorgealejandro/.pico/pico-sdk/src/rp2_common/pico_printf/printf.c.obj
 .text._ntoa_long_long
                0x00000000100022de       0xe2 CMakeFiles/MoodBlink.dir/home/jorgealejandro/.pico/pico-sdk/src/rp2_common/pico_printf/printf.c.obj
 .text._etoa    0x00000000100023c0      0x40c CMakeFiles/MoodBlink.dir/home/jorgealejandro/.pico/pico-sdk/src/rp2_common/pico_printf/printf.c.obj
 .text._ftoa    0x00000000100027cc      0x354 CMakeFiles/MoodBlink.dir/home/jorgealejandro/.pico/pico-sdk/src/rp2_common/pico_printf/printf.c.obj
 .text._vsnprintf
                0x0000000010002b20      0x628 CMakeFiles/MoodBlink.dir/home/jorgealejandro/.pico/pico-sdk/src/rp2_common/pico_printf/printf.c.obj
 .text.vfctprintf
                0x0000000010003148       0x20 CMakeFiles/MoodBlink.dir/home/jorgealejandro/.pico/pico-sdk/src/rp2_common/pico_printf/printf.c.obj
                0x0000000010003148                vfctprintf
 .text          0x0000000010003168       0x10 CMakeFiles/MoodBlink.dir/home/jorgealejandro/.pico/pico-sdk/src/rp2_common/pico_bit_ops/bit_ops_aeabi.S.obj
 .text.rom_func_lookup
                0x0000000010003178       0x10 CMakeFiles/MoodBlink.dir/home/jorgealejandro/.pico/pico-sdk/src/rp2_common/pico_bootrom/bootrom.c.obj
                0x0000000010003178                rom_func_lookup
 .text.rom_data_lookup
                0x0000000010003188       0x10 CMakeFiles/MoodBlink.dir/home/jorgealejandro/.pico/pico-sdk/src/rp2_common/pico_bootrom/bootrom.c.obj
                0x0000000010003188                rom_data_lookup
 .text.rom_funcs_lookup
                0x0000000010003198       0x36 CMakeFiles/MoodBlink.dir/home/jorgealejandro/.pico/pico-sdk/src/rp2_common/pico_bootrom/bootrom.c.obj
                0x0000000010003198                rom_funcs_lookup
 *fill*         0x00000000100031ce        0x2 
 .text.__wrap___aeabi_idiv
                0x00000000100031d0       0x50 CMakeFiles/MoodBlink.dir/home/jorgealejandro/.pico/pico-sdk/src/rp2_common/pico_divider/divider.S.obj
                0x00000000100031d0                __wrap___aeabi_idivmod
                0x00000000100031d0                divmod_s32s32
                0x00000000100031d0                div_s32s32
                0x00000000100031d0                __wrap___aeabi_idiv
                0x00000000100031d8                divmod_s32s32_unsafe
                0x0000000010003204                divmod_s32s32_savestate
 .text.__wrap___aeabi_uidiv
                0x0000000010003220       0x4c CMakeFiles/MoodBlink.dir/home/jorgealejandro/.pico/pico-sdk/src/rp2_common/pico_divider/divider.S.obj
                0x0000000010003220                __wrap___aeabi_uidiv
                0x0000000010003220                __wrap___aeabi_uidivmod
                0x0000000010003220                div_u32u32
                0x0000000010003220                divmod_u32u32
                0x0000000010003228                divmod_u32u32_unsafe
                0x0000000010003250                divmod_u32u32_savestate
 .text.__wrap___aeabi_ldiv
                0x000000001000326c      0x434 CMakeFiles/MoodBlink.dir/home/jorgealejandro/.pico/pico-sdk/src/rp2_common/pico_divider/divider.S.obj
                0x000000001000326c                div_s64s64
                0x000000001000326c                divmod_s64s64
                0x000000001000326c                __wrap___aeabi_ldivmod
                0x00000000100032a4                div_u64u64
                0x00000000100032a4                divmod_u64u64
                0x00000000100032a4                __wrap___aeabi_uldivmod
                0x00000000100032b4                divmod_u64u64_savestate
                0x00000000100032dc                divmod_s64s64_unsafe
                0x0000000010003364                divmod_u64u64_unsafe
 .text.__wrap___aeabi_darithmetic
                0x00000000100036a0       0x80 CMakeFiles/MoodBlink.dir/home/jorgealejandro/.pico/pico-sdk/src/rp2_common/pico_double/double_aeabi.S.obj
                0x00000000100036a0                __wrap___aeabi_drsub
                0x00000000100036a6                __wrap___aeabi_dsub
                0x00000000100036b8                __wrap___aeabi_dadd
                0x00000000100036ca                __wrap___aeabi_ddiv
                0x0000000010003706                __wrap___aeabi_dmul
 .text.__wrap___aeabi_cdcmple
                0x0000000010003720       0x6c CMakeFiles/MoodBlink.dir/home/jorgealejandro/.pico/pico-sdk/src/rp2_common/pico_double/double_aeabi.S.obj
                0x0000000010003720                __wrap___aeabi_cdrcmple
                0x0000000010003730                __wrap___aeabi_cdcmple
                0x0000000010003730                __wrap___aeabi_cdcmpeq
 .text.__wrap___aeabi_dcmplt
                0x000000001000378c        0xc CMakeFiles/MoodBlink.dir/home/jorgealejandro/.pico/pico-sdk/src/rp2_common/pico_double/double_aeabi.S.obj
                0x000000001000378c                __wrap___aeabi_dcmplt
 .text.__wrap___aeabi_dcmple
                0x0000000010003798       0x10 CMakeFiles/MoodBlink.dir/home/jorgealejandro/.pico/pico-sdk/src/rp2_common/pico_double/double_aeabi.S.obj
                0x0000000010003798                __wrap___aeabi_dcmple
 .text.__wrap___aeabi_dcmpge
                0x00000000100037a8       0x10 CMakeFiles/MoodBlink.dir/home/jorgealejandro/.pico/pico-sdk/src/rp2_common/pico_double/double_aeabi.S.obj
                0x00000000100037a8                __wrap___aeabi_dcmpge
 .text.__wrap___aeabi_dcmpgt
                0x00000000100037b8        0xa CMakeFiles/MoodBlink.dir/home/jorgealejandro/.pico/pico-sdk/src/rp2_common/pico_double/double_aeabi.S.obj
                0x00000000100037b8                __wrap___aeabi_dcmpgt
 .text.__wrap___aeabi_dcmpun
                0x00000000100037c2       0x1c CMakeFiles/MoodBlink.dir/home/jorgealejandro/.pico/pico-sdk/src/rp2_common/pico_double/double_aeabi.S.obj
                0x00000000100037c2                __wrap___aeabi_dcmpun
 *fill*         0x00000000100037de        0x2 
 .text.__wrap___aeabi_i2d
                0x00000000100037e0       0x38 CMakeFiles/MoodBlink.dir/home/jorgealejandro/.pico/pico-sdk/src/rp2_common/pico_double/double_aeabi.S.obj
                0x00000000100037e0                __wrap___aeabi_ui2d
                0x00000000100037e8                __wrap___aeabi_i2d
 .text.__wrap___aeabi_d2iz
                0x0000000010003818       0x48 CMakeFiles/MoodBlink.dir/home/jorgealejandro/.pico/pico-sdk/src/rp2_common/pico_double/double_aeabi.S.obj
                0x0000000010003818                __wrap___aeabi_d2iz
                0x0000000010003818                double2int_z
 .text.__wrap___aeabi_d2uiz
                0x0000000010003860       0x18 CMakeFiles/MoodBlink.dir/home/jorgealejandro/.pico/pico-sdk/src/rp2_common/pico_double/double_aeabi.S.obj
                0x0000000010003860                double2uint
                0x0000000010003860                __wrap___aeabi_d2uiz
 .text.__aeabi_double_init
                0x0000000010003878       0xc8 CMakeFiles/MoodBlink.dir/home/jorgealejandro/.pico/pico-sdk/src/rp2_common/pico_double/double_init_rom.c.obj
                0x0000000010003878                __aeabi_double_init
 .text.double_table_shim_on_use_helper
                0x0000000010003940       0x34 CMakeFiles/MoodBlink.dir/home/jorgealejandro/.pico/pico-sdk/src/rp2_common/pico_double/double_v1_rom_shim.S.obj
                0x0000000010003940                double_table_shim_on_use_helper
 .text.__wrap___aeabi_dsub
                0x0000000010003974       0x10 CMakeFiles/MoodBlink.dir/home/jorgealejandro/.pico/pico-sdk/src/rp2_common/pico_double/double_v1_rom_shim.S.obj
                0x0000000010003974                drsub_shim
                0x000000001000397a                dsub_shim
 .text.dadd_shim
                0x0000000010003984      0x15c CMakeFiles/MoodBlink.dir/home/jorgealejandro/.pico/pico-sdk/src/rp2_common/pico_double/double_v1_rom_shim.S.obj
                0x0000000010003984                dadd_shim
 .text.dmul_shim
                0x0000000010003ae0      0x15c CMakeFiles/MoodBlink.dir/home/jorgealejandro/.pico/pico-sdk/src/rp2_common/pico_double/double_v1_rom_shim.S.obj
                0x0000000010003ae0                dmul_shim
 .text.ddiv_shim
                0x0000000010003c3c      0x1b0 CMakeFiles/MoodBlink.dir/home/jorgealejandro/.pico/pico-sdk/src/rp2_common/pico_double/double_v1_rom_shim.S.obj
                0x0000000010003c3c                ddiv_shim
 .text.double2uint_shim
                0x0000000010003dec        0xe CMakeFiles/MoodBlink.dir/home/jorgealejandro/.pico/pico-sdk/src/rp2_common/pico_double/double_v1_rom_shim.S.obj
                0x0000000010003dec                double2uint_shim
                0x0000000010003dee                double2ufix_shim
 *fill*         0x0000000010003dfa        0x2 
 .text.double2uint64_shim
                0x0000000010003dfc       0x70 CMakeFiles/MoodBlink.dir/home/jorgealejandro/.pico/pico-sdk/src/rp2_common/pico_double/double_v1_rom_shim.S.obj
                0x0000000010003dfc                double2uint64_shim
                0x0000000010003dfe                double2ufix64_shim
                0x0000000010003e1e                d2fix_a
 .text.dunpacks
                0x0000000010003e6c       0x3c CMakeFiles/MoodBlink.dir/home/jorgealejandro/.pico/pico-sdk/src/rp2_common/pico_double/double_v1_rom_shim.S.obj
                0x0000000010003e6c                dunpacks
 .text.__aeabi_lmul
                0x0000000010003ea8       0x32 CMakeFiles/MoodBlink.dir/home/jorgealejandro/.pico/pico-sdk/src/rp2_common/pico_int64_ops/pico_int64_ops_aeabi.S.obj
                0x0000000010003ea8                __wrap___aeabi_lmul
 *fill*         0x0000000010003eda        0x2 
 .text.__aeabi_float_init
                0x0000000010003edc       0xfc CMakeFiles/MoodBlink.dir/home/jorgealejandro/.pico/pico-sdk/src/rp2_common/pico_float/float_init_rom.c.obj
                0x0000000010003edc                __aeabi_float_init
 .text.float_table_shim_on_use_helper
                0x0000000010003fd8       0x34 CMakeFiles/MoodBlink.dir/home/jorgealejandro/.pico/pico-sdk/src/rp2_common/pico_float/float_v1_rom_shim.S.obj
                0x0000000010003fd8                float_table_shim_on_use_helper
 .text          0x000000001000400c       0x10 CMakeFiles/MoodBlink.dir/home/jorgealejandro/.pico/pico-sdk/src/rp2_common/pico_mem_ops/mem_ops_aeabi.S.obj
                0x000000001000400c                __aeabi_mem_init
 .text.memset   0x000000001000401c        0xc CMakeFiles/MoodBlink.dir/home/jorgealejandro/.pico/pico-sdk/src/rp2_common/pico_mem_ops/mem_ops_aeabi.S.obj
                0x000000001000401c                __wrap_memset
 .text.memcpy   0x0000000010004028        0xc CMakeFiles/MoodBlink.dir/home/jorgealejandro/.pico/pico-sdk/src/rp2_common/pico_mem_ops/mem_ops_aeabi.S.obj
                0x0000000010004028                __wrap___aeabi_memcpy
                0x0000000010004028                __wrap_memcpy
 .text.stdio_out_chars_no_crlf
                0x0000000010004034        0xe CMakeFiles/MoodBlink.dir/home/jorgealejandro/.pico/pico-sdk/src/rp2_common/pico_stdio/stdio.c.obj
 *fill*         0x0000000010004042        0x2 
 .text.stdio_out_chars_crlf
                0x0000000010004044       0x80 CMakeFiles/MoodBlink.dir/home/jorgealejandro/.pico/pico-sdk/src/rp2_common/pico_stdio/stdio.c.obj
 .text.stdio_stack_buffer_flush
                0x00000000100040c4       0x44 CMakeFiles/MoodBlink.dir/home/jorgealejandro/.pico/pico-sdk/src/rp2_common/pico_stdio/stdio.c.obj
 .text.stdio_buffered_printer
                0x0000000010004108       0x20 CMakeFiles/MoodBlink.dir/home/jorgealejandro/.pico/pico-sdk/src/rp2_common/pico_stdio/stdio.c.obj
 .text.stdout_serialize_begin
                0x0000000010004128       0x30 CMakeFiles/MoodBlink.dir/home/jorgealejandro/.pico/pico-sdk/src/rp2_common/pico_stdio/stdio.c.obj
                0x0000000010004128                stdout_serialize_begin
 .text.stdout_serialize_end
                0x0000000010004158       0x10 CMakeFiles/MoodBlink.dir/home/jorgealejandro/.pico/pico-sdk/src/rp2_common/pico_stdio/stdio.c.obj
                0x0000000010004158                stdout_serialize_end
 .text.stdio_put_string
                0x0000000010004168       0x98 CMakeFiles/MoodBlink.dir/home/jorgealejandro/.pico/pico-sdk/src/rp2_common/pico_stdio/stdio.c.obj
 .text.stdio_set_driver_enabled
                0x0000000010004200       0x38 CMakeFiles/MoodBlink.dir/home/jorgealejandro/.pico/pico-sdk/src/rp2_common/pico_stdio/stdio.c.obj
                0x0000000010004200                stdio_set_driver_enabled
 .text.stdio_flush
                0x0000000010004238       0x20 CMakeFiles/MoodBlink.dir/home/jorgealejandro/.pico/pico-sdk/src/rp2_common/pico_stdio/stdio.c.obj
                0x0000000010004238                stdio_flush
 .text.__wrap_puts
                0x0000000010004258       0x1e CMakeFiles/MoodBlink.dir/home/jorgealejandro/.pico/pico-sdk/src/rp2_common/pico_stdio/stdio.c.obj
                0x0000000010004258                __wrap_puts
 *fill*         0x0000000010004276        0x2 
 .text.__wrap_vprintf
                0x0000000010004278       0x44 CMakeFiles/MoodBlink.dir/home/jorgealejandro/.pico/pico-sdk/src/rp2_common/pico_stdio/stdio.c.obj
                0x0000000010004278                __wrap_vprintf
 .text.__wrap_printf
                0x00000000100042bc       0x18 CMakeFiles/MoodBlink.dir/home/jorgealejandro/.pico/pico-sdk/src/rp2_common/pico_stdio/stdio.c.obj
                0x00000000100042bc                __wrap_printf
 .text.stdio_init_all
                0x00000000100042d4        0x8 CMakeFiles/MoodBlink.dir/home/jorgealejandro/.pico/pico-sdk/src/rp2_common/pico_stdio/stdio.c.obj
                0x00000000100042d4                stdio_init_all
 .text.resetd_init
                0x00000000100042dc        0x2 CMakeFiles/MoodBlink.dir/home/jorgealejandro/.pico/pico-sdk/src/rp2_common/pico_stdio_usb/reset_interface.c.obj
 *fill*         0x00000000100042de        0x2 
 .text.resetd_reset
                0x00000000100042e0        0xc CMakeFiles/MoodBlink.dir/home/jorgealejandro/.pico/pico-sdk/src/rp2_common/pico_stdio_usb/reset_interface.c.obj
 .text.resetd_open
                0x00000000100042ec       0x34 CMakeFiles/MoodBlink.dir/home/jorgealejandro/.pico/pico-sdk/src/rp2_common/pico_stdio_usb/reset_interface.c.obj
 .text.resetd_xfer_cb
                0x0000000010004320        0x4 CMakeFiles/MoodBlink.dir/home/jorgealejandro/.pico/pico-sdk/src/rp2_common/pico_stdio_usb/reset_interface.c.obj
 .text.resetd_control_xfer_cb
                0x0000000010004324       0x6c CMakeFiles/MoodBlink.dir/home/jorgealejandro/.pico/pico-sdk/src/rp2_common/pico_stdio_usb/reset_interface.c.obj
 .text.usbd_app_driver_get_cb
                0x0000000010004390        0xc CMakeFiles/MoodBlink.dir/home/jorgealejandro/.pico/pico-sdk/src/rp2_common/pico_stdio_usb/reset_interface.c.obj
                0x0000000010004390                usbd_app_driver_get_cb
 .text.tud_cdc_line_coding_cb
                0x000000001000439c       0x34 CMakeFiles/MoodBlink.dir/home/jorgealejandro/.pico/pico-sdk/src/rp2_common/pico_stdio_usb/reset_interface.c.obj
                0x000000001000439c                tud_cdc_line_coding_cb
 .text.stdio_usb_in_chars
                0x00000000100043d0       0x70 CMakeFiles/MoodBlink.dir/home/jorgealejandro/.pico/pico-sdk/src/rp2_common/pico_stdio_usb/stdio_usb.c.obj
                0x00000000100043d0                stdio_usb_in_chars
 .text.low_priority_worker_irq
                0x0000000010004440       0x20 CMakeFiles/MoodBlink.dir/home/jorgealejandro/.pico/pico-sdk/src/rp2_common/pico_stdio_usb/stdio_usb.c.obj
 .text.stdio_usb_out_chars
                0x0000000010004460       0xd4 CMakeFiles/MoodBlink.dir/home/jorgealejandro/.pico/pico-sdk/src/rp2_common/pico_stdio_usb/stdio_usb.c.obj
 .text.timer_task
                0x0000000010004534       0x10 CMakeFiles/MoodBlink.dir/home/jorgealejandro/.pico/pico-sdk/src/rp2_common/pico_stdio_usb/stdio_usb.c.obj
 .text.stdio_usb_init
                0x0000000010004544       0xb8 CMakeFiles/MoodBlink.dir/home/jorgealejandro/.pico/pico-sdk/src/rp2_common/pico_stdio_usb/stdio_usb.c.obj
                0x0000000010004544                stdio_usb_init
 .text.tud_descriptor_device_cb
                0x00000000100045fc        0x8 CMakeFiles/MoodBlink.dir/home/jorgealejandro/.pico/pico-sdk/src/rp2_common/pico_stdio_usb/stdio_usb_descriptors.c.obj
                0x00000000100045fc                tud_descriptor_device_cb
 .text.tud_descriptor_configuration_cb
                0x0000000010004604        0x8 CMakeFiles/MoodBlink.dir/home/jorgealejandro/.pico/pico-sdk/src/rp2_common/pico_stdio_usb/stdio_usb_descriptors.c.obj
                0x0000000010004604                tud_descriptor_configuration_cb
 .text.tud_descriptor_string_cb
                0x000000001000460c       0x6c CMakeFiles/MoodBlink.dir/home/jorgealejandro/.pico/pico-sdk/src/rp2_common/pico_stdio_usb/stdio_usb_descriptors.c.obj
                0x000000001000460c                tud_descriptor_string_cb
 .text.hw_endpoint_get_by_addr
                0x0000000010004678       0x18 CMakeFiles/MoodBlink.dir/home/jorgealejandro/.pico/pico-sdk/lib/tinyusb/src/portable/raspberrypi/rp2040/dcd_rp2040.c.obj
 .text.reset_ep0_pid
                0x0000000010004690       0x28 CMakeFiles/MoodBlink.dir/home/jorgealejandro/.pico/pico-sdk/lib/tinyusb/src/portable/raspberrypi/rp2040/dcd_rp2040.c.obj
 .text._hw_endpoint_alloc
                0x00000000100046b8       0x70 CMakeFiles/MoodBlink.dir/home/jorgealejandro/.pico/pico-sdk/lib/tinyusb/src/portable/raspberrypi/rp2040/dcd_rp2040.c.obj
 .text.hw_endpoint_init
                0x0000000010004728       0x88 CMakeFiles/MoodBlink.dir/home/jorgealejandro/.pico/pico-sdk/lib/tinyusb/src/portable/raspberrypi/rp2040/dcd_rp2040.c.obj
 .text.reset_non_control_endpoints
                0x00000000100047b0       0x40 CMakeFiles/MoodBlink.dir/home/jorgealejandro/.pico/pico-sdk/lib/tinyusb/src/portable/raspberrypi/rp2040/dcd_rp2040.c.obj
 .text.hw_handle_buff_status
                0x00000000100047f0       0x8c CMakeFiles/MoodBlink.dir/home/jorgealejandro/.pico/pico-sdk/lib/tinyusb/src/portable/raspberrypi/rp2040/dcd_rp2040.c.obj
 .text.dcd_rp2040_irq
                0x000000001000487c       0xc0 CMakeFiles/MoodBlink.dir/home/jorgealejandro/.pico/pico-sdk/lib/tinyusb/src/portable/raspberrypi/rp2040/dcd_rp2040.c.obj
 .text.hw_endpoint_xfer
                0x000000001000493c       0x14 CMakeFiles/MoodBlink.dir/home/jorgealejandro/.pico/pico-sdk/lib/tinyusb/src/portable/raspberrypi/rp2040/dcd_rp2040.c.obj
 .text.dcd_int_enable
                0x0000000010004950       0x2c CMakeFiles/MoodBlink.dir/home/jorgealejandro/.pico/pico-sdk/lib/tinyusb/src/portable/raspberrypi/rp2040/dcd_rp2040.c.obj
                0x0000000010004950                dcd_int_enable
 .text.dcd_set_address
                0x000000001000497c       0x2c CMakeFiles/MoodBlink.dir/home/jorgealejandro/.pico/pico-sdk/lib/tinyusb/src/portable/raspberrypi/rp2040/dcd_rp2040.c.obj
                0x000000001000497c                dcd_set_address
 .text.dcd_connect
                0x00000000100049a8       0x10 CMakeFiles/MoodBlink.dir/home/jorgealejandro/.pico/pico-sdk/lib/tinyusb/src/portable/raspberrypi/rp2040/dcd_rp2040.c.obj
                0x00000000100049a8                dcd_connect
 .text.dcd_init
                0x00000000100049b8       0x7c CMakeFiles/MoodBlink.dir/home/jorgealejandro/.pico/pico-sdk/lib/tinyusb/src/portable/raspberrypi/rp2040/dcd_rp2040.c.obj
                0x00000000100049b8                dcd_init
 .text.dcd_edpt0_status_complete
                0x0000000010004a34       0x1c CMakeFiles/MoodBlink.dir/home/jorgealejandro/.pico/pico-sdk/lib/tinyusb/src/portable/raspberrypi/rp2040/dcd_rp2040.c.obj
                0x0000000010004a34                dcd_edpt0_status_complete
 .text.dcd_edpt_open
                0x0000000010004a50       0x40 CMakeFiles/MoodBlink.dir/home/jorgealejandro/.pico/pico-sdk/lib/tinyusb/src/portable/raspberrypi/rp2040/dcd_rp2040.c.obj
                0x0000000010004a50                dcd_edpt_open
 .text.dcd_edpt_close_all
                0x0000000010004a90        0x8 CMakeFiles/MoodBlink.dir/home/jorgealejandro/.pico/pico-sdk/lib/tinyusb/src/portable/raspberrypi/rp2040/dcd_rp2040.c.obj
                0x0000000010004a90                dcd_edpt_close_all
 .text.dcd_edpt_xfer
                0x0000000010004a98       0x30 CMakeFiles/MoodBlink.dir/home/jorgealejandro/.pico/pico-sdk/lib/tinyusb/src/portable/raspberrypi/rp2040/dcd_rp2040.c.obj
                0x0000000010004a98                dcd_edpt_xfer
 .text.dcd_edpt_stall
                0x0000000010004ac8       0x2c CMakeFiles/MoodBlink.dir/home/jorgealejandro/.pico/pico-sdk/lib/tinyusb/src/portable/raspberrypi/rp2040/dcd_rp2040.c.obj
                0x0000000010004ac8                dcd_edpt_stall
 .text.dcd_edpt_clear_stall
                0x0000000010004af4       0x20 CMakeFiles/MoodBlink.dir/home/jorgealejandro/.pico/pico-sdk/lib/tinyusb/src/portable/raspberrypi/rp2040/dcd_rp2040.c.obj
                0x0000000010004af4                dcd_edpt_clear_stall
 .text.prepare_ep_buffer
                0x0000000010004b14       0x70 CMakeFiles/MoodBlink.dir/home/jorgealejandro/.pico/pico-sdk/lib/tinyusb/src/portable/raspberrypi/rp2040/rp2040_usb.c.obj
 .text.sync_ep_buffer
                0x0000000010004b84       0x7c CMakeFiles/MoodBlink.dir/home/jorgealejandro/.pico/pico-sdk/lib/tinyusb/src/portable/raspberrypi/rp2040/rp2040_usb.c.obj
 .text._hw_endpoint_xfer_sync
                0x0000000010004c00       0x28 CMakeFiles/MoodBlink.dir/home/jorgealejandro/.pico/pico-sdk/lib/tinyusb/src/portable/raspberrypi/rp2040/rp2040_usb.c.obj
 .text.rp2040_usb_init
                0x0000000010004c28       0x4c CMakeFiles/MoodBlink.dir/home/jorgealejandro/.pico/pico-sdk/lib/tinyusb/src/portable/raspberrypi/rp2040/rp2040_usb.c.obj
                0x0000000010004c28                rp2040_usb_init
 .text.hw_endpoint_reset_transfer
                0x0000000010004c74        0xc CMakeFiles/MoodBlink.dir/home/jorgealejandro/.pico/pico-sdk/lib/tinyusb/src/portable/raspberrypi/rp2040/rp2040_usb.c.obj
                0x0000000010004c74                hw_endpoint_reset_transfer
 .text._hw_endpoint_buffer_control_update32
                0x0000000010004c80       0x58 CMakeFiles/MoodBlink.dir/home/jorgealejandro/.pico/pico-sdk/lib/tinyusb/src/portable/raspberrypi/rp2040/rp2040_usb.c.obj
                0x0000000010004c80                _hw_endpoint_buffer_control_update32
 .text._hw_endpoint_start_next_buffer
                0x0000000010004cd8       0x74 CMakeFiles/MoodBlink.dir/home/jorgealejandro/.pico/pico-sdk/lib/tinyusb/src/portable/raspberrypi/rp2040/rp2040_usb.c.obj
 .text.hw_endpoint_xfer_start
                0x0000000010004d4c       0x48 CMakeFiles/MoodBlink.dir/home/jorgealejandro/.pico/pico-sdk/lib/tinyusb/src/portable/raspberrypi/rp2040/rp2040_usb.c.obj
                0x0000000010004d4c                hw_endpoint_xfer_start
 .text.hw_endpoint_xfer_continue
                0x0000000010004d94       0x38 CMakeFiles/MoodBlink.dir/home/jorgealejandro/.pico/pico-sdk/lib/tinyusb/src/portable/raspberrypi/rp2040/rp2040_usb.c.obj
                0x0000000010004d94                hw_endpoint_xfer_continue
 .text.configuration_reset
                0x0000000010004dcc       0x84 CMakeFiles/MoodBlink.dir/home/jorgealejandro/.pico/pico-sdk/lib/tinyusb/src/device/usbd.c.obj
 .text.usbd_reset
                0x0000000010004e50        0xc CMakeFiles/MoodBlink.dir/home/jorgealejandro/.pico/pico-sdk/lib/tinyusb/src/device/usbd.c.obj
 .text.invoke_class_control
                0x0000000010004e5c       0x1a CMakeFiles/MoodBlink.dir/home/jorgealejandro/.pico/pico-sdk/lib/tinyusb/src/device/usbd.c.obj
 *fill*         0x0000000010004e76        0x2 
 .text.process_set_config
                0x0000000010004e78      0x1ac CMakeFiles/MoodBlink.dir/home/jorgealejandro/.pico/pico-sdk/lib/tinyusb/src/device/usbd.c.obj
 .text.process_get_descriptor
                0x0000000010005024       0xec CMakeFiles/MoodBlink.dir/home/jorgealejandro/.pico/pico-sdk/lib/tinyusb/src/device/usbd.c.obj
 .text.tud_mounted
                0x0000000010005110       0x10 CMakeFiles/MoodBlink.dir/home/jorgealejandro/.pico/pico-sdk/lib/tinyusb/src/device/usbd.c.obj
                0x0000000010005110                tud_mounted
 .text.tud_suspended
                0x0000000010005120       0x10 CMakeFiles/MoodBlink.dir/home/jorgealejandro/.pico/pico-sdk/lib/tinyusb/src/device/usbd.c.obj
                0x0000000010005120                tud_suspended
 .text.tud_inited
                0x0000000010005130        0xc CMakeFiles/MoodBlink.dir/home/jorgealejandro/.pico/pico-sdk/lib/tinyusb/src/device/usbd.c.obj
                0x0000000010005130                tud_inited
 .text.tud_init
                0x000000001000513c       0xcc CMakeFiles/MoodBlink.dir/home/jorgealejandro/.pico/pico-sdk/lib/tinyusb/src/device/usbd.c.obj
                0x000000001000513c                tud_init
 .text.dcd_event_handler
                0x0000000010005208      0x1e0 CMakeFiles/MoodBlink.dir/home/jorgealejandro/.pico/pico-sdk/lib/tinyusb/src/device/usbd.c.obj
                0x0000000010005208                dcd_event_handler
 .text.dcd_event_bus_signal
                0x00000000100053e8       0x26 CMakeFiles/MoodBlink.dir/home/jorgealejandro/.pico/pico-sdk/lib/tinyusb/src/device/usbd.c.obj
                0x00000000100053e8                dcd_event_bus_signal
 .text.dcd_event_bus_reset
                0x000000001000540e       0x2a CMakeFiles/MoodBlink.dir/home/jorgealejandro/.pico/pico-sdk/lib/tinyusb/src/device/usbd.c.obj
                0x000000001000540e                dcd_event_bus_reset
 .text.dcd_event_setup_received
                0x0000000010005438       0x34 CMakeFiles/MoodBlink.dir/home/jorgealejandro/.pico/pico-sdk/lib/tinyusb/src/device/usbd.c.obj
                0x0000000010005438                dcd_event_setup_received
 .text.dcd_event_xfer_complete
                0x000000001000546c       0x44 CMakeFiles/MoodBlink.dir/home/jorgealejandro/.pico/pico-sdk/lib/tinyusb/src/device/usbd.c.obj
                0x000000001000546c                dcd_event_xfer_complete
 .text.usbd_edpt_open
                0x00000000100054b0       0x58 CMakeFiles/MoodBlink.dir/home/jorgealejandro/.pico/pico-sdk/lib/tinyusb/src/device/usbd.c.obj
                0x00000000100054b0                usbd_edpt_open
 .text.usbd_open_edpt_pair
                0x0000000010005508       0x8c CMakeFiles/MoodBlink.dir/home/jorgealejandro/.pico/pico-sdk/lib/tinyusb/src/device/usbd.c.obj
                0x0000000010005508                usbd_open_edpt_pair
 .text.usbd_edpt_claim
                0x0000000010005594       0x8c CMakeFiles/MoodBlink.dir/home/jorgealejandro/.pico/pico-sdk/lib/tinyusb/src/device/usbd.c.obj
                0x0000000010005594                usbd_edpt_claim
 .text.usbd_edpt_release
                0x0000000010005620       0x68 CMakeFiles/MoodBlink.dir/home/jorgealejandro/.pico/pico-sdk/lib/tinyusb/src/device/usbd.c.obj
                0x0000000010005620                usbd_edpt_release
 .text.usbd_edpt_xfer
                0x0000000010005688       0x80 CMakeFiles/MoodBlink.dir/home/jorgealejandro/.pico/pico-sdk/lib/tinyusb/src/device/usbd.c.obj
                0x0000000010005688                usbd_edpt_xfer
 .text.usbd_edpt_stall
                0x0000000010005708       0x40 CMakeFiles/MoodBlink.dir/home/jorgealejandro/.pico/pico-sdk/lib/tinyusb/src/device/usbd.c.obj
                0x0000000010005708                usbd_edpt_stall
 .text.usbd_edpt_clear_stall
                0x0000000010005748       0x40 CMakeFiles/MoodBlink.dir/home/jorgealejandro/.pico/pico-sdk/lib/tinyusb/src/device/usbd.c.obj
                0x0000000010005748                usbd_edpt_clear_stall
 .text.usbd_edpt_stalled
                0x0000000010005788       0x1c CMakeFiles/MoodBlink.dir/home/jorgealejandro/.pico/pico-sdk/lib/tinyusb/src/device/usbd.c.obj
                0x0000000010005788                usbd_edpt_stalled
 .text.process_control_request
                0x00000000100057a4      0x3b8 CMakeFiles/MoodBlink.dir/home/jorgealejandro/.pico/pico-sdk/lib/tinyusb/src/device/usbd.c.obj
 .text.tud_task
                0x0000000010005b5c      0x218 CMakeFiles/MoodBlink.dir/home/jorgealejandro/.pico/pico-sdk/lib/tinyusb/src/device/usbd.c.obj
                0x0000000010005b5c                tud_task
 .text._data_stage_xact
                0x0000000010005d74       0x58 CMakeFiles/MoodBlink.dir/home/jorgealejandro/.pico/pico-sdk/lib/tinyusb/src/device/usbd_control.c.obj
 .text.tud_control_status
                0x0000000010005dcc       0x38 CMakeFiles/MoodBlink.dir/home/jorgealejandro/.pico/pico-sdk/lib/tinyusb/src/device/usbd_control.c.obj
                0x0000000010005dcc                tud_control_status
 .text.tud_control_xfer
                0x0000000010005e04       0xa8 CMakeFiles/MoodBlink.dir/home/jorgealejandro/.pico/pico-sdk/lib/tinyusb/src/device/usbd_control.c.obj
                0x0000000010005e04                tud_control_xfer
 .text.usbd_control_reset
                0x0000000010005eac       0x14 CMakeFiles/MoodBlink.dir/home/jorgealejandro/.pico/pico-sdk/lib/tinyusb/src/device/usbd_control.c.obj
                0x0000000010005eac                usbd_control_reset
 .text.usbd_control_set_complete_callback
                0x0000000010005ec0        0xc CMakeFiles/MoodBlink.dir/home/jorgealejandro/.pico/pico-sdk/lib/tinyusb/src/device/usbd_control.c.obj
                0x0000000010005ec0                usbd_control_set_complete_callback
 .text.usbd_control_set_request
                0x0000000010005ecc       0x1c CMakeFiles/MoodBlink.dir/home/jorgealejandro/.pico/pico-sdk/lib/tinyusb/src/device/usbd_control.c.obj
                0x0000000010005ecc                usbd_control_set_request
 .text.usbd_control_xfer_cb
                0x0000000010005ee8       0xfc CMakeFiles/MoodBlink.dir/home/jorgealejandro/.pico/pico-sdk/lib/tinyusb/src/device/usbd_control.c.obj
                0x0000000010005ee8                usbd_control_xfer_cb
 .text._prep_out_transaction
                0x0000000010005fe4       0x46 CMakeFiles/MoodBlink.dir/home/jorgealejandro/.pico/pico-sdk/lib/tinyusb/src/class/cdc/cdc_device.c.obj
 *fill*         0x000000001000602a        0x2 
 .text.tud_cdc_n_connected
                0x000000001000602c       0x44 CMakeFiles/MoodBlink.dir/home/jorgealejandro/.pico/pico-sdk/lib/tinyusb/src/class/cdc/cdc_device.c.obj
                0x000000001000602c                tud_cdc_n_connected
 .text.tud_cdc_n_available
                0x0000000010006070       0x18 CMakeFiles/MoodBlink.dir/home/jorgealejandro/.pico/pico-sdk/lib/tinyusb/src/class/cdc/cdc_device.c.obj
                0x0000000010006070                tud_cdc_n_available
 .text.tud_cdc_n_read
                0x0000000010006088       0x28 CMakeFiles/MoodBlink.dir/home/jorgealejandro/.pico/pico-sdk/lib/tinyusb/src/class/cdc/cdc_device.c.obj
                0x0000000010006088                tud_cdc_n_read
 .text.tud_cdc_n_write_flush
                0x00000000100060b0       0xcc CMakeFiles/MoodBlink.dir/home/jorgealejandro/.pico/pico-sdk/lib/tinyusb/src/class/cdc/cdc_device.c.obj
                0x00000000100060b0                tud_cdc_n_write_flush
 .text.tud_cdc_n_write
                0x000000001000617c       0x38 CMakeFiles/MoodBlink.dir/home/jorgealejandro/.pico/pico-sdk/lib/tinyusb/src/class/cdc/cdc_device.c.obj
                0x000000001000617c                tud_cdc_n_write
 .text.tud_cdc_n_write_available
                0x00000000100061b4       0x1c CMakeFiles/MoodBlink.dir/home/jorgealejandro/.pico/pico-sdk/lib/tinyusb/src/class/cdc/cdc_device.c.obj
                0x00000000100061b4                tud_cdc_n_write_available
 .text.cdcd_init
                0x00000000100061d0       0xbc CMakeFiles/MoodBlink.dir/home/jorgealejandro/.pico/pico-sdk/lib/tinyusb/src/class/cdc/cdc_device.c.obj
                0x00000000100061d0                cdcd_init
 .text.cdcd_reset
                0x000000001000628c       0x44 CMakeFiles/MoodBlink.dir/home/jorgealejandro/.pico/pico-sdk/lib/tinyusb/src/class/cdc/cdc_device.c.obj
                0x000000001000628c                cdcd_reset
 .text.cdcd_open
                0x00000000100062d0       0xf8 CMakeFiles/MoodBlink.dir/home/jorgealejandro/.pico/pico-sdk/lib/tinyusb/src/class/cdc/cdc_device.c.obj
                0x00000000100062d0                cdcd_open
 .text.cdcd_control_xfer_cb
                0x00000000100063c8      0x134 CMakeFiles/MoodBlink.dir/home/jorgealejandro/.pico/pico-sdk/lib/tinyusb/src/class/cdc/cdc_device.c.obj
                0x00000000100063c8                cdcd_control_xfer_cb
 .text.cdcd_xfer_cb
                0x00000000100064fc      0x144 CMakeFiles/MoodBlink.dir/home/jorgealejandro/.pico/pico-sdk/lib/tinyusb/src/class/cdc/cdc_device.c.obj
                0x00000000100064fc                cdcd_xfer_cb
 .text.tusb_init
                0x0000000010006640       0x24 CMakeFiles/MoodBlink.dir/home/jorgealejandro/.pico/pico-sdk/lib/tinyusb/src/tusb.c.obj
                0x0000000010006640                tusb_init
 .text.tusb_inited
                0x0000000010006664        0xe CMakeFiles/MoodBlink.dir/home/jorgealejandro/.pico/pico-sdk/lib/tinyusb/src/tusb.c.obj
                0x0000000010006664                tusb_inited
 *fill*         0x0000000010006672        0x2 
 .text.tu_edpt_validate
                0x0000000010006674       0xa8 CMakeFiles/MoodBlink.dir/home/jorgealejandro/.pico/pico-sdk/lib/tinyusb/src/tusb.c.obj
                0x0000000010006674                tu_edpt_validate
 .text.tu_edpt_bind_driver
                0x000000001000671c       0x2a CMakeFiles/MoodBlink.dir/home/jorgealejandro/.pico/pico-sdk/lib/tinyusb/src/tusb.c.obj
                0x000000001000671c                tu_edpt_bind_driver
 .text.advance_pointer
                0x0000000010006746       0x18 CMakeFiles/MoodBlink.dir/home/jorgealejandro/.pico/pico-sdk/lib/tinyusb/src/common/tusb_fifo.c.obj
 .text.backward_pointer
                0x000000001000675e       0x1e CMakeFiles/MoodBlink.dir/home/jorgealejandro/.pico/pico-sdk/lib/tinyusb/src/common/tusb_fifo.c.obj
 .text.get_relative_pointer
                0x000000001000677c       0x10 CMakeFiles/MoodBlink.dir/home/jorgealejandro/.pico/pico-sdk/lib/tinyusb/src/common/tusb_fifo.c.obj
 .text._tu_fifo_peek
                0x000000001000678c       0x50 CMakeFiles/MoodBlink.dir/home/jorgealejandro/.pico/pico-sdk/lib/tinyusb/src/common/tusb_fifo.c.obj
 .text._ff_pull_const_addr
                0x00000000100067dc       0x4c CMakeFiles/MoodBlink.dir/home/jorgealejandro/.pico/pico-sdk/lib/tinyusb/src/common/tusb_fifo.c.obj
 .text._ff_pull_n
                0x0000000010006828      0x10c CMakeFiles/MoodBlink.dir/home/jorgealejandro/.pico/pico-sdk/lib/tinyusb/src/common/tusb_fifo.c.obj
 .text._tu_fifo_peek_n
                0x0000000010006934       0x5e CMakeFiles/MoodBlink.dir/home/jorgealejandro/.pico/pico-sdk/lib/tinyusb/src/common/tusb_fifo.c.obj
 .text._tu_fifo_read_n
                0x0000000010006992       0x4e CMakeFiles/MoodBlink.dir/home/jorgealejandro/.pico/pico-sdk/lib/tinyusb/src/common/tusb_fifo.c.obj
 .text._ff_push_const_addr
                0x00000000100069e0       0x40 CMakeFiles/MoodBlink.dir/home/jorgealejandro/.pico/pico-sdk/lib/tinyusb/src/common/tusb_fifo.c.obj
 .text._ff_push_n
                0x0000000010006a20      0x106 CMakeFiles/MoodBlink.dir/home/jorgealejandro/.pico/pico-sdk/lib/tinyusb/src/common/tusb_fifo.c.obj
 .text._tu_fifo_write_n
                0x0000000010006b26       0x9e CMakeFiles/MoodBlink.dir/home/jorgealejandro/.pico/pico-sdk/lib/tinyusb/src/common/tusb_fifo.c.obj
 .text.tu_fifo_config
                0x0000000010006bc4       0x72 CMakeFiles/MoodBlink.dir/home/jorgealejandro/.pico/pico-sdk/lib/tinyusb/src/common/tusb_fifo.c.obj
                0x0000000010006bc4                tu_fifo_config
 .text.tu_fifo_count
                0x0000000010006c36       0x26 CMakeFiles/MoodBlink.dir/home/jorgealejandro/.pico/pico-sdk/lib/tinyusb/src/common/tusb_fifo.c.obj
                0x0000000010006c36                tu_fifo_count
 .text.tu_fifo_empty
                0x0000000010006c5c        0xe CMakeFiles/MoodBlink.dir/home/jorgealejandro/.pico/pico-sdk/lib/tinyusb/src/common/tusb_fifo.c.obj
                0x0000000010006c5c                tu_fifo_empty
 .text.tu_fifo_remaining
                0x0000000010006c6a       0x20 CMakeFiles/MoodBlink.dir/home/jorgealejandro/.pico/pico-sdk/lib/tinyusb/src/common/tusb_fifo.c.obj
                0x0000000010006c6a                tu_fifo_remaining
 .text.tu_fifo_read
                0x0000000010006c8a       0x42 CMakeFiles/MoodBlink.dir/home/jorgealejandro/.pico/pico-sdk/lib/tinyusb/src/common/tusb_fifo.c.obj
                0x0000000010006c8a                tu_fifo_read
 .text.tu_fifo_read_n
                0x0000000010006ccc        0xa CMakeFiles/MoodBlink.dir/home/jorgealejandro/.pico/pico-sdk/lib/tinyusb/src/common/tusb_fifo.c.obj
                0x0000000010006ccc                tu_fifo_read_n
 .text.tu_fifo_write
                0x0000000010006cd6       0x6c CMakeFiles/MoodBlink.dir/home/jorgealejandro/.pico/pico-sdk/lib/tinyusb/src/common/tusb_fifo.c.obj
                0x0000000010006cd6                tu_fifo_write
 .text.tu_fifo_write_n
                0x0000000010006d42        0xa CMakeFiles/MoodBlink.dir/home/jorgealejandro/.pico/pico-sdk/lib/tinyusb/src/common/tusb_fifo.c.obj
                0x0000000010006d42                tu_fifo_write_n
 .text.tu_fifo_clear
                0x0000000010006d4c       0x4c CMakeFiles/MoodBlink.dir/home/jorgealejandro/.pico/pico-sdk/lib/tinyusb/src/common/tusb_fifo.c.obj
                0x0000000010006d4c                tu_fifo_clear
 .text.tu_fifo_set_overwritable
                0x0000000010006d98       0x3c CMakeFiles/MoodBlink.dir/home/jorgealejandro/.pico/pico-sdk/lib/tinyusb/src/common/tusb_fifo.c.obj
                0x0000000010006d98                tu_fifo_set_overwritable
 .text._retrieve_unique_id_on_boot
                0x0000000010006dd4       0x10 CMakeFiles/MoodBlink.dir/home/jorgealejandro/.pico/pico-sdk/src/rp2_common/pico_unique_id/unique_id.c.obj
 .text.pico_get_unique_board_id_string
                0x0000000010006de4       0x60 CMakeFiles/MoodBlink.dir/home/jorgealejandro/.pico/pico-sdk/src/rp2_common/pico_unique_id/unique_id.c.obj
                0x0000000010006de4                pico_get_unique_board_id_string
 .text.flash_get_unique_id
                0x0000000010006e44       0x46 CMakeFiles/MoodBlink.dir/home/jorgealejandro/.pico/pico-sdk/src/rp2_common/hardware_flash/flash.c.obj
                0x0000000010006e44                flash_get_unique_id
 *fill*         0x0000000010006e8a        0x2 
 .text          0x0000000010006e8c       0x68 /usr/lib/gcc/arm-none-eabi/9.2.1/../../../arm-none-eabi/lib/thumb/v6-m/nofp/libg.a(lib_a-strlen-stub.o)
                0x0000000010006e8c                strlen
 *(.fini)
 .fini          0x0000000010006ef4        0x4 /usr/lib/gcc/arm-none-eabi/9.2.1/thumb/v6-m/nofp/crti.o
                0x0000000010006ef4                _fini
 .fini.__stub   0x0000000010006ef8       0x70 linker stubs
 *crtbegin.o(.ctors)
 *crtbegin?.o(.ctors)
 *(EXCLUDE_FILE(*crtend.o *crtend?.o) .ctors)
 *(SORT_BY_NAME(.ctors.*))
 *(.ctors)
 *crtbegin.o(.dtors)
 *crtbegin?.o(.dtors)
 *(EXCLUDE_FILE(*crtend.o *crtend?.o) .dtors)
 *(SORT_BY_NAME(.dtors.*))
 *(.dtors)
 *(.eh_frame*)
 .eh_frame      0x0000000010006f68        0x0 /usr/lib/gcc/arm-none-eabi/9.2.1/thumb/v6-m/nofp/crtbegin.o
                0x0000000010006f68                . = ALIGN (0x4)

.glue_7         0x0000000010006f68        0x0
 .glue_7        0x0000000010006f68        0x0 linker stubs

.glue_7t        0x0000000010006f68        0x0
 .glue_7t       0x0000000010006f68        0x0 linker stubs

.vfp11_veneer   0x0000000010006f68        0x0
 .vfp11_veneer  0x0000000010006f68        0x0 linker stubs

.v4_bx          0x0000000010006f68        0x0
 .v4_bx         0x0000000010006f68        0x0 linker stubs

.iplt           0x0000000010006f68        0x0
 .iplt          0x0000000010006f68        0x0 /usr/lib/gcc/arm-none-eabi/9.2.1/thumb/v6-m/nofp/crtbegin.o

.rodata         0x0000000010006f68     0x1628
 *(EXCLUDE_FILE(*libm.a: *libc.a:*lib_a-mem*.o *libgcc.a:) .rodata*)
 .rodata.main.str1.4
                0x0000000010006f68       0x31 CMakeFiles/MoodBlink.dir/blink.c.obj
 *fill*         0x0000000010006f99        0x3 
 .rodata.spin_lock_claim_unused.str1.4
                0x0000000010006f9c       0x1b CMakeFiles/MoodBlink.dir/home/jorgealejandro/.pico/pico-sdk/src/rp2_common/hardware_sync/sync.c.obj
 *fill*         0x0000000010006fb7        0x1 
 .rodata.repeating_timer_callback.str1.4
                0x0000000010006fb8       0x54 CMakeFiles/MoodBlink.dir/home/jorgealejandro/.pico/pico-sdk/src/common/pico_time/time.c.obj
 .rodata.alarm_pool_dump_key.str1.4
                0x000000001000700c       0x33 CMakeFiles/MoodBlink.dir/home/jorgealejandro/.pico/pico-sdk/src/common/pico_time/time.c.obj
 *fill*         0x000000001000703f        0x1 
 .rodata.ph_add_child_node.str1.4
                0x0000000010007040       0x9e CMakeFiles/MoodBlink.dir/home/jorgealejandro/.pico/pico-sdk/src/common/pico_time/time.c.obj
 *fill*         0x00000000100070de        0x2 
 .rodata.add_alarm_under_lock.str1.4
                0x00000000100070e0       0x28 CMakeFiles/MoodBlink.dir/home/jorgealejandro/.pico/pico-sdk/src/common/pico_time/time.c.obj
                                         0x2b (size before relaxing)
 .rodata.alarm_pool_alarm_callback.str1.4
                0x0000000010007108       0xee CMakeFiles/MoodBlink.dir/home/jorgealejandro/.pico/pico-sdk/src/common/pico_time/time.c.obj
 *fill*         0x00000000100071f6        0x2 
 .rodata.alarm_pool_get_default.str1.4
                0x00000000100071f8       0x21 CMakeFiles/MoodBlink.dir/home/jorgealejandro/.pico/pico-sdk/src/common/pico_time/time.c.obj
 *fill*         0x0000000010007219        0x3 
 .rodata.alarm_pool_cancel_alarm.str1.4
                0x000000001000721c       0x27 CMakeFiles/MoodBlink.dir/home/jorgealejandro/.pico/pico-sdk/src/common/pico_time/time.c.obj
 *fill*         0x0000000010007243        0x1 
 .rodata.__func__.5701
                0x0000000010007244       0x15 CMakeFiles/MoodBlink.dir/home/jorgealejandro/.pico/pico-sdk/src/common/pico_time/time.c.obj
 *fill*         0x0000000010007259        0x3 
 .rodata.__func__.6007
                0x000000001000725c        0xc CMakeFiles/MoodBlink.dir/home/jorgealejandro/.pico/pico-sdk/src/common/pico_time/time.c.obj
 .rodata.__func__.6014
                0x0000000010007268       0x12 CMakeFiles/MoodBlink.dir/home/jorgealejandro/.pico/pico-sdk/src/common/pico_time/time.c.obj
 *fill*         0x000000001000727a        0x2 
 .rodata.__func__.6030
                0x000000001000727c        0xf CMakeFiles/MoodBlink.dir/home/jorgealejandro/.pico/pico-sdk/src/common/pico_time/time.c.obj
 *fill*         0x000000001000728b        0x1 
 .rodata.__func__.6052
                0x000000001000728c        0xd CMakeFiles/MoodBlink.dir/home/jorgealejandro/.pico/pico-sdk/src/common/pico_time/time.c.obj
 *fill*         0x0000000010007299        0x3 
 .rodata.__func__.6276
                0x000000001000729c        0xa CMakeFiles/MoodBlink.dir/home/jorgealejandro/.pico/pico-sdk/src/common/pico_time/time.c.obj
 *fill*         0x00000000100072a6        0x2 
 .rodata.__func__.6281
                0x00000000100072a8       0x12 CMakeFiles/MoodBlink.dir/home/jorgealejandro/.pico/pico-sdk/src/common/pico_time/time.c.obj
 *fill*         0x00000000100072ba        0x2 
 .rodata.__func__.6296
                0x00000000100072bc       0x17 CMakeFiles/MoodBlink.dir/home/jorgealejandro/.pico/pico-sdk/src/common/pico_time/time.c.obj
 *fill*         0x00000000100072d3        0x1 
 .rodata.__func__.6307
                0x00000000100072d4       0x15 CMakeFiles/MoodBlink.dir/home/jorgealejandro/.pico/pico-sdk/src/common/pico_time/time.c.obj
 *fill*         0x00000000100072e9        0x3 
 .rodata.__func__.6324
                0x00000000100072ec       0x1a CMakeFiles/MoodBlink.dir/home/jorgealejandro/.pico/pico-sdk/src/common/pico_time/time.c.obj
 *fill*         0x0000000010007306        0x2 
 .rodata.__func__.6363
                0x0000000010007308       0x18 CMakeFiles/MoodBlink.dir/home/jorgealejandro/.pico/pico-sdk/src/common/pico_time/time.c.obj
 .rodata.hardware_alarm_claim.str1.4
                0x0000000010007320       0x22 CMakeFiles/MoodBlink.dir/home/jorgealejandro/.pico/pico-sdk/src/rp2_common/hardware_timer/timer.c.obj
 .rodata.busy_wait_us.str1.4
                0x0000000010007342       0x6a CMakeFiles/MoodBlink.dir/home/jorgealejandro/.pico/pico-sdk/src/rp2_common/hardware_timer/timer.c.obj
 *fill*         0x0000000010007342        0x2 
 .rodata.hardware_alarm_set_target.str1.4
                0x0000000010007344       0x6e CMakeFiles/MoodBlink.dir/home/jorgealejandro/.pico/pico-sdk/src/rp2_common/hardware_timer/timer.c.obj
 *fill*         0x00000000100073b2        0x2 
 .rodata.__func__.4193
                0x00000000100073b4       0x15 CMakeFiles/MoodBlink.dir/home/jorgealejandro/.pico/pico-sdk/src/rp2_common/hardware_timer/timer.c.obj
 *fill*         0x00000000100073c9        0x3 
 .rodata.__func__.4559
                0x00000000100073cc       0x1a CMakeFiles/MoodBlink.dir/home/jorgealejandro/.pico/pico-sdk/src/rp2_common/hardware_timer/timer.c.obj
 *fill*         0x00000000100073e6        0x2 
 .rodata.str1.4
                0x00000000100073e8       0x95 CMakeFiles/MoodBlink.dir/home/jorgealejandro/.pico/pico-sdk/src/common/pico_sync/mutex.c.obj
                                        0x101 (size before relaxing)
 *fill*         0x000000001000747d        0x3 
 .rodata.__func__.4193
                0x0000000010007480       0x15 CMakeFiles/MoodBlink.dir/home/jorgealejandro/.pico/pico-sdk/src/common/pico_sync/mutex.c.obj
 *fill*         0x0000000010007495        0x3 
 .rodata.__func__.4681
                0x0000000010007498       0x18 CMakeFiles/MoodBlink.dir/home/jorgealejandro/.pico/pico-sdk/src/common/pico_sync/mutex.c.obj
 .rodata.__func__.4700
                0x00000000100074b0        0xb CMakeFiles/MoodBlink.dir/home/jorgealejandro/.pico/pico-sdk/src/common/pico_sync/mutex.c.obj
 .rodata.ph_add_child_node.str1.4
                0x00000000100074bb       0x9e CMakeFiles/MoodBlink.dir/home/jorgealejandro/.pico/pico-sdk/src/common/pico_util/pheap.c.obj
 *fill*         0x00000000100074bb        0x1 
 .rodata.ph_remove_any_head.str1.4
                0x00000000100074bc       0x98 CMakeFiles/MoodBlink.dir/home/jorgealejandro/.pico/pico-sdk/src/common/pico_util/pheap.c.obj
 .rodata.ph_remove_and_free_node.str1.4
                0x0000000010007554       0x26 CMakeFiles/MoodBlink.dir/home/jorgealejandro/.pico/pico-sdk/src/common/pico_util/pheap.c.obj
 *fill*         0x000000001000757a        0x2 
 .rodata.__func__.5708
                0x000000001000757c        0xc CMakeFiles/MoodBlink.dir/home/jorgealejandro/.pico/pico-sdk/src/common/pico_util/pheap.c.obj
 .rodata.__func__.5715
                0x0000000010007588       0x12 CMakeFiles/MoodBlink.dir/home/jorgealejandro/.pico/pico-sdk/src/common/pico_util/pheap.c.obj
 *fill*         0x000000001000759a        0x2 
 .rodata.__func__.5801
                0x000000001000759c       0x13 CMakeFiles/MoodBlink.dir/home/jorgealejandro/.pico/pico-sdk/src/common/pico_util/pheap.c.obj
 *fill*         0x00000000100075af        0x1 
 .rodata.__func__.5819
                0x00000000100075b0       0x18 CMakeFiles/MoodBlink.dir/home/jorgealejandro/.pico/pico-sdk/src/common/pico_util/pheap.c.obj
 .rodata.__assert_func.str1.4
                0x00000000100075c8       0x3f CMakeFiles/MoodBlink.dir/home/jorgealejandro/.pico/pico-sdk/src/rp2_common/pico_runtime/runtime.c.obj
                                         0x43 (size before relaxing)
 *fill*         0x0000000010007607        0x1 
 .rodata.runtime_init.str1.4
                0x0000000010007608       0x6a CMakeFiles/MoodBlink.dir/home/jorgealejandro/.pico/pico-sdk/src/rp2_common/pico_runtime/runtime.c.obj
 *fill*         0x0000000010007672        0x2 
 .rodata.panic.str1.4
                0x0000000010007674       0x12 CMakeFiles/MoodBlink.dir/home/jorgealejandro/.pico/pico-sdk/src/rp2_common/pico_runtime/runtime.c.obj
 *fill*         0x0000000010007686        0x2 
 .rodata.__func__.5816
                0x0000000010007688        0xd CMakeFiles/MoodBlink.dir/home/jorgealejandro/.pico/pico-sdk/src/rp2_common/pico_runtime/runtime.c.obj
 *fill*         0x0000000010007695        0x3 
 .rodata.clock_configure.str1.4
                0x0000000010007698       0x60 CMakeFiles/MoodBlink.dir/home/jorgealejandro/.pico/pico-sdk/src/rp2_common/hardware_clocks/clocks.c.obj
 .rodata.__func__.4688
                0x00000000100076f8       0x10 CMakeFiles/MoodBlink.dir/home/jorgealejandro/.pico/pico-sdk/src/rp2_common/hardware_clocks/clocks.c.obj
 .rodata.make_branch.str1.4
                0x0000000010007708       0x56 CMakeFiles/MoodBlink.dir/home/jorgealejandro/.pico/pico-sdk/src/rp2_common/hardware_irq/irq.c.obj
 *fill*         0x000000001000775e        0x2 
 .rodata.irq_set_exclusive_handler.str1.4
                0x0000000010007760       0x36 CMakeFiles/MoodBlink.dir/home/jorgealejandro/.pico/pico-sdk/src/rp2_common/hardware_irq/irq.c.obj
 *fill*         0x0000000010007796        0x2 
 .rodata.irq_add_shared_handler.str1.4
                0x0000000010007798       0xd9 CMakeFiles/MoodBlink.dir/home/jorgealejandro/.pico/pico-sdk/src/rp2_common/hardware_irq/irq.c.obj
 *fill*         0x0000000010007871        0x3 
 .rodata.irq_remove_handler.str1.4
                0x0000000010007874       0x2a CMakeFiles/MoodBlink.dir/home/jorgealejandro/.pico/pico-sdk/src/rp2_common/hardware_irq/irq.c.obj
 *fill*         0x000000001000789e        0x2 
 .rodata.irq_add_tail_to_free_list.str1.4
                0x00000000100078a0       0x32 CMakeFiles/MoodBlink.dir/home/jorgealejandro/.pico/pico-sdk/src/rp2_common/hardware_irq/irq.c.obj
                                         0x3a (size before relaxing)
 *fill*         0x00000000100078d2        0x2 
 .rodata.__func__.4733
                0x00000000100078d4       0x1a CMakeFiles/MoodBlink.dir/home/jorgealejandro/.pico/pico-sdk/src/rp2_common/hardware_irq/irq.c.obj
 *fill*         0x00000000100078ee        0x2 
 .rodata.__func__.4747
                0x00000000100078f0        0xc CMakeFiles/MoodBlink.dir/home/jorgealejandro/.pico/pico-sdk/src/rp2_common/hardware_irq/irq.c.obj
 .rodata.__func__.4755
                0x00000000100078fc       0x17 CMakeFiles/MoodBlink.dir/home/jorgealejandro/.pico/pico-sdk/src/rp2_common/hardware_irq/irq.c.obj
 *fill*         0x0000000010007913        0x1 
 .rodata.__func__.4759
                0x0000000010007914        0xf CMakeFiles/MoodBlink.dir/home/jorgealejandro/.pico/pico-sdk/src/rp2_common/hardware_irq/irq.c.obj
 *fill*         0x0000000010007923        0x1 
 .rodata.__func__.4798
                0x0000000010007924       0x13 CMakeFiles/MoodBlink.dir/home/jorgealejandro/.pico/pico-sdk/src/rp2_common/hardware_irq/irq.c.obj
 *fill*         0x0000000010007937        0x1 
 .rodata.__func__.4821
                0x0000000010007938       0x1a CMakeFiles/MoodBlink.dir/home/jorgealejandro/.pico/pico-sdk/src/rp2_common/hardware_irq/irq.c.obj
 *fill*         0x0000000010007952        0x2 
 .rodata.pll_init.str1.4
                0x0000000010007954       0xe3 CMakeFiles/MoodBlink.dir/home/jorgealejandro/.pico/pico-sdk/src/rp2_common/hardware_pll/pll.c.obj
 *fill*         0x0000000010007a37        0x1 
 .rodata.__func__.4408
                0x0000000010007a38        0x9 CMakeFiles/MoodBlink.dir/home/jorgealejandro/.pico/pico-sdk/src/rp2_common/hardware_pll/pll.c.obj
 *fill*         0x0000000010007a41        0x3 
 .rodata._ftoa.str1.4
                0x0000000010007a44       0x15 CMakeFiles/MoodBlink.dir/home/jorgealejandro/.pico/pico-sdk/src/rp2_common/pico_printf/printf.c.obj
 *fill*         0x0000000010007a59        0x3 
 .rodata._vsnprintf
                0x0000000010007a5c      0x1e0 CMakeFiles/MoodBlink.dir/home/jorgealejandro/.pico/pico-sdk/src/rp2_common/pico_printf/printf.c.obj
 *fill*         0x0000000010007c3c        0x4 
 .rodata.pow10.5422
                0x0000000010007c40       0x50 CMakeFiles/MoodBlink.dir/home/jorgealejandro/.pico/pico-sdk/src/rp2_common/pico_printf/printf.c.obj
 .rodata.__aeabi_double_init.str1.4
                0x0000000010007c90       0xb1 CMakeFiles/MoodBlink.dir/home/jorgealejandro/.pico/pico-sdk/src/rp2_common/pico_double/double_init_rom.c.obj
 *fill*         0x0000000010007d41        0x3 
 .rodata.__func__.4719
                0x0000000010007d44       0x14 CMakeFiles/MoodBlink.dir/home/jorgealejandro/.pico/pico-sdk/src/rp2_common/pico_double/double_init_rom.c.obj
 .rodata.__aeabi_float_init.str1.4
                0x0000000010007d58       0x83 CMakeFiles/MoodBlink.dir/home/jorgealejandro/.pico/pico-sdk/src/rp2_common/pico_float/float_init_rom.c.obj
                                         0x87 (size before relaxing)
 *fill*         0x0000000010007ddb        0x1 
 .rodata.__func__.4720
                0x0000000010007ddc       0x13 CMakeFiles/MoodBlink.dir/home/jorgealejandro/.pico/pico-sdk/src/rp2_common/pico_float/float_init_rom.c.obj
 *fill*         0x0000000010007def        0x1 
 .rodata.str1.4
                0x0000000010007df0       0x40 CMakeFiles/MoodBlink.dir/home/jorgealejandro/.pico/pico-sdk/src/rp2_common/pico_standard_link/binary_info.c.obj
 .rodata.__bi_44
                0x0000000010007e30        0xc CMakeFiles/MoodBlink.dir/home/jorgealejandro/.pico/pico-sdk/src/rp2_common/pico_standard_link/binary_info.c.obj
 .rodata.__bi_75
                0x0000000010007e3c        0xc CMakeFiles/MoodBlink.dir/home/jorgealejandro/.pico/pico-sdk/src/rp2_common/pico_standard_link/binary_info.c.obj
 .rodata.__bi_81
                0x0000000010007e48        0xc CMakeFiles/MoodBlink.dir/home/jorgealejandro/.pico/pico-sdk/src/rp2_common/pico_standard_link/binary_info.c.obj
 .rodata.crlf_str.5901
                0x0000000010007e54        0x2 CMakeFiles/MoodBlink.dir/home/jorgealejandro/.pico/pico-sdk/src/rp2_common/pico_stdio/stdio.c.obj
 *fill*         0x0000000010007e56        0x2 
 .rodata._resetd_driver
                0x0000000010007e58       0x18 CMakeFiles/MoodBlink.dir/home/jorgealejandro/.pico/pico-sdk/src/rp2_common/pico_stdio_usb/reset_interface.c.obj
 .rodata.stdio_usb_init.str1.4
                0x0000000010007e70       0x6a CMakeFiles/MoodBlink.dir/home/jorgealejandro/.pico/pico-sdk/src/rp2_common/pico_stdio_usb/stdio_usb.c.obj
 .rodata.str1.4
                0x0000000010007e70       0x13 CMakeFiles/MoodBlink.dir/home/jorgealejandro/.pico/pico-sdk/src/rp2_common/pico_stdio_usb/stdio_usb.c.obj
 *fill*         0x0000000010007e83        0x1 
 .rodata.__bi_93.7216
                0x0000000010007e84        0xc CMakeFiles/MoodBlink.dir/home/jorgealejandro/.pico/pico-sdk/src/rp2_common/pico_stdio_usb/stdio_usb.c.obj
 .rodata.__func__.5424
                0x0000000010007e90       0x15 CMakeFiles/MoodBlink.dir/home/jorgealejandro/.pico/pico-sdk/src/rp2_common/pico_stdio_usb/stdio_usb.c.obj
 *fill*         0x0000000010007ea5        0x3 
 .rodata.str1.4
                0x0000000010007ea8       0x2a CMakeFiles/MoodBlink.dir/home/jorgealejandro/.pico/pico-sdk/src/rp2_common/pico_stdio_usb/stdio_usb_descriptors.c.obj
 *fill*         0x0000000010007ed2        0x2 
 .rodata.usbd_desc_cfg
                0x0000000010007ed4       0x54 CMakeFiles/MoodBlink.dir/home/jorgealejandro/.pico/pico-sdk/src/rp2_common/pico_stdio_usb/stdio_usb_descriptors.c.obj
 .rodata.usbd_desc_device
                0x0000000010007f28       0x12 CMakeFiles/MoodBlink.dir/home/jorgealejandro/.pico/pico-sdk/src/rp2_common/pico_stdio_usb/stdio_usb_descriptors.c.obj
 *fill*         0x0000000010007f3a        0x2 
 .rodata.usbd_desc_str
                0x0000000010007f3c       0x18 CMakeFiles/MoodBlink.dir/home/jorgealejandro/.pico/pico-sdk/src/rp2_common/pico_stdio_usb/stdio_usb_descriptors.c.obj
 .rodata._hw_endpoint_alloc.str1.4
                0x0000000010007f54       0xc1 CMakeFiles/MoodBlink.dir/home/jorgealejandro/.pico/pico-sdk/lib/tinyusb/src/portable/raspberrypi/rp2040/dcd_rp2040.c.obj
 *fill*         0x0000000010008015        0x3 
 .rodata.dcd_rp2040_irq.str1.4
                0x0000000010008018       0x14 CMakeFiles/MoodBlink.dir/home/jorgealejandro/.pico/pico-sdk/lib/tinyusb/src/portable/raspberrypi/rp2040/dcd_rp2040.c.obj
 .rodata.dcd_int_enable.str1.4
                0x000000001000802c        0xc CMakeFiles/MoodBlink.dir/home/jorgealejandro/.pico/pico-sdk/lib/tinyusb/src/portable/raspberrypi/rp2040/dcd_rp2040.c.obj
 .rodata.__func__.6888
                0x0000000010008038       0x13 CMakeFiles/MoodBlink.dir/home/jorgealejandro/.pico/pico-sdk/lib/tinyusb/src/portable/raspberrypi/rp2040/dcd_rp2040.c.obj
 *fill*         0x000000001000804b        0x1 
 .rodata.__func__.6941
                0x000000001000804c        0x9 CMakeFiles/MoodBlink.dir/home/jorgealejandro/.pico/pico-sdk/lib/tinyusb/src/portable/raspberrypi/rp2040/dcd_rp2040.c.obj
 *fill*         0x0000000010008055        0x3 
 .rodata.__func__.6945
                0x0000000010008058        0xf CMakeFiles/MoodBlink.dir/home/jorgealejandro/.pico/pico-sdk/lib/tinyusb/src/portable/raspberrypi/rp2040/dcd_rp2040.c.obj
 *fill*         0x0000000010008067        0x1 
 .rodata.__func__.6954
                0x0000000010008068       0x10 CMakeFiles/MoodBlink.dir/home/jorgealejandro/.pico/pico-sdk/lib/tinyusb/src/portable/raspberrypi/rp2040/dcd_rp2040.c.obj
 .rodata.__func__.6973
                0x0000000010008078        0xe CMakeFiles/MoodBlink.dir/home/jorgealejandro/.pico/pico-sdk/lib/tinyusb/src/portable/raspberrypi/rp2040/dcd_rp2040.c.obj
 *fill*         0x0000000010008086        0x2 
 .rodata.__func__.6983
                0x0000000010008088        0xe CMakeFiles/MoodBlink.dir/home/jorgealejandro/.pico/pico-sdk/lib/tinyusb/src/portable/raspberrypi/rp2040/dcd_rp2040.c.obj
 *fill*         0x0000000010008096        0x2 
 .rodata.sync_ep_buffer.str1.4
                0x0000000010008098       0x9d CMakeFiles/MoodBlink.dir/home/jorgealejandro/.pico/pico-sdk/lib/tinyusb/src/portable/raspberrypi/rp2040/rp2040_usb.c.obj
 *fill*         0x0000000010008135        0x3 
 .rodata._hw_endpoint_buffer_control_update32.str1.4
                0x0000000010008138       0x1f CMakeFiles/MoodBlink.dir/home/jorgealejandro/.pico/pico-sdk/lib/tinyusb/src/portable/raspberrypi/rp2040/rp2040_usb.c.obj
 *fill*         0x0000000010008157        0x1 
 .rodata.hw_endpoint_xfer_start.str1.4
                0x0000000010008158       0x38 CMakeFiles/MoodBlink.dir/home/jorgealejandro/.pico/pico-sdk/lib/tinyusb/src/portable/raspberrypi/rp2040/rp2040_usb.c.obj
 .rodata.hw_endpoint_xfer_continue.str1.4
                0x0000000010008190       0x29 CMakeFiles/MoodBlink.dir/home/jorgealejandro/.pico/pico-sdk/lib/tinyusb/src/portable/raspberrypi/rp2040/rp2040_usb.c.obj
 *fill*         0x00000000100081b9        0x3 
 .rodata.str1.4
                0x00000000100081bc        0x7 CMakeFiles/MoodBlink.dir/home/jorgealejandro/.pico/pico-sdk/lib/tinyusb/src/portable/raspberrypi/rp2040/rp2040_usb.c.obj
 *fill*         0x00000000100081c3        0x1 
 .rodata.__func__.6655
                0x00000000100081c4        0xf CMakeFiles/MoodBlink.dir/home/jorgealejandro/.pico/pico-sdk/lib/tinyusb/src/portable/raspberrypi/rp2040/rp2040_usb.c.obj
 *fill*         0x00000000100081d3        0x1 
 .rodata.process_set_config.str1.4
                0x00000000100081d4       0x17 CMakeFiles/MoodBlink.dir/home/jorgealejandro/.pico/pico-sdk/lib/tinyusb/src/device/usbd.c.obj
 *fill*         0x00000000100081eb        0x1 
 .rodata.process_get_descriptor
                0x00000000100081ec       0x40 CMakeFiles/MoodBlink.dir/home/jorgealejandro/.pico/pico-sdk/lib/tinyusb/src/device/usbd.c.obj
 .rodata.process_control_request
                0x000000001000822c       0x28 CMakeFiles/MoodBlink.dir/home/jorgealejandro/.pico/pico-sdk/lib/tinyusb/src/device/usbd.c.obj
 .rodata.tud_task
                0x0000000010008254       0x24 CMakeFiles/MoodBlink.dir/home/jorgealejandro/.pico/pico-sdk/lib/tinyusb/src/device/usbd.c.obj
 .rodata.__func__.6564
                0x0000000010008278       0x10 CMakeFiles/MoodBlink.dir/home/jorgealejandro/.pico/pico-sdk/lib/tinyusb/src/device/usbd.c.obj
 .rodata.__func__.7362
                0x0000000010008288        0x9 CMakeFiles/MoodBlink.dir/home/jorgealejandro/.pico/pico-sdk/lib/tinyusb/src/device/usbd.c.obj
 *fill*         0x0000000010008291        0x3 
 .rodata.__func__.7383
                0x0000000010008294       0x18 CMakeFiles/MoodBlink.dir/home/jorgealejandro/.pico/pico-sdk/lib/tinyusb/src/device/usbd.c.obj
 .rodata.__func__.7426
                0x00000000100082ac       0x13 CMakeFiles/MoodBlink.dir/home/jorgealejandro/.pico/pico-sdk/lib/tinyusb/src/device/usbd.c.obj
 *fill*         0x00000000100082bf        0x1 
 .rodata.__func__.7461
                0x00000000100082c0       0x17 CMakeFiles/MoodBlink.dir/home/jorgealejandro/.pico/pico-sdk/lib/tinyusb/src/device/usbd.c.obj
 *fill*         0x00000000100082d7        0x1 
 .rodata.__func__.7515
                0x00000000100082d8       0x14 CMakeFiles/MoodBlink.dir/home/jorgealejandro/.pico/pico-sdk/lib/tinyusb/src/device/usbd.c.obj
 .rodata.__func__.7529
                0x00000000100082ec        0xf CMakeFiles/MoodBlink.dir/home/jorgealejandro/.pico/pico-sdk/lib/tinyusb/src/device/usbd.c.obj
 *fill*         0x00000000100082fb        0x1 
 .rodata.__func__.7552
                0x00000000100082fc        0xf CMakeFiles/MoodBlink.dir/home/jorgealejandro/.pico/pico-sdk/lib/tinyusb/src/device/usbd.c.obj
 *fill*         0x000000001000830b        0x1 
 .rodata._usbd_driver
                0x000000001000830c       0x18 CMakeFiles/MoodBlink.dir/home/jorgealejandro/.pico/pico-sdk/lib/tinyusb/src/device/usbd.c.obj
 .rodata.tud_control_xfer.str1.4
                0x0000000010008324       0x17 CMakeFiles/MoodBlink.dir/home/jorgealejandro/.pico/pico-sdk/lib/tinyusb/src/device/usbd_control.c.obj
 .rodata.__func__.7277
                0x0000000010008324       0x11 CMakeFiles/MoodBlink.dir/home/jorgealejandro/.pico/pico-sdk/lib/tinyusb/src/device/usbd_control.c.obj
 *fill*         0x0000000010008335        0x3 
 .rodata.__func__.7304
                0x0000000010008338       0x15 CMakeFiles/MoodBlink.dir/home/jorgealejandro/.pico/pico-sdk/lib/tinyusb/src/device/usbd_control.c.obj
 .rodata.tud_cdc_n_write_flush.str1.4
                0x000000001000834d       0x17 CMakeFiles/MoodBlink.dir/home/jorgealejandro/.pico/pico-sdk/lib/tinyusb/src/class/cdc/cdc_device.c.obj
 *fill*         0x000000001000834d        0x3 
 .rodata.__func__.7213
                0x0000000010008350       0x16 CMakeFiles/MoodBlink.dir/home/jorgealejandro/.pico/pico-sdk/lib/tinyusb/src/class/cdc/cdc_device.c.obj
 *fill*         0x0000000010008366        0x2 
 .rodata.__func__.7246
                0x0000000010008368        0xa CMakeFiles/MoodBlink.dir/home/jorgealejandro/.pico/pico-sdk/lib/tinyusb/src/class/cdc/cdc_device.c.obj
 *fill*         0x0000000010008372        0x2 
 .rodata.__func__.7281
                0x0000000010008374        0xd CMakeFiles/MoodBlink.dir/home/jorgealejandro/.pico/pico-sdk/lib/tinyusb/src/class/cdc/cdc_device.c.obj
 .rodata.tusb_init.str1.4
                0x0000000010008381       0x17 CMakeFiles/MoodBlink.dir/home/jorgealejandro/.pico/pico-sdk/lib/tinyusb/src/tusb.c.obj
 *fill*         0x0000000010008381        0x3 
 .rodata.__func__.7150
                0x0000000010008384        0xa CMakeFiles/MoodBlink.dir/home/jorgealejandro/.pico/pico-sdk/lib/tinyusb/src/tusb.c.obj
 *fill*         0x000000001000838e        0x2 
 .rodata.__func__.7162
                0x0000000010008390       0x11 CMakeFiles/MoodBlink.dir/home/jorgealejandro/.pico/pico-sdk/lib/tinyusb/src/tusb.c.obj
 *fill*         0x00000000100083a1        0x3 
 .rodata.pico_get_unique_board_id_string.str1.4
                0x00000000100083a4       0x56 CMakeFiles/MoodBlink.dir/home/jorgealejandro/.pico/pico-sdk/src/rp2_common/pico_unique_id/unique_id.c.obj
 *fill*         0x00000000100083fa        0x2 
 .rodata.__func__.4287
                0x00000000100083fc       0x20 CMakeFiles/MoodBlink.dir/home/jorgealejandro/.pico/pico-sdk/src/rp2_common/pico_unique_id/unique_id.c.obj
 .rodata.str1.4
                0x000000001000841c      0x162 CMakeFiles/MoodBlink.dir/home/jorgealejandro/.pico/pico-sdk/src/rp2_common/hardware_flash/flash.c.obj
 *fill*         0x000000001000857e        0x2 
 .rodata.__func__.4461
                0x0000000010008580        0xd CMakeFiles/MoodBlink.dir/home/jorgealejandro/.pico/pico-sdk/src/rp2_common/hardware_flash/flash.c.obj
                0x0000000010008590                . = ALIGN (0x4)
 *fill*         0x000000001000858d        0x3 
 *(SORT_BY_ALIGNMENT(SORT_BY_NAME(.flashdata*)))
                0x0000000010008590                . = ALIGN (0x4)

.rel.dyn        0x0000000010008590        0x0
 .rel.iplt      0x0000000010008590        0x0 /usr/lib/gcc/arm-none-eabi/9.2.1/thumb/v6-m/nofp/crtbegin.o

.ARM.extab
 *(.ARM.extab* .gnu.linkonce.armextab.*)
                0x0000000010008590                __exidx_start = .

.ARM.exidx
 *(.ARM.exidx* .gnu.linkonce.armexidx.*)
                0x0000000010008590                __exidx_end = .
                0x0000000010008590                . = ALIGN (0x4)
                0x0000000010008590                __binary_info_start = .

.binary_info    0x0000000010008590       0x20
 *(.binary_info.keep.*)
 .binary_info.keep.__bi_ptr22
                0x0000000010008590        0x4 CMakeFiles/MoodBlink.dir/home/jorgealejandro/.pico/pico-sdk/src/rp2_common/pico_standard_link/binary_info.c.obj
 .binary_info.keep.__bi_ptr30
                0x0000000010008594        0x4 CMakeFiles/MoodBlink.dir/home/jorgealejandro/.pico/pico-sdk/src/rp2_common/pico_standard_link/binary_info.c.obj
 .binary_info.keep.__bi_ptr38
                0x0000000010008598        0x4 CMakeFiles/MoodBlink.dir/home/jorgealejandro/.pico/pico-sdk/src/rp2_common/pico_standard_link/binary_info.c.obj
 .binary_info.keep.__bi_ptr44
                0x000000001000859c        0x4 CMakeFiles/MoodBlink.dir/home/jorgealejandro/.pico/pico-sdk/src/rp2_common/pico_standard_link/binary_info.c.obj
 .binary_info.keep.__bi_ptr50
                0x00000000100085a0        0x4 CMakeFiles/MoodBlink.dir/home/jorgealejandro/.pico/pico-sdk/src/rp2_common/pico_standard_link/binary_info.c.obj
 .binary_info.keep.__bi_ptr75
                0x00000000100085a4        0x4 CMakeFiles/MoodBlink.dir/home/jorgealejandro/.pico/pico-sdk/src/rp2_common/pico_standard_link/binary_info.c.obj
 .binary_info.keep.__bi_ptr81
                0x00000000100085a8        0x4 CMakeFiles/MoodBlink.dir/home/jorgealejandro/.pico/pico-sdk/src/rp2_common/pico_standard_link/binary_info.c.obj
 *(.binary_info.*)
 .binary_info.__bi_ptr93
                0x00000000100085ac        0x4 CMakeFiles/MoodBlink.dir/home/jorgealejandro/.pico/pico-sdk/src/rp2_common/pico_stdio_usb/stdio_usb.c.obj
                0x00000000100085b0                __binary_info_end = .
                0x00000000100085b0                . = ALIGN (0x4)
                0x00000000100085b0                __etext = .

.ram_vector_table
                0x0000000020000000       0xc0
 *(.ram_vector_table)
 .ram_vector_table
                0x0000000020000000       0xc0 CMakeFiles/MoodBlink.dir/home/jorgealejandro/.pico/pico-sdk/src/rp2_common/pico_runtime/runtime.c.obj
                0x0000000020000000                ram_vector_table

.data           0x00000000200000c0      0x460 load address 0x00000000100085b0
                0x00000000200000c0                __data_start__ = .
 *(vtable)
 *(.time_critical*)
 .time_critical.mutex_enter_blocking
                0x00000000200000c0       0x48 CMakeFiles/MoodBlink.dir/home/jorgealejandro/.pico/pico-sdk/src/common/pico_sync/mutex.c.obj
                0x00000000200000c0                mutex_enter_blocking
 .time_critical.mutex_try_enter
                0x0000000020000108       0x48 CMakeFiles/MoodBlink.dir/home/jorgealejandro/.pico/pico-sdk/src/common/pico_sync/mutex.c.obj
                0x0000000020000108                mutex_try_enter
 .time_critical.mutex_enter_block_until
                0x0000000020000150       0x88 CMakeFiles/MoodBlink.dir/home/jorgealejandro/.pico/pico-sdk/src/common/pico_sync/mutex.c.obj
                0x0000000020000150                mutex_enter_block_until
 .time_critical.mutex_enter_timeout_ms
                0x00000000200001d8       0x78 CMakeFiles/MoodBlink.dir/home/jorgealejandro/.pico/pico-sdk/src/common/pico_sync/mutex.c.obj
                0x00000000200001d8                mutex_enter_timeout_ms
 .time_critical.mutex_exit
                0x0000000020000250       0x4c CMakeFiles/MoodBlink.dir/home/jorgealejandro/.pico/pico-sdk/src/common/pico_sync/mutex.c.obj
                0x0000000020000250                mutex_exit
 .time_critical.flash_init_boot2_copyout
                0x000000002000029c       0x30 CMakeFiles/MoodBlink.dir/home/jorgealejandro/.pico/pico-sdk/src/rp2_common/hardware_flash/flash.c.obj
 .time_critical.flash_enable_xip_via_boot2
                0x00000000200002cc       0x10 CMakeFiles/MoodBlink.dir/home/jorgealejandro/.pico/pico-sdk/src/rp2_common/hardware_flash/flash.c.obj
 .time_critical.flash_cs_force
                0x00000000200002dc       0x28 CMakeFiles/MoodBlink.dir/home/jorgealejandro/.pico/pico-sdk/src/rp2_common/hardware_flash/flash.c.obj
 .time_critical.flash_do_cmd
                0x0000000020000304       0xd8 CMakeFiles/MoodBlink.dir/home/jorgealejandro/.pico/pico-sdk/src/rp2_common/hardware_flash/flash.c.obj
                0x0000000020000304                flash_do_cmd
 *(.text*)
 .text          0x00000000200003dc        0x4 /usr/lib/gcc/arm-none-eabi/9.2.1/thumb/v6-m/nofp/libgcc.a(_dvmd_tls.o)
                0x00000000200003dc                __aeabi_ldiv0
                0x00000000200003dc                __aeabi_idiv0
 .text.__stub   0x00000000200003e0       0x40 linker stubs
                0x0000000020000420                . = ALIGN (0x4)
 *(.rodata*)
                0x0000000020000420                . = ALIGN (0x4)
 *(.data*)
 .data.striped_spin_lock_num
                0x0000000020000420        0x1 CMakeFiles/MoodBlink.dir/home/jorgealejandro/.pico/pico-sdk/src/rp2_common/hardware_sync/sync.c.obj
 *fill*         0x0000000020000421        0x3 
 .data.default_alarm_pool
                0x0000000020000424       0x18 CMakeFiles/MoodBlink.dir/home/jorgealejandro/.pico/pico-sdk/src/common/pico_time/time.c.obj
 .data.default_alarm_pool_heap
                0x000000002000043c       0x10 CMakeFiles/MoodBlink.dir/home/jorgealejandro/.pico/pico-sdk/src/common/pico_time/time.c.obj
 .data          0x000000002000044c       0x48 CMakeFiles/MoodBlink.dir/home/jorgealejandro/.pico/pico-sdk/src/rp2_common/hardware_irq/irq_handler_chain.S.obj
                0x000000002000044c                irq_handler_chain_slots
                0x000000002000047c                irq_handler_chain_first_slot
                0x0000000020000486                irq_handler_chain_remove_tail
 *fill*         0x0000000020000494        0xc 
 .data.aeabi_bits_funcs
                0x00000000200004a0       0x10 CMakeFiles/MoodBlink.dir/home/jorgealejandro/.pico/pico-sdk/src/rp2_common/pico_bit_ops/bit_ops_aeabi.S.obj
                0x00000000200004a0                aeabi_bits_funcs
                0x00000000200004b0                aeabi_bits_funcs_end
 .data.aeabi_mem_funcs
                0x00000000200004b0       0x10 CMakeFiles/MoodBlink.dir/home/jorgealejandro/.pico/pico-sdk/src/rp2_common/pico_mem_ops/mem_ops_aeabi.S.obj
                0x00000000200004b0                aeabi_mem_funcs
                0x00000000200004c0                aeabi_mem_funcs_end
 .data.stdio_usb
                0x00000000200004c0       0x14 CMakeFiles/MoodBlink.dir/home/jorgealejandro/.pico/pico-sdk/src/rp2_common/pico_stdio_usb/stdio_usb.c.obj
                0x00000000200004c0                stdio_usb
 .data.ep_dir_string
                0x00000000200004d4        0x8 CMakeFiles/MoodBlink.dir/home/jorgealejandro/.pico/pico-sdk/lib/tinyusb/src/portable/raspberrypi/rp2040/rp2040_usb.c.obj
                0x00000000200004d4                ep_dir_string
 .data._usbd_qdef